D/PowerManagerService(  799): isWfdEnabled() mWfdStatus=WifiDisplayStatus{featureState=0, scanState=0, activeDisplayState=0, activeDisplay=null, displays=[], sessionInfo=WifiDisplaySessionInfo: C/O:Client,GId:,Pp:,SId:0,IP:}, return false
D/DisplayPowerController(  799): requestPowerState: policy=BRIGHT, useProximitySensor=false, screenBrightness=102, screenAutoBrightnessAdjustment=0.0, useAutoBrightness=true, blockScreenOn=false, lowPowerMode=false, boostScreenBrightness=false, dozeScreenBrightness=-1, dozeScreenState=UNKNOWN, waitForNegativeProximity=false
I/PowerManagerService(  799): setBrightness mButtonLight 0.
D/PowerManagerService(  799): updateDisplayPowerStateLocked: mDisplayReady=true, policy=3, mWakefulness=1, mWakeLockSummary=0x1, mUserActivitySummary=0x1, mBootCompleted=true, mScreenBrightnessBoostInProgress=false
D/PowerManagerNotifier(  799): onWakeLockAcquired: flags=1, tag="RILJ", packageName=com.android.phone, ownerUid=1001, ownerPid=1432, workSource=null
D/PowerManagerService(  799): releaseWakeLockInternal: lock=299986271 [RILJ], flags=0x0, total_time=15ms
D/PowerManagerNotifier(  799): onWakeLockReleased: flags=1, tag="RILJ", packageName=com.android.phone, ownerUid=1001, ownerPid=1432, workSource=null
D/PowerManagerService(  799): updateWakeLockSummaryLocked: mWakefulness=Awake, mWakeLockSummary=0x1
D/PowerManagerService(  799): updateUserActivitySummaryLocked: mWakefulness=Awake, mUserActivitySummary=0x1, nextTimeout=911154 (in 11878 ms)
D/PowerManagerService(  799): mDisplayPowerRequest.policy = 3
D/PowerManagerService(  799): isWfdEnabled() mWfdStatus=WifiDisplayStatus{featureState=0, scanState=0, activeDisplayState=0, activeDisplay=null, displays=[], sessionInfo=WifiDisplaySessionInfo: C/O:Client,GId:,Pp:,SId:0,IP:}, return false
D/DisplayPowerController(  799): requestPowerState: policy=BRIGHT, useProximitySensor=false, screenBrightness=102, screenAutoBrightnessAdjustment=0.0, useAutoBrightness=true, blockScreenOn=false, lowPowerMode=false, boostScreenBrightness=false, dozeScreenBrightness=-1, dozeScreenState=UNKNOWN, waitForNegativeProximity=false
I/PowerManagerService(  799): setBrightness mButtonLight 0.
D/PowerManagerService(  799): updateDisplayPowerStateLocked: mDisplayReady=true, policy=3, mWakefulness=1, mWakeLockSummary=0x1, mUserActivitySummary=0x1, mBootCompleted=true, mScreenBrightnessBoostInProgress=false
V/SettingsInterface( 1432):  from settings cache , name = location_providers_allowed , value = gps,network
V/SettingsInterface( 1432):  from settings cache , name = location_providers_allowed , value = gps,network
D/PowerManagerService(  799): acquireWakeLockInternal: lock=492741629, flags=0x1, tag="RILJ", ws=null, uid=1001, pid=1432
D/PowerManagerService(  799): updateWakeLockSummaryLocked: mWakefulness=Awake, mWakeLockSummary=0x1
D/PowerManagerService(  799): updateUserActivitySummaryLocked: mWakefulness=Awake, mUserActivitySummary=0x1, nextTimeout=911154 (in 11873 ms)
D/PowerManagerService(  799): mDisplayPowerRequest.policy = 3
D/PowerManagerService(  799): isWfdEnabled() mWfdStatus=WifiDisplayStatus{featureState=0, scanState=0, activeDisplayState=0, activeDisplay=null, displays=[], sessionInfo=WifiDisplaySessionInfo: C/O:Client,GId:,Pp:,SId:0,IP:}, return false
D/DisplayPowerController(  799): requestPowerState: policy=BRIGHT, useProximitySensor=false, screenBrightness=102, screenAutoBrightnessAdjustment=0.0, useAutoBrightness=true, blockScreenOn=false, lowPowerMode=false, boostScreenBrightness=false, dozeScreenBrightness=-1, dozeScreenState=UNKNOWN, waitForNegativeProximity=false
I/PowerManagerService(  799): setBrightness mButtonLight 0.
D/PowerManagerService(  799): updateDisplayPowerStateLocked: mDisplayReady=true, policy=3, mWakefulness=1, mWakeLockSummary=0x1, mUserActivitySummary=0x1, mBootCompleted=true, mScreenBrightnessBoostInProgress=false
D/PowerManagerNotifier(  799): onWakeLockAcquired: flags=1, tag="RILJ", packageName=com.android.phone, ownerUid=1001, ownerPid=1432, workSource=null
D/PowerManagerService(  799): releaseWakeLockInternal: lock=492741629 [RILJ], flags=0x0, total_time=4ms
D/PowerManagerNotifier(  799): onWakeLockReleased: flags=1, tag="RILJ", packageName=com.android.phone, ownerUid=1001, ownerPid=1432, workSource=null
D/PowerManagerService(  799): updateWakeLockSummaryLocked: mWakefulness=Awake, mWakeLockSummary=0x1
D/PowerManagerService(  799): updateUserActivitySummaryLocked: mWakefulness=Awake, mUserActivitySummary=0x1, nextTimeout=911154 (in 11868 ms)
D/PowerManagerService(  799): mDisplayPowerRequest.policy = 3
D/PowerManagerService(  799): isWfdEnabled() mWfdStatus=WifiDisplayStatus{featureState=0, scanState=0, activeDisplayState=0, activeDisplay=null, displays=[], sessionInfo=WifiDisplaySessionInfo: C/O:Client,GId:,Pp:,SId:0,IP:}, return false
D/DisplayPowerController(  799): requestPowerState: policy=BRIGHT, useProximitySensor=false, screenBrightness=102, screenAutoBrightnessAdjustment=0.0, useAutoBrightness=true, blockScreenOn=false, lowPowerMode=false, boostScreenBrightness=false, dozeScreenBrightness=-1, dozeScreenState=UNKNOWN, waitForNegativeProximity=false
I/PowerManagerService(  799): setBrightness mButtonLight 0.
D/PowerManagerService(  799): updateDisplayPowerStateLocked: mDisplayReady=true, policy=3, mWakefulness=1, mWakeLockSummary=0x1, mUserActivitySummary=0x1, mBootCompleted=true, mScreenBrightnessBoostInProgress=false
V/SettingsInterface( 1432):  from settings cache , name = location_providers_allowed , value = gps,network
V/SettingsInterface( 1432):  from settings cache , name = location_providers_allowed , value = gps,network
W/System.err( 1432): java.lang.NullPointerException: Attempt to invoke interface method 'java.lang.Object[] java.util.Collection.toArray()' on a null object reference
W/System.err( 1432): 	at java.util.ArrayList.addAll(ArrayList.java:188)
W/System.err( 1432): 	at com.android.phone.PhoneInterfaceManager.getAllCellInfo(PhoneInterfaceManager.java:1599)
W/System.err( 1432): 	at com.android.internal.telephony.ITelephony$Stub.onTransact(ITelephony.java:714)
W/System.err( 1432): 	at android.os.Binder.execTransact(Binder.java:451)
D/GsmCellLocation( 1432): fillInNotifierBundle:Bundle[{cid=3863, lac=9771, psc=-1, type=1}]
D/PhoneInterfaceManager( 1432): [PhoneIntfMgr] phone.getGsmCellLocation:Bundle[{cid=3863, lac=9771, psc=-1, type=1}]
E/CellLocation( 1533): create GsmCellLocation
V/SettingsInterface( 1432):  from settings cache , name = multi_sim_voice_call , value = null
V/SettingsInterface( 1432):  from settings cache , name = multi_sim_voice_call , value = null
D/AlarmManager(  799): remove(operation) changed bounds; rebatching
D/AlarmManager(  799): rebatchAllAlarmsLocked begin oldBatches count = 17
D/AlarmManager(  799): rebatchAllAlarmsLocked  batch.size() = 1
D/AlarmManager(  799): rebatchAllAlarmsLocked  batch.size() = 1
V/AlarmManager(  799): isAlarmNeedAlign : charging
D/AlarmManager(  799): set alarm to RTC 1075346
D/AlarmManager(  799): rebatchAllAlarmsLocked  batch.size() = 1
D/AlarmManager(  799): rebatchAllAlarmsLocked  batch.size() = 3
V/AlarmManager(  799): isAlarmNeedAlign : charging
V/AlarmManager(  799): isAlarmNeedAlign : charging
V/AlarmManager(  799): isAlarmNeedAlign : charging
D/AlarmManager(  799): rebatchAllAlarmsLocked  batch.size() = 3
V/AlarmManager(  799): isAlarmNeedAlign : charging
V/AlarmManager(  799): isAlarmNeedAlign : charging
D/AlarmManager(  799): rebatchAllAlarmsLocked  batch.size() = 1
V/AlarmManager(  799): isAlarmNeedAlign : charging
D/AlarmManager(  799): rebatchAllAlarmsLocked  batch.size() = 3
V/AlarmManager(  799): isAlarmNeedAlign : charging
V/AlarmManager(  799): isAlarmNeedAlign : charging
V/AlarmManager(  799): isAlarmNeedAlign : charging
D/AlarmManager(  799): rebatchAllAlarmsLocked  batch.size() = 1
D/AlarmManager(  799): rebatchAllAlarmsLocked  batch.size() = 1
D/AlarmManager(  799): rebatchAllAlarmsLocked  batch.size() = 1
D/AlarmManager(  799): rebatchAllAlarmsLocked  batch.size() = 4
V/AlarmManager(  799): isAlarmNeedAlign : charging
V/AlarmManager(  799): isAlarmNeedAlign : charging
V/AlarmManager(  799): isAlarmNeedAlign : charging
D/AlarmManager(  799): rebatchAllAlarmsLocked  batch.size() = 1
D/AlarmManager(  799): rebatchAllAlarmsLocked  batch.size() = 6
V/AlarmManager(  799): isAlarmNeedAlign : charging
V/AlarmManager(  799): isAlarmNeedAlign : charging
V/AlarmManager(  799): isAlarmNeedAlign : charging
V/AlarmManager(  799): isAlarmNeedAlign : charging
V/AlarmManager(  799): isAlarmNeedAlign : charging
D/AlarmManager(  799): rebatchAllAlarmsLocked  batch.size() = 1
V/AlarmManager(  799): isAlarmNeedAlign : charging
D/AlarmManager(  799): rebatchAllAlarmsLocked  batch.size() = 1
D/AlarmManager(  799): rebatchAllAlarmsLocked  batch.size() = 5
V/AlarmManager(  799): isAlarmNeedAlign : charging
V/AlarmManager(  799): isAlarmNeedAlign : charging
V/AlarmManager(  799): isAlarmNeedAlign : charging
V/AlarmManager(  799): isAlarmNeedAlign : charging
V/AlarmManager(  799): isAlarmNeedAlign : charging
D/AlarmManager(  799): rebatchAllAlarmsLocked  batch.size() = 1
V/AlarmManager(  799): isAlarmNeedAlign : charging
D/AlarmManager(  799): rebatchAllAlarmsLocked end
D/AlarmManager(  799): set alarm to RTC 919204
D/WifiService(  799): releaseWifiLock, pid:1533, uid:10009
D/WifiService(  799): releaseWifiLockLocked: WifiLock{NlpWifiLock type=2 binder=android.os.BinderProxy@2d3a0d33}
D/WifiController(  799): ApStaDisabledState{ when=-1ms what=155654 target=com.android.internal.util.StateMachine$SmHandler }
D/WifiController(  799): DefaultState{ when=-1ms what=155654 target=com.android.internal.util.StateMachine$SmHandler }
D/PowerManagerService(  799): releaseWakeLockInternal: lock=743782532 [NlpWakeLock], flags=0x0, total_time=105ms
D/PowerManagerNotifier(  799): onWakeLockReleased: flags=1, tag="NlpWakeLock", packageName=com.google.android.gms, ownerUid=10009, ownerPid=1533, workSource=WorkSource{10058 com.mediatek.nlpservice}
D/PowerManagerService(  799): updateWakeLockSummaryLocked: mWakefulness=Awake, mWakeLockSummary=0x0
D/PowerManagerService(  799): updateUserActivitySummaryLocked: mWakefulness=Awake, mUserActivitySummary=0x1, nextTimeout=911154 (in 11847 ms)
D/PowerManagerService(  799): mDisplayPowerRequest.policy = 3
D/PowerManagerService(  799): isWfdEnabled() mWfdStatus=WifiDisplayStatus{featureState=0, scanState=0, activeDisplayState=0, activeDisplay=null, displays=[], sessionInfo=WifiDisplaySessionInfo: C/O:Client,GId:,Pp:,SId:0,IP:}, return false
D/DisplayPowerController(  799): requestPowerState: policy=BRIGHT, useProximitySensor=false, screenBrightness=102, screenAutoBrightnessAdjustment=0.0, useAutoBrightness=true, blockScreenOn=false, lowPowerMode=false, boostScreenBrightness=false, dozeScreenBrightness=-1, dozeScreenState=UNKNOWN, waitForNegativeProximity=false
I/PowerManagerService(  799): setBrightness mButtonLight 0.
D/PowerManagerService(  799): updateDisplayPowerStateLocked: mDisplayReady=true, policy=3, mWakefulness=1, mWakeLockSummary=0x0, mUserActivitySummary=0x1, mBootCompleted=true, mScreenBrightnessBoostInProgress=false
D/PowerManagerService(  799): Releasing suspend blocker "PowerManagerService.WakeLocks".
I/sn      (  377): Retry 88
I/sn      (  377): Fail to access err=No such file or directory
I/sn      (  377): Fail to access err=No such file or directory
I/sn      (  377): Fail to access err=Permission denied
I/sn      (  377): Check all possible paths
D/gps_mtk (  799): gps_state_thread: line = 3856received 264 bytes:
D/gps_mtk (  799): nmea_reader_update_time: line = 1585fix_time: 1262304942
D/gps_mtk (  799): nmea_reader_parse: line = 2294r->sv_status.num_svs = 0, gps_nmea_end_tag = 0
D/gps_mtk (  799): nmea_reader_addc: line = 2328start nmea_cb
D/gps_mtk (  799): nmea_reader_parse: line = 2294r->sv_status.num_svs = 0, gps_nmea_end_tag = 0
D/gps_mtk (  799): nmea_reader_addc: line = 2328start nmea_cb
D/gps_mtk (  799): nmea_reader_parse: line = 2207r->sv_count = 0
D/gps_mtk (  799): nmea_reader_parse: line = 2294r->sv_status.num_svs = 0, gps_nmea_end_tag = 0
D/gps_mtk (  799): nmea_reader_addc: line = 2328start nmea_cb
D/gps_mtk (  799): nmea_reader_parse: line = 2294r->sv_status.num_svs = 0, gps_nmea_end_tag = 0
D/gps_mtk (  799): nmea_reader_addc: line = 2328start nmea_cb
D/gps_mtk (  799): nmea_reader_parse: line = 2294r->sv_status.num_svs = 0, gps_nmea_end_tag = 0
D/gps_mtk (  799): nmea_reader_addc: line = 2328start nmea_cb
D/gps_mtk (  799): nmea_reader_parse: line = 2231GPS get accuracy failed, fix mode:1
D/gps_mtk (  799): nmea_reader_parse: line = 2294r->sv_status.num_svs = 0, gps_nmea_end_tag = 1
D/gps_mtk (  799): nmea_reader_addc: line = 2328start nmea_cb
D/mnl_linux(  362): mtk_gps_sys_nmea_output_to_app: $GPGGA,001542.009,8960.0000,N,00000.0000,E,0,0,,137.0,M,13.0,M,,*48
D/mnl_linux(  362): $GPGSA,A,1,,,,,,,,,,,,,99.99,99.99,99.99*30
D/mnl_linux(  362): $GPGSV,1,1,0*49
D/mnl_linux(  362): $GPRMC,001542.009,V,8960.0000,N,00000.0000,E,0.000,0.00,010110,,,N*4B
D/mnl_linux(  362): $GPVTG,0.00,T,,M,0.000,N,0.000,K,N*32
D/mnl_linux(  362): $GPACCURACY,3162.1*3F
D/MNLD    (  362): send_cmd_ex: slf_send_cmd (13, 0x30)
D/MNLD    (  362): process: epoll_wait() received 1 events
D/MNLD    (  362): sigrcv_handler: args from mnld: 48
D/MNLD    (  362): mnl_set_alarm: (0, 0xF68370B8, 5)
D/MNLD    (  362): process: sigrc_handler: ret = 0
D/MNLD    (  362): mtk_gps_sys_gps_mnl_callback: MTK_GPS_MSG_FIX_READY,GET_RTC_FAIL
D/MNLD    (  362): mtk_gps_sys_gps_mnl_callback: gps_measurement_state = 255 ,state = 2
D/gps_mtk (  799): gps_state_thread: line = 3856received 264 bytes:
D/gps_mtk (  799): nmea_reader_update_time: line = 1585fix_time: 1262304943
D/gps_mtk (  799): nmea_reader_parse: line = 2294r->sv_status.num_svs = 0, gps_nmea_end_tag = 0
D/gps_mtk (  799): nmea_reader_addc: line = 2328start nmea_cb
D/gps_mtk (  799): nmea_reader_parse: line = 2294r->sv_status.num_svs = 0, gps_nmea_end_tag = 0
D/gps_mtk (  799): nmea_reader_addc: line = 2328start nmea_cb
D/gps_mtk (  799): nmea_reader_parse: line = 2207r->sv_count = 0
D/gps_mtk (  799): nmea_reader_parse: line = 2294r->sv_status.num_svs = 0, gps_nmea_end_tag = 0
D/gps_mtk (  799): nmea_reader_addc: line = 2328start nmea_cb
D/gps_mtk (  799): nmea_reader_parse: line = 2294r->sv_status.num_svs = 0, gps_nmea_end_tag = 0
D/gps_mtk (  799): nmea_reader_addc: line = 2328start nmea_cb
D/gps_mtk (  799): nmea_reader_parse: line = 2294r->sv_status.num_svs = 0, gps_nmea_end_tag = 0
D/gps_mtk (  799): nmea_reader_addc: line = 2328start nmea_cb
D/gps_mtk (  799): nmea_reader_parse: line = 2231GPS get accuracy failed, fix mode:1
D/gps_mtk (  799): nmea_reader_parse: line = 2294r->sv_status.num_svs = 0, gps_nmea_end_tag = 1
D/gps_mtk (  799): nmea_reader_addc: line = 2328start nmea_cb
D/mnl_linux(  362): mtk_gps_sys_nmea_output_to_app: $GPGGA,001543.009,8960.0000,N,00000.0000,E,0,0,,137.0,M,13.0,M,,*49
D/mnl_linux(  362): $GPGSA,A,1,,,,,,,,,,,,,99.99,99.99,99.99*30
D/mnl_linux(  362): $GPGSV,1,1,0*49
D/mnl_linux(  362): $GPRMC,001543.009,V,8960.0000,N,00000.0000,E,0.000,0.00,010110,,,N*4A
D/mnl_linux(  362): $GPVTG,0.00,T,,M,0.000,N,0.000,K,N*32
D/mnl_linux(  362): $GPACCURACY,3162.1*3F
D/MNLD    (  362): send_cmd_ex: slf_send_cmd (13, 0x30)
D/MNLD    (  362): process: epoll_wait() received 1 events
D/MNLD    (  362): sigrcv_handler: args from mnld: 48
D/MNLD    (  362): mnl_set_alarm: (0, 0xF68370B8, 5)
D/MNLD    (  362): process: sigrc_handler: ret = 0
D/MNLD    (  362): mtk_gps_sys_gps_mnl_callback: MTK_GPS_MSG_FIX_READY,GET_RTC_FAIL
D/MNLD    (  362): mtk_gps_sys_gps_mnl_callback: gps_measurement_state = 255 ,state = 2
D/gps_mtk (  799): gps_state_thread: line = 3856received 264 bytes:
D/gps_mtk (  799): nmea_reader_update_time: line = 1585fix_time: 1262304944
D/gps_mtk (  799): nmea_reader_parse: line = 2294r->sv_status.num_svs = 0, gps_nmea_end_tag = 0
D/gps_mtk (  799): nmea_reader_addc: line = 2328start nmea_cb
D/gps_mtk (  799): nmea_reader_parse: line = 2294r->sv_status.num_svs = 0, gps_nmea_end_tag = 0
D/gps_mtk (  799): nmea_reader_addc: line = 2328start nmea_cb
D/gps_mtk (  799): nmea_reader_parse: line = 2207r->sv_count = 0
D/gps_mtk (  799): nmea_reader_parse: line = 2294r->sv_status.num_svs = 0, gps_nmea_end_tag = 0
D/gps_mtk (  799): nmea_reader_addc: line = 2328start nmea_cb
D/gps_mtk (  799): nmea_reader_parse: line = 2294r->sv_status.num_svs = 0, gps_nmea_end_tag = 0
D/gps_mtk (  799): nmea_reader_addc: line = 2328start nmea_cb
D/gps_mtk (  799): nmea_reader_parse: line = 2294r->sv_status.num_svs = 0, gps_nmea_end_tag = 0
D/gps_mtk (  799): nmea_reader_addc: line = 2328start nmea_cb
D/gps_mtk (  799): nmea_reader_parse: line = 2231GPS get accuracy failed, fix mode:1
D/gps_mtk (  799): nmea_reader_parse: line = 2294r->sv_status.num_svs = 0, gps_nmea_end_tag = 1
D/gps_mtk (  799): nmea_reader_addc: line = 2328start nmea_cb
D/mnl_linux(  362): mtk_gps_sys_nmea_output_to_app: $GPGGA,001544.009,8960.0000,N,00000.0000,E,0,0,,137.0,M,13.0,M,,*4E
D/mnl_linux(  362): $GPGSA,A,1,,,,,,,,,,,,,99.99,99.99,99.99*30
D/mnl_linux(  362): $GPGSV,1,1,0*49
D/mnl_linux(  362): $GPRMC,001544.009,V,8960.0000,N,00000.0000,E,0.000,0.00,010110,,,N*4D
D/mnl_linux(  362): $GPVTG,0.00,T,,M,0.000,N,0.000,K,N*32
D/mnl_linux(  362): $GPACCURACY,3162.1*3F
D/MNLD    (  362): send_cmd_ex: slf_send_cmd (13, 0x30)
D/MNLD    (  362): process: epoll_wait() received 1 events
D/MNLD    (  362): sigrcv_handler: args from mnld: 48
D/MNLD    (  362): mnl_set_alarm: (0, 0xF68370B8, 5)
D/MNLD    (  362): process: sigrc_handler: ret = 0
D/MNLD    (  362): mtk_gps_sys_gps_mnl_callback: MTK_GPS_MSG_FIX_READY,GET_RTC_FAIL
D/MNLD    (  362): mtk_gps_sys_gps_mnl_callback: gps_measurement_state = 255 ,state = 2
D/gps_mtk (  799): gps_state_thread: line = 3856received 264 bytes:
D/gps_mtk (  799): nmea_reader_update_time: line = 1585fix_time: 1262304945
D/gps_mtk (  799): nmea_reader_parse: line = 2294r->sv_status.num_svs = 0, gps_nmea_end_tag = 0
D/gps_mtk (  799): nmea_reader_addc: line = 2328start nmea_cb
D/gps_mtk (  799): nmea_reader_parse: line = 2294r->sv_status.num_svs = 0, gps_nmea_end_tag = 0
D/gps_mtk (  799): nmea_reader_addc: line = 2328start nmea_cb
D/gps_mtk (  799): nmea_reader_parse: line = 2207r->sv_count = 0
D/gps_mtk (  799): nmea_reader_parse: line = 2294r->sv_status.num_svs = 0, gps_nmea_end_tag = 0
D/gps_mtk (  799): nmea_reader_addc: line = 2328start nmea_cb
D/gps_mtk (  799): nmea_reader_parse: line = 2294r->sv_status.num_svs = 0, gps_nmea_end_tag = 0
D/gps_mtk (  799): nmea_reader_addc: line = 2328start nmea_cb
D/gps_mtk (  799): nmea_reader_parse: line = 2294r->sv_status.num_svs = 0, gps_nmea_end_tag = 0
D/gps_mtk (  799): nmea_reader_addc: line = 2328start nmea_cb
D/gps_mtk (  799): nmea_reader_parse: line = 2231GPS get accuracy failed, fix mode:1
D/gps_mtk (  799): nmea_reader_parse: line = 2294r->sv_status.num_svs = 0, gps_nmea_end_tag = 1
D/gps_mtk (  799): nmea_reader_addc: line = 2328start nmea_cb
D/mnl_linux(  362): mtk_gps_sys_nmea_output_to_app: $GPGGA,001545.009,8960.0000,N,00000.0000,E,0,0,,137.0,M,13.0,M,,*4F
D/mnl_linux(  362): $GPGSA,A,1,,,,,,,,,,,,,99.99,99.99,99.99*30
D/mnl_linux(  362): $GPGSV,1,1,0*49
D/mnl_linux(  362): $GPRMC,001545.009,V,8960.0000,N,00000.0000,E,0.000,0.00,010110,,,N*4C
D/mnl_linux(  362): $GPVTG,0.00,T,,M,0.000,N,0.000,K,N*32
D/mnl_linux(  362): $GPACCURACY,3162.1*3F
D/MNLD    (  362): send_cmd_ex: slf_send_cmd (13, 0x30)
D/MNLD    (  362): process: epoll_wait() received 1 events
D/MNLD    (  362): sigrcv_handler: args from mnld: 48
D/MNLD    (  362): mnl_set_alarm: (0, 0xF68370B8, 5)
D/MNLD    (  362): process: sigrc_handler: ret = 0
D/MNLD    (  362): mtk_gps_sys_gps_mnl_callback: MTK_GPS_MSG_FIX_READY,GET_RTC_FAIL
D/MNLD    (  362): mtk_gps_sys_gps_mnl_callback: gps_measurement_state = 255 ,state = 2
I/thermal_repeater(  367): oh, queryMdThermalInfo (0)Bad file number
I/thermal_repeater(  367): [recvMdThermalInfo] ret=26, strLen=127,  1, 32767,,, -1, 32767, 18
D/gps_mtk (  799): gps_state_thread: line = 3856received 264 bytes:
D/gps_mtk (  799): nmea_reader_update_time: line = 1585fix_time: 1262304946
D/gps_mtk (  799): nmea_reader_parse: line = 2294r->sv_status.num_svs = 0, gps_nmea_end_tag = 0
D/gps_mtk (  799): nmea_reader_addc: line = 2328start nmea_cb
D/gps_mtk (  799): nmea_reader_parse: line = 2294r->sv_status.num_svs = 0, gps_nmea_end_tag = 0
D/gps_mtk (  799): nmea_reader_addc: line = 2328start nmea_cb
D/gps_mtk (  799): nmea_reader_parse: line = 2207r->sv_count = 0
D/gps_mtk (  799): nmea_reader_parse: line = 2294r->sv_status.num_svs = 0, gps_nmea_end_tag = 0
D/gps_mtk (  799): nmea_reader_addc: line = 2328start nmea_cb
D/gps_mtk (  799): nmea_reader_parse: line = 2294r->sv_status.num_svs = 0, gps_nmea_end_tag = 0
D/gps_mtk (  799): nmea_reader_addc: line = 2328start nmea_cb
D/gps_mtk (  799): nmea_reader_parse: line = 2294r->sv_status.num_svs = 0, gps_nmea_end_tag = 0
D/gps_mtk (  799): nmea_reader_addc: line = 2328start nmea_cb
D/gps_mtk (  799): nmea_reader_parse: line = 2231GPS get accuracy failed, fix mode:1
D/gps_mtk (  799): nmea_reader_parse: line = 2294r->sv_status.num_svs = 0, gps_nmea_end_tag = 1
D/gps_mtk (  799): nmea_reader_addc: line = 2328start nmea_cb
D/mnl_linux(  362): mtk_gps_sys_nmea_output_to_app: $GPGGA,001546.009,8960.0000,N,00000.0000,E,0,0,,137.0,M,13.0,M,,*4C
D/mnl_linux(  362): $GPGSA,A,1,,,,,,,,,,,,,99.99,99.99,99.99*30
D/mnl_linux(  362): $GPGSV,1,1,0*49
D/mnl_linux(  362): $GPRMC,001546.009,V,8960.0000,N,00000.0000,E,0.000,0.00,010110,,,N*4F
D/mnl_linux(  362): $GPVTG,0.00,T,,M,0.000,N,0.000,K,N*32
D/mnl_linux(  362): $GPACCURACY,3162.1*3F
D/MNLD    (  362): send_cmd_ex: slf_send_cmd (13, 0x30)
D/MNLD    (  362): process: epoll_wait() received 1 events
D/MNLD    (  362): sigrcv_handler: args from mnld: 48
D/MNLD    (  362): mnl_set_alarm: (0, 0xF68370B8, 5)
D/MNLD    (  362): process: sigrc_handler: ret = 0
D/MNLD    (  362): mtk_gps_sys_gps_mnl_callback: MTK_GPS_MSG_FIX_READY,GET_RTC_FAIL
D/MNLD    (  362): mtk_gps_sys_gps_mnl_callback: gps_measurement_state = 255 ,state = 2
D/gps_mtk (  799): gps_state_thread: line = 3856received 264 bytes:
D/gps_mtk (  799): nmea_reader_update_time: line = 1585fix_time: 1262304947
D/gps_mtk (  799): nmea_reader_parse: line = 2294r->sv_status.num_svs = 0, gps_nmea_end_tag = 0
D/gps_mtk (  799): nmea_reader_addc: line = 2328start nmea_cb
D/gps_mtk (  799): nmea_reader_parse: line = 2294r->sv_status.num_svs = 0, gps_nmea_end_tag = 0
D/gps_mtk (  799): nmea_reader_addc: line = 2328start nmea_cb
D/gps_mtk (  799): nmea_reader_parse: line = 2207r->sv_count = 0
D/gps_mtk (  799): nmea_reader_parse: line = 2294r->sv_status.num_svs = 0, gps_nmea_end_tag = 0
D/gps_mtk (  799): nmea_reader_addc: line = 2328start nmea_cb
D/gps_mtk (  799): nmea_reader_parse: line = 2294r->sv_status.num_svs = 0, gps_nmea_end_tag = 0
D/gps_mtk (  799): nmea_reader_addc: line = 2328start nmea_cb
D/gps_mtk (  799): nmea_reader_parse: line = 2294r->sv_status.num_svs = 0, gps_nmea_end_tag = 0
D/gps_mtk (  799): nmea_reader_addc: line = 2328start nmea_cb
D/gps_mtk (  799): nmea_reader_parse: line = 2231GPS get accuracy failed, fix mode:1
D/gps_mtk (  799): nmea_reader_parse: line = 2294r->sv_status.num_svs = 0, gps_nmea_end_tag = 1
D/gps_mtk (  799): nmea_reader_addc: line = 2328start nmea_cb
D/mnl_linux(  362): mtk_gps_sys_nmea_output_to_app: $GPGGA,001547.009,8960.0000,N,00000.0000,E,0,0,,137.0,M,13.0,M,,*4D
D/mnl_linux(  362): $GPGSA,A,1,,,,,,,,,,,,,99.99,99.99,99.99*30
D/mnl_linux(  362): $GPGSV,1,1,0*49
D/mnl_linux(  362): $GPRMC,001547.009,V,8960.0000,N,00000.0000,E,0.000,0.00,010110,,,N*4E
D/mnl_linux(  362): $GPVTG,0.00,T,,M,0.000,N,0.000,K,N*32
D/mnl_linux(  362): $GPACCURACY,3162.1*3F
D/MNLD    (  362): send_cmd_ex: slf_send_cmd (13, 0x30)
D/MNLD    (  362): process: epoll_wait() received 1 events
D/MNLD    (  362): sigrcv_handler: args from mnld: 48
D/MNLD    (  362): mnl_set_alarm: (0, 0xF68370B8, 5)
D/MNLD    (  362): process: sigrc_handler: ret = 0
D/MNLD    (  362): mtk_gps_sys_gps_mnl_callback: MTK_GPS_MSG_FIX_READY,GET_RTC_FAIL
D/MNLD    (  362): mtk_gps_sys_gps_mnl_callback: gps_measurement_state = 255 ,state = 2
D/BatteryService(  799): mBatteryVoltage=3783, batteryLevel=50
V/ActivityManager(  799): Broadcast sticky: Intent { act=android.intent.action.BATTERY_CHANGED flg=0x60000010 (has extras) } ordered=false userid=-1 callerApp=null
D/PowerManagerService(  799): updateIsPoweredLocked: wasPowered=true, mIsPowered=true, oldPlugType=2, mPlugType=2, mBatteryLevel=31
D/KeyguardUpdateMonitor(  966): received broadcast android.intent.action.BATTERY_CHANGED
D/UsbDeviceManager(  799): onReceive - BATTERY_CHANGED - mPlugType: 2, mSettingUsbCharging: false, mConnected: true, mSettingUsbBicr: false
D/WifiService(  799): onReceive, action:android.intent.action.BATTERY_CHANGED
D/WifiController(  799): ApStaDisabledState{ when=0 what=155652 arg1=2 target=com.android.internal.util.StateMachine$SmHandler }
D/WifiController(  799): DefaultState{ when=0 what=155652 arg1=2 target=com.android.internal.util.StateMachine$SmHandler }
D/WifiController(  799): battery changed pluggedType: 2
D/KeyguardUpdateMonitor(  966): handleBatteryUpdate index=0 updateInteresting=false
V/SettingsInterface(  799):  from settings cache , name = location_providers_allowed , value = gps,network
D/Surface (  966): Surface::setBuffersDimensions(this=0x7f8c20aa00,w=33,h=1280)
D/PerfServiceManager(  799): [PerfService] notifyFrameUpdate - bDuringTouchBoost:false 
I/BufferQueueProducer(  233): [StatusBar](this:0x7f91700000,id:9,api:1,p:966,c:233) queueBuffer: fps=0.03 dur=31910.73 max=31910.73 min=31910.73
D/Surface (  233): Surface::setBuffersDimensions(this=0x7f915f4e00,w=800,h=1280)
I/BufferQueueProducer(  233): [FrameBufferSurface_0](this:0x7f91572000,id:0,api:1,p:233,c:233) queueBuffer: fps=0.03 dur=31909.61 max=31909.61 min=31909.61
I/SurfaceFlinger(  233): [Built-in Screen (type:0)] fps:0.031339,dur:31909.61,max:31909.61,min:31909.61
D/mnl_linux(  362): mtk_gps_sys_nmea_output_to_app: $GPGGA,001548.009,8960.0000,N,00000.0000,E,0,0,,137.0,M,13.0,M,,*42
D/mnl_linux(  362): $GPGSA,A,1,,,,,,,,,,,,,99.99,99.99,99.99*30
D/mnl_linux(  362): $GPGSV,1,1,0*49
D/mnl_linux(  362): $GPRMC,001548.009,V,8960.0000,N,00000.0000,E,0.000,0.00,010110,,,N*41
D/mnl_linux(  362): $GPVTG,0.00,T,,M,0.000,N,0.000,K,N*32
D/mnl_linux(  362): $GPACCURACY,3162.1*3F
D/MNLD    (  362): send_cmd_ex: slf_send_cmd (13, 0x30)
D/MNLD    (  362): mtk_gps_sys_gps_mnl_callback: MTK_GPS_MSG_FIX_READY,GET_RTC_FAIL
D/MNLD    (  362): mtk_gps_sys_gps_mnl_callback: gps_measurement_state = 255 ,state = 2
D/gps_mtk (  799): gps_state_thread: line = 3856received 264 bytes:
D/gps_mtk (  799): nmea_reader_update_time: line = 1585fix_time: 1262304948
D/gps_mtk (  799): nmea_reader_parse: line = 2294r->sv_status.num_svs = 0, gps_nmea_end_tag = 0
D/gps_mtk (  799): nmea_reader_addc: line = 2328start nmea_cb
D/gps_mtk (  799): nmea_reader_parse: line = 2294r->sv_status.num_svs = 0, gps_nmea_end_tag = 0
D/gps_mtk (  799): nmea_reader_addc: line = 2328start nmea_cb
D/gps_mtk (  799): nmea_reader_parse: line = 2207r->sv_count = 0
D/gps_mtk (  799): nmea_reader_parse: line = 2294r->sv_status.num_svs = 0, gps_nmea_end_tag = 0
D/gps_mtk (  799): nmea_reader_addc: line = 2328start nmea_cb
D/gps_mtk (  799): nmea_reader_parse: line = 2294r->sv_status.num_svs = 0, gps_nmea_end_tag = 0
D/gps_mtk (  799): nmea_reader_addc: line = 2328start nmea_cb
D/gps_mtk (  799): nmea_reader_parse: line = 2294r->sv_status.num_svs = 0, gps_nmea_end_tag = 0
D/gps_mtk (  799): nmea_reader_addc: line = 2328start nmea_cb
D/gps_mtk (  799): nmea_reader_parse: line = 2231GPS get accuracy failed, fix mode:1
D/gps_mtk (  799): nmea_reader_parse: line = 2294r->sv_status.num_svs = 0, gps_nmea_end_tag = 1
D/gps_mtk (  799): nmea_reader_addc: line = 2328start nmea_cb
D/MNLD    (  362): process: epoll_wait() received 1 events
D/MNLD    (  362): sigrcv_handler: args from mnld: 48
D/MNLD    (  362): mnl_set_alarm: (0, 0xF68370B8, 5)
D/MNLD    (  362): process: sigrc_handler: ret = 0
V/SettingsInterface( 1432):  from settings cache , name = multi_sim_voice_call , value = null
V/ActivityManager(  799): Broadcast sticky: Intent { act=android.intent.action.SIG_STR flg=0x20000010 (has extras) } ordered=false userid=-1 callerApp=ProcessRecord{3c59dd8a 799:system/1000}
D/mnl_linux(  362): mtk_gps_sys_nmea_output_to_app: $GPGGA,001549.009,8960.0000,N,00000.0000,E,0,0,,137.0,M,13.0,M,,*43
D/mnl_linux(  362): $GPGSA,A,1,,,,,,,,,,,,,99.99,99.99,99.99*30
D/mnl_linux(  362): $GPGSV,1,1,0*49
D/mnl_linux(  362): $GPRMC,001549.009,V,8960.0000,N,00000.0000,E,0.000,0.00,010110,,,N*40
D/mnl_linux(  362): $GPVTG,0.00,T,,M,0.000,N,0.000,K,N*32
D/mnl_linux(  362): $GPACCURACY,3162.1*3F
D/MNLD    (  362): send_cmd_ex: slf_send_cmd (13, 0x30)
D/MNLD    (  362): mtk_gps_sys_gps_mnl_callback: MTK_GPS_MSG_FIX_READY,GET_RTC_FAIL
D/MNLD    (  362): mtk_gps_sys_gps_mnl_callback: gps_measurement_state = 255 ,state = 2
D/gps_mtk (  799): gps_state_thread: line = 3856received 264 bytes:
D/gps_mtk (  799): nmea_reader_update_time: line = 1585fix_time: 1262304949
D/gps_mtk (  799): nmea_reader_parse: line = 2294r->sv_status.num_svs = 0, gps_nmea_end_tag = 0
D/gps_mtk (  799): nmea_reader_addc: line = 2328start nmea_cb
D/gps_mtk (  799): nmea_reader_parse: line = 2294r->sv_status.num_svs = 0, gps_nmea_end_tag = 0
D/gps_mtk (  799): nmea_reader_addc: line = 2328start nmea_cb
D/gps_mtk (  799): nmea_reader_parse: line = 2207r->sv_count = 0
D/gps_mtk (  799): nmea_reader_parse: line = 2294r->sv_status.num_svs = 0, gps_nmea_end_tag = 0
D/gps_mtk (  799): nmea_reader_addc: line = 2328start nmea_cb
D/gps_mtk (  799): nmea_reader_parse: line = 2294r->sv_status.num_svs = 0, gps_nmea_end_tag = 0
D/gps_mtk (  799): nmea_reader_addc: line = 2328start nmea_cb
D/gps_mtk (  799): nmea_reader_parse: line = 2294r->sv_status.num_svs = 0, gps_nmea_end_tag = 0
D/gps_mtk (  799): nmea_reader_addc: line = 2328start nmea_cb
D/gps_mtk (  799): nmea_reader_parse: line = 2231GPS get accuracy failed, fix mode:1
D/gps_mtk (  799): nmea_reader_parse: line = 2294r->sv_status.num_svs = 0, gps_nmea_end_tag = 1
D/gps_mtk (  799): nmea_reader_addc: line = 2328start nmea_cb
D/MNLD    (  362): process: epoll_wait() received 1 events
D/MNLD    (  362): sigrcv_handler: args from mnld: 48
D/MNLD    (  362): mnl_set_alarm: (0, 0xF68370B8, 5)
D/MNLD    (  362): process: sigrc_handler: ret = 0
D/gps_mtk (  799): gps_state_thread: line = 3856received 264 bytes:
D/gps_mtk (  799): nmea_reader_update_time: line = 1585fix_time: 1262304950
D/gps_mtk (  799): nmea_reader_parse: line = 2294r->sv_status.num_svs = 0, gps_nmea_end_tag = 0
D/gps_mtk (  799): nmea_reader_addc: line = 2328start nmea_cb
D/gps_mtk (  799): nmea_reader_parse: line = 2294r->sv_status.num_svs = 0, gps_nmea_end_tag = 0
D/gps_mtk (  799): nmea_reader_addc: line = 2328start nmea_cb
D/gps_mtk (  799): nmea_reader_parse: line = 2207r->sv_count = 0
D/gps_mtk (  799): nmea_reader_parse: line = 2294r->sv_status.num_svs = 0, gps_nmea_end_tag = 0
D/gps_mtk (  799): nmea_reader_addc: line = 2328start nmea_cb
D/gps_mtk (  799): nmea_reader_parse: line = 2294r->sv_status.num_svs = 0, gps_nmea_end_tag = 0
D/gps_mtk (  799): nmea_reader_addc: line = 2328start nmea_cb
D/gps_mtk (  799): nmea_reader_parse: line = 2294r->sv_status.num_svs = 0, gps_nmea_end_tag = 0
D/gps_mtk (  799): nmea_reader_addc: line = 2328start nmea_cb
D/gps_mtk (  799): nmea_reader_parse: line = 2231GPS get accuracy failed, fix mode:1
D/gps_mtk (  799): nmea_reader_parse: line = 2294r->sv_status.num_svs = 0, gps_nmea_end_tag = 1
D/gps_mtk (  799): nmea_reader_addc: line = 2328start nmea_cb
D/mnl_linux(  362): mtk_gps_sys_nmea_output_to_app: $GPGGA,001550.009,8960.0000,N,00000.0000,E,0,0,,137.0,M,13.0,M,,*4B
D/mnl_linux(  362): $GPGSA,A,1,,,,,,,,,,,,,99.99,99.99,99.99*30
D/mnl_linux(  362): $GPGSV,1,1,0*49
D/mnl_linux(  362): $GPRMC,001550.009,V,8960.0000,N,00000.0000,E,0.000,0.00,010110,,,N*48
D/mnl_linux(  362): $GPVTG,0.00,T,,M,0.000,N,0.000,K,N*32
D/mnl_linux(  362): $GPACCURACY,3162.1*3F
D/MNLD    (  362): send_cmd_ex: slf_send_cmd (13, 0x30)
D/MNLD    (  362): process: epoll_wait() received 1 events
D/MNLD    (  362): sigrcv_handler: args from mnld: 48
D/MNLD    (  362): mnl_set_alarm: (0, 0xF68370B8, 5)
D/MNLD    (  362): process: sigrc_handler: ret = 0
D/MNLD    (  362): mtk_gps_sys_gps_mnl_callback: MTK_GPS_MSG_FIX_READY,GET_RTC_FAIL
D/MNLD    (  362): mtk_gps_sys_gps_mnl_callback: gps_measurement_state = 255 ,state = 2
I/thermal_repeater(  367): oh, queryMdThermalInfo (0)Bad file number
I/thermal_repeater(  367): [recvMdThermalInfo] ret=26, strLen=127,  1, 32767,,, -1, 32767, 18
D/gps_mtk (  799): gps_state_thread: line = 3856received 264 bytes:
D/gps_mtk (  799): nmea_reader_update_time: line = 1585fix_time: 1262304951
D/gps_mtk (  799): nmea_reader_parse: line = 2294r->sv_status.num_svs = 0, gps_nmea_end_tag = 0
D/gps_mtk (  799): nmea_reader_addc: line = 2328start nmea_cb
D/gps_mtk (  799): nmea_reader_parse: line = 2294r->sv_status.num_svs = 0, gps_nmea_end_tag = 0
D/gps_mtk (  799): nmea_reader_addc: line = 2328start nmea_cb
D/gps_mtk (  799): nmea_reader_parse: line = 2207r->sv_count = 0
D/gps_mtk (  799): nmea_reader_parse: line = 2294r->sv_status.num_svs = 0, gps_nmea_end_tag = 0
D/gps_mtk (  799): nmea_reader_addc: line = 2328start nmea_cb
D/gps_mtk (  799): nmea_reader_parse: line = 2294r->sv_status.num_svs = 0, gps_nmea_end_tag = 0
D/gps_mtk (  799): nmea_reader_addc: line = 2328start nmea_cb
D/gps_mtk (  799): nmea_reader_parse: line = 2294r->sv_status.num_svs = 0, gps_nmea_end_tag = 0
D/gps_mtk (  799): nmea_reader_addc: line = 2328start nmea_cb
D/gps_mtk (  799): nmea_reader_parse: line = 2231GPS get accuracy failed, fix mode:1
D/gps_mtk (  799): nmea_reader_parse: line = 2294r->sv_status.num_svs = 0, gps_nmea_end_tag = 1
D/gps_mtk (  799): nmea_reader_addc: line = 2328start nmea_cb
D/mnl_linux(  362): mtk_gps_sys_nmea_output_to_app: $GPGGA,001551.009,8960.0000,N,00000.0000,E,0,0,,137.0,M,13.0,M,,*4A
D/mnl_linux(  362): $GPGSA,A,1,,,,,,,,,,,,,99.99,99.99,99.99*30
D/mnl_linux(  362): $GPGSV,1,1,0*49
D/mnl_linux(  362): $GPRMC,001551.009,V,8960.0000,N,00000.0000,E,0.000,0.00,010110,,,N*49
D/mnl_linux(  362): $GPVTG,0.00,T,,M,0.000,N,0.000,K,N*32
D/mnl_linux(  362): $GPACCURACY,3162.1*3F
D/MNLD    (  362): send_cmd_ex: slf_send_cmd (13, 0x30)
D/MNLD    (  362): process: epoll_wait() received 1 events
D/MNLD    (  362): sigrcv_handler: args from mnld: 48
D/MNLD    (  362): mnl_set_alarm: (0, 0xF68370B8, 5)
D/MNLD    (  362): process: sigrc_handler: ret = 0
D/MNLD    (  362): mtk_gps_sys_gps_mnl_callback: MTK_GPS_MSG_FIX_READY,GET_RTC_FAIL
D/MNLD    (  362): mtk_gps_sys_gps_mnl_callback: gps_measurement_state = 255 ,state = 2
I/sn      (  377): Retry 89
D/gps_mtk (  799): gps_state_thread: line = 3856received 264 bytes:
D/gps_mtk (  799): nmea_reader_update_time: line = 1585fix_time: 1262304952
D/gps_mtk (  799): nmea_reader_parse: line = 2294r->sv_status.num_svs = 0, gps_nmea_end_tag = 0
D/gps_mtk (  799): nmea_reader_addc: line = 2328start nmea_cb
D/gps_mtk (  799): nmea_reader_parse: line = 2294r->sv_status.num_svs = 0, gps_nmea_end_tag = 0
D/gps_mtk (  799): nmea_reader_addc: line = 2328start nmea_cb
D/gps_mtk (  799): nmea_reader_parse: line = 2207r->sv_count = 0
D/gps_mtk (  799): nmea_reader_parse: line = 2294r->sv_status.num_svs = 0, gps_nmea_end_tag = 0
D/gps_mtk (  799): nmea_reader_addc: line = 2328start nmea_cb
D/gps_mtk (  799): nmea_reader_parse: line = 2294r->sv_status.num_svs = 0, gps_nmea_end_tag = 0
D/gps_mtk (  799): nmea_reader_addc: line = 2328start nmea_cb
D/gps_mtk (  799): nmea_reader_parse: line = 2294r->sv_status.num_svs = 0, gps_nmea_end_tag = 0
D/gps_mtk (  799): nmea_reader_addc: line = 2328start nmea_cb
D/gps_mtk (  799): nmea_reader_parse: line = 2231GPS get accuracy failed, fix mode:1
D/gps_mtk (  799): nmea_reader_parse: line = 2294r->sv_status.num_svs = 0, gps_nmea_end_tag = 1
D/gps_mtk (  799): nmea_reader_addc: line = 2328start nmea_cb
I/sn      (  377): Fail to access err=No such file or directory
I/sn      (  377): Fail to access err=No such file or directory
I/sn      (  377): Fail to access err=Permission denied
I/sn      (  377): Check all possible paths
D/mnl_linux(  362): mtk_gps_sys_nmea_output_to_app: $GPGGA,001552.009,8960.0000,N,00000.0000,E,0,0,,137.0,M,13.0,M,,*49
D/mnl_linux(  362): $GPGSA,A,1,,,,,,,,,,,,,99.99,99.99,99.99*30
D/mnl_linux(  362): $GPGSV,1,1,0*49
D/mnl_linux(  362): $GPRMC,001552.009,V,8960.0000,N,00000.0000,E,0.000,0.00,010110,,,N*4A
D/mnl_linux(  362): $GPVTG,0.00,T,,M,0.000,N,0.000,K,N*32
D/mnl_linux(  362): $GPACCURACY,3162.1*3F
D/MNLD    (  362): send_cmd_ex: slf_send_cmd (13, 0x30)
D/MNLD    (  362): process: epoll_wait() received 1 events
D/MNLD    (  362): sigrcv_handler: args from mnld: 48
D/MNLD    (  362): mnl_set_alarm: (0, 0xF68370B8, 5)
D/MNLD    (  362): process: sigrc_handler: ret = 0
D/MNLD    (  362): mtk_gps_sys_gps_mnl_callback: MTK_GPS_MSG_FIX_READY,GET_RTC_FAIL
D/MNLD    (  362): mtk_gps_sys_gps_mnl_callback: gps_measurement_state = 255 ,state = 2
D/gps_mtk (  799): gps_state_thread: line = 3856received 264 bytes:
D/gps_mtk (  799): nmea_reader_update_time: line = 1585fix_time: 1262304953
D/gps_mtk (  799): nmea_reader_parse: line = 2294r->sv_status.num_svs = 0, gps_nmea_end_tag = 0
D/gps_mtk (  799): nmea_reader_addc: line = 2328start nmea_cb
D/gps_mtk (  799): nmea_reader_parse: line = 2294r->sv_status.num_svs = 0, gps_nmea_end_tag = 0
D/gps_mtk (  799): nmea_reader_addc: line = 2328start nmea_cb
D/gps_mtk (  799): nmea_reader_parse: line = 2207r->sv_count = 0
D/gps_mtk (  799): nmea_reader_parse: line = 2294r->sv_status.num_svs = 0, gps_nmea_end_tag = 0
D/gps_mtk (  799): nmea_reader_addc: line = 2328start nmea_cb
D/gps_mtk (  799): nmea_reader_parse: line = 2294r->sv_status.num_svs = 0, gps_nmea_end_tag = 0
D/gps_mtk (  799): nmea_reader_addc: line = 2328start nmea_cb
D/gps_mtk (  799): nmea_reader_parse: line = 2294r->sv_status.num_svs = 0, gps_nmea_end_tag = 0
D/gps_mtk (  799): nmea_reader_addc: line = 2328start nmea_cb
D/gps_mtk (  799): nmea_reader_parse: line = 2231GPS get accuracy failed, fix mode:1
D/gps_mtk (  799): nmea_reader_parse: line = 2294r->sv_status.num_svs = 0, gps_nmea_end_tag = 1
D/gps_mtk (  799): nmea_reader_addc: line = 2328start nmea_cb
D/mnl_linux(  362): mtk_gps_sys_nmea_output_to_app: $GPGGA,001553.009,8960.0000,N,00000.0000,E,0,0,,137.0,M,13.0,M,,*48
D/mnl_linux(  362): $GPGSA,A,1,,,,,,,,,,,,,99.99,99.99,99.99*30
D/mnl_linux(  362): $GPGSV,1,1,0*49
D/mnl_linux(  362): $GPRMC,001553.009,V,8960.0000,N,00000.0000,E,0.000,0.00,010110,,,N*4B
D/mnl_linux(  362): $GPVTG,0.00,T,,M,0.000,N,0.000,K,N*32
D/mnl_linux(  362): $GPACCURACY,3162.1*3F
D/MNLD    (  362): send_cmd_ex: slf_send_cmd (13, 0x30)
D/MNLD    (  362): process: epoll_wait() received 1 events
D/MNLD    (  362): sigrcv_handler: args from mnld: 48
D/MNLD    (  362): mnl_set_alarm: (0, 0xF68370B8, 5)
D/MNLD    (  362): process: sigrc_handler: ret = 0
D/MNLD    (  362): mtk_gps_sys_gps_mnl_callback: MTK_GPS_MSG_FIX_READY,GET_RTC_FAIL
D/MNLD    (  362): mtk_gps_sys_gps_mnl_callback: gps_measurement_state = 255 ,state = 2
D/PowerManagerService(  799): handleUserActivityTimeout
D/PowerManagerService(  799): updateUserActivitySummaryLocked: mWakefulness=Awake, mUserActivitySummary=0x2, nextTimeout=918154 (in 6994 ms)
D/PowerManagerService(  799): mDisplayPowerRequest.policy = 2
D/PowerManagerService(  799): isWfdEnabled() mWfdStatus=WifiDisplayStatus{featureState=0, scanState=0, activeDisplayState=0, activeDisplay=null, displays=[], sessionInfo=WifiDisplaySessionInfo: C/O:Client,GId:,Pp:,SId:0,IP:}, return false
D/DisplayPowerController(  799): requestPowerState: policy=DIM, useProximitySensor=false, screenBrightness=102, screenAutoBrightnessAdjustment=0.0, useAutoBrightness=true, blockScreenOn=false, lowPowerMode=false, boostScreenBrightness=false, dozeScreenBrightness=-1, dozeScreenState=UNKNOWN, waitForNegativeProximity=false
I/PowerManagerService(  799): setBrightness mButtonLight 0.
D/PowerManagerService(  799): updateDisplayPowerStateLocked: mDisplayReady=false, policy=2, mWakefulness=1, mWakeLockSummary=0x0, mUserActivitySummary=0x2, mBootCompleted=true, mScreenBrightnessBoostInProgress=false
D/DisplayPowerController(  799): Animating brightness: target=10, rate=200
D/DisplayPowerController(  799): Unfinished business...
D/DisplayPowerController(  799): Display ready!
D/PowerManagerService(  799): mDisplayPowerRequest.policy = 2
D/PowerManagerService(  799): isWfdEnabled() mWfdStatus=WifiDisplayStatus{featureState=0, scanState=0, activeDisplayState=0, activeDisplay=null, displays=[], sessionInfo=WifiDisplaySessionInfo: C/O:Client,GId:,Pp:,SId:0,IP:}, return false
D/DisplayPowerController(  799): requestPowerState: policy=DIM, useProximitySensor=false, screenBrightness=102, screenAutoBrightnessAdjustment=0.0, useAutoBrightness=true, blockScreenOn=false, lowPowerMode=false, boostScreenBrightness=false, dozeScreenBrightness=-1, dozeScreenState=UNKNOWN, waitForNegativeProximity=false
I/PowerManagerService(  799): setBrightness mButtonLight 0.
D/PowerManagerService(  799): updateDisplayPowerStateLocked: mDisplayReady=true, policy=2, mWakefulness=1, mWakeLockSummary=0x0, mUserActivitySummary=0x2, mBootCompleted=true, mScreenBrightnessBoostInProgress=false
D/DisplayPowerState(  799): setScreenBrightness: brightness=100
D/DisplayPowerState(  799): Requesting new screen state: state=ON, backlight=100
D/DisplayPowerState(  799): Screen not ready
D/DisplayPowerState(  799): Updating screen state: state=ON, backlight=100, backlightChanged=true
D/lights  (  799): write_int open fd=175
D/DisplayPowerState(  799): Screen ready
D/DisplayPowerState(  799): setScreenBrightness: brightness=97
D/DisplayPowerState(  799): Requesting new screen state: state=ON, backlight=97
D/DisplayPowerState(  799): Screen not ready
D/DisplayPowerState(  799): Updating screen state: state=ON, backlight=97, backlightChanged=true
D/lights  (  799): write_int open fd=175
D/DisplayPowerState(  799): Screen ready
D/DisplayPowerState(  799): setScreenBrightness: brightness=93
D/DisplayPowerState(  799): Requesting new screen state: state=ON, backlight=93
D/DisplayPowerState(  799): Screen not ready
D/DisplayPowerState(  799): Updating screen state: state=ON, backlight=93, backlightChanged=true
D/lights  (  799): write_int open fd=175
D/DisplayPowerState(  799): Screen ready
D/DisplayPowerState(  799): setScreenBrightness: brightness=90
D/DisplayPowerState(  799): Requesting new screen state: state=ON, backlight=90
D/DisplayPowerState(  799): Screen not ready
D/DisplayPowerState(  799): Updating screen state: state=ON, backlight=90, backlightChanged=true
D/lights  (  799): write_int open fd=175
D/DisplayPowerState(  799): Screen ready
D/DisplayPowerState(  799): setScreenBrightness: brightness=87
D/DisplayPowerState(  799): Requesting new screen state: state=ON, backlight=87
D/DisplayPowerState(  799): Screen not ready
D/DisplayPowerState(  799): Updating screen state: state=ON, backlight=87, backlightChanged=true
D/lights  (  799): write_int open fd=175
D/DisplayPowerState(  799): Screen ready
D/DisplayPowerState(  799): setScreenBrightness: brightness=83
D/DisplayPowerState(  799): Requesting new screen state: state=ON, backlight=83
D/DisplayPowerState(  799): Screen not ready
D/DisplayPowerState(  799): Updating screen state: state=ON, backlight=83, backlightChanged=true
D/lights  (  799): write_int open fd=175
D/DisplayPowerState(  799): Screen ready
D/DisplayPowerState(  799): setScreenBrightness: brightness=80
D/DisplayPowerState(  799): Requesting new screen state: state=ON, backlight=80
D/DisplayPowerState(  799): Screen not ready
D/DisplayPowerState(  799): Updating screen state: state=ON, backlight=80, backlightChanged=true
D/lights  (  799): write_int open fd=175
D/DisplayPowerState(  799): Screen ready
D/DisplayPowerState(  799): setScreenBrightness: brightness=76
D/DisplayPowerState(  799): Requesting new screen state: state=ON, backlight=76
D/DisplayPowerState(  799): Screen not ready
D/DisplayPowerState(  799): Updating screen state: state=ON, backlight=76, backlightChanged=true
D/lights  (  799): write_int open fd=175
D/DisplayPowerState(  799): Screen ready
D/DisplayPowerState(  799): setScreenBrightness: brightness=73
D/DisplayPowerState(  799): Requesting new screen state: state=ON, backlight=73
D/DisplayPowerState(  799): Screen not ready
D/DisplayPowerState(  799): Updating screen state: state=ON, backlight=73, backlightChanged=true
D/lights  (  799): write_int open fd=175
D/DisplayPowerState(  799): Screen ready
D/DisplayPowerState(  799): setScreenBrightness: brightness=69
D/DisplayPowerState(  799): Requesting new screen state: state=ON, backlight=69
D/DisplayPowerState(  799): Screen not ready
D/DisplayPowerState(  799): Updating screen state: state=ON, backlight=69, backlightChanged=true
D/lights  (  799): write_int open fd=175
D/DisplayPowerState(  799): Screen ready
D/DisplayPowerState(  799): setScreenBrightness: brightness=66
D/DisplayPowerState(  799): Requesting new screen state: state=ON, backlight=66
D/DisplayPowerState(  799): Screen not ready
D/DisplayPowerState(  799): Updating screen state: state=ON, backlight=66, backlightChanged=true
D/lights  (  799): write_int open fd=175
D/DisplayPowerState(  799): Screen ready
D/DisplayPowerState(  799): setScreenBrightness: brightness=62
D/DisplayPowerState(  799): Requesting new screen state: state=ON, backlight=62
D/DisplayPowerState(  799): Screen not ready
D/DisplayPowerState(  799): Updating screen state: state=ON, backlight=62, backlightChanged=true
D/lights  (  799): write_int open fd=175
D/DisplayPowerState(  799): Screen ready
D/DisplayPowerState(  799): setScreenBrightness: brightness=59
D/DisplayPowerState(  799): Requesting new screen state: state=ON, backlight=59
D/DisplayPowerState(  799): Screen not ready
D/DisplayPowerState(  799): Updating screen state: state=ON, backlight=59, backlightChanged=true
D/lights  (  799): write_int open fd=175
D/DisplayPowerState(  799): Screen ready
D/DisplayPowerState(  799): setScreenBrightness: brightness=56
D/DisplayPowerState(  799): Requesting new screen state: state=ON, backlight=56
D/DisplayPowerState(  799): Screen not ready
D/DisplayPowerState(  799): Updating screen state: state=ON, backlight=56, backlightChanged=true
D/lights  (  799): write_int open fd=175
D/DisplayPowerState(  799): Screen ready
D/DisplayPowerState(  799): setScreenBrightness: brightness=52
D/DisplayPowerState(  799): Requesting new screen state: state=ON, backlight=52
D/DisplayPowerState(  799): Screen not ready
D/DisplayPowerState(  799): Updating screen state: state=ON, backlight=52, backlightChanged=true
D/lights  (  799): write_int open fd=175
D/DisplayPowerState(  799): Screen ready
D/DisplayPowerState(  799): setScreenBrightness: brightness=49
D/DisplayPowerState(  799): Requesting new screen state: state=ON, backlight=49
D/DisplayPowerState(  799): Screen not ready
D/DisplayPowerState(  799): Updating screen state: state=ON, backlight=49, backlightChanged=true
D/lights  (  799): write_int open fd=175
D/DisplayPowerState(  799): Screen ready
D/DisplayPowerState(  799): setScreenBrightness: brightness=45
D/DisplayPowerState(  799): Requesting new screen state: state=ON, backlight=45
D/DisplayPowerState(  799): Screen not ready
D/DisplayPowerState(  799): Updating screen state: state=ON, backlight=45, backlightChanged=true
D/lights  (  799): write_int open fd=175
D/DisplayPowerState(  799): Screen ready
D/DisplayPowerState(  799): setScreenBrightness: brightness=42
D/DisplayPowerState(  799): Requesting new screen state: state=ON, backlight=42
D/DisplayPowerState(  799): Screen not ready
D/DisplayPowerState(  799): Updating screen state: state=ON, backlight=42, backlightChanged=true
D/lights  (  799): write_int open fd=175
D/DisplayPowerState(  799): Screen ready
D/DisplayPowerState(  799): setScreenBrightness: brightness=38
D/DisplayPowerState(  799): Requesting new screen state: state=ON, backlight=38
D/DisplayPowerState(  799): Screen not ready
D/DisplayPowerState(  799): Updating screen state: state=ON, backlight=38, backlightChanged=true
D/lights  (  799): write_int open fd=175
D/DisplayPowerState(  799): Screen ready
D/DisplayPowerState(  799): setScreenBrightness: brightness=35
D/DisplayPowerState(  799): Requesting new screen state: state=ON, backlight=35
D/DisplayPowerState(  799): Screen not ready
D/DisplayPowerState(  799): Updating screen state: state=ON, backlight=35, backlightChanged=true
D/lights  (  799): write_int open fd=175
D/DisplayPowerState(  799): Screen ready
D/DisplayPowerState(  799): setScreenBrightness: brightness=32
D/DisplayPowerState(  799): Requesting new screen state: state=ON, backlight=32
D/DisplayPowerState(  799): Screen not ready
D/DisplayPowerState(  799): Updating screen state: state=ON, backlight=32, backlightChanged=true
D/lights  (  799): write_int open fd=175
D/DisplayPowerState(  799): Screen ready
D/DisplayPowerState(  799): setScreenBrightness: brightness=28
D/DisplayPowerState(  799): Requesting new screen state: state=ON, backlight=28
D/DisplayPowerState(  799): Screen not ready
D/DisplayPowerState(  799): Updating screen state: state=ON, backlight=28, backlightChanged=true
D/lights  (  799): write_int open fd=175
D/DisplayPowerState(  799): Screen ready
D/DisplayPowerState(  799): setScreenBrightness: brightness=25
D/DisplayPowerState(  799): Requesting new screen state: state=ON, backlight=25
D/DisplayPowerState(  799): Screen not ready
D/DisplayPowerState(  799): Updating screen state: state=ON, backlight=25, backlightChanged=true
D/lights  (  799): write_int open fd=175
