--------- beginning of system
D/DisplayPowerController(  799): requestPowerState: policy=BRIGHT, useProximitySensor=false, screenBrightness=102, screenAutoBrightnessAdjustment=0.0, useAutoBrightness=true, blockScreenOn=false, lowPowerMode=false, boostScreenBrightness=false, dozeScreenBrightness=-1, dozeScreenState=UNKNOWN, waitForNegativeProximity=false
I/PowerManagerService(  799): setBrightness mButtonLight 0.
D/PowerManagerService(  799): updateDisplayPowerStateLocked: mDisplayReady=true, policy=3, mWakefulness=1, mWakeLockSummary=0x1, mUserActivitySummary=0x1, mBootCompleted=true, mScreenBrightnessBoostInProgress=false
D/ActivityManager(  799): ACT-IDLE_NOW_MSG from windowsVisible() for idle: ActivityRecord{1e4144fc u0 com.chartcross.gpstestplus/.GPSTestPlus t72}
V/NetworkStats(  799): setKernelCounterSet uid=10047 set=0
D/ConnectivityService(  799): onUidRulesChanged(uid=10047, uidRules=0)
V/ActivityThread( 1453): Finishing stop of ActivityRecord{37853b44 token=android.os.BinderProxy@1661242d {com.android.launcher3/com.android.launcher3.Launcher}}: show=false win=com.android.internal.policy.impl.PhoneWindow@262670f1
D/ActivityThread( 1453): ACT-STOP_ACTIVITY_HIDE handled : 0 / android.os.BinderProxy@1661242d
V/ActivityManager(  799): Broadcast: Intent { act=android.location.GPS_ENABLED_CHANGE flg=0x10 (has extras) } ordered=false userid=-1 callerApp=ProcessRecord{3c59dd8a 799:system/1000}
--------- beginning of main
D/nlp_service( 1393): NlpInstanceSocket-
D/PowerManagerService(  799): releaseWakeLockInternal: lock=399840636 [GpsLocationProvider], flags=0x0, total_time=622ms
D/PowerManagerNotifier(  799): onWakeLockReleased: flags=1, tag="GpsLocationProvider", packageName=android, ownerUid=1000, ownerPid=799, workSource=null
D/PowerManagerService(  799): updateWakeLockSummaryLocked: mWakefulness=Awake, mWakeLockSummary=0x0
D/PowerManagerService(  799): updateUserActivitySummaryLocked: mWakefulness=Awake, mUserActivitySummary=0x1, nextTimeout=911154 (in 52012 ms)
D/PowerManagerService(  799): mDisplayPowerRequest.policy = 3
D/PowerManagerService(  799): isWfdEnabled() mWfdStatus=WifiDisplayStatus{featureState=0, scanState=0, activeDisplayState=0, activeDisplay=null, displays=[], sessionInfo=WifiDisplaySessionInfo: C/O:Client,GId:,Pp:,SId:0,IP:}, return false
D/DisplayPowerController(  799): requestPowerState: policy=BRIGHT, useProximitySensor=false, screenBrightness=102, screenAutoBrightnessAdjustment=0.0, useAutoBrightness=true, blockScreenOn=false, lowPowerMode=false, boostScreenBrightness=false, dozeScreenBrightness=-1, dozeScreenState=UNKNOWN, waitForNegativeProximity=false
I/PowerManagerService(  799): setBrightness mButtonLight 0.
D/PowerManagerService(  799): updateDisplayPowerStateLocked: mDisplayReady=true, policy=3, mWakefulness=1, mWakeLockSummary=0x0, mUserActivitySummary=0x1, mBootCompleted=true, mScreenBrightnessBoostInProgress=false
D/PowerManagerService(  799): Releasing suspend blocker "PowerManagerService.WakeLocks".
V/SettingsInterface(  799):  from settings cache , name = location_providers_allowed , value = gps,network
D/nlp_service( 1393): [service] startNlpQuery isNlpEnabled=true ver=1.00
D/LocationManagerService(  799): request a472dcb network Request[POWER_LOW network requested=+1s0ms fastest=+1s0ms] from com.mediatek.nlpservice(10058)
V/SettingsInterface(  799):  from settings cache , name = location_providers_allowed , value = gps,network
D/LocationManagerService(  799): provider request: network ProviderRequest[ON interval=+1s0ms]
V/GmsNetworkLocationProvi( 1533): onSetRequest: ProviderRequestUnbundled, reportLocation is true and interval is 1000
V/GmsNetworkLocationProvi( 1533): SET-REQUEST
D/DefaultStatusBarPlmnPlugin(  966): into supportCustomizeCarrierLabel: false
D/DefaultStatusBarPlmnPlugin(  966): into supportCustomizeCarrierLabel: false
D/SurfaceFlinger(  233): Skip composition.
V/SettingsInterface(  799):  from settings cache , name = location_providers_allowed , value = gps,network
V/GmsNetworkLocationProvi( 1533): in Handler: ProviderRequestUnbundled, reportLocation is true and interval is 20000
D/nlp_service( 1393): [service] GPS_EVENT_STARTED: ignored
D/ActivityThread( 1533): SVC-Calling onStartCommand: com.google.android.location.internal.server.GoogleLocationService@1cfa3e34, flags=0, startId=39
D/PowerManagerService(  799): acquireWakeLockInternal: lock=105154984, flags=0x1, tag="NlpWakeLock", ws=WorkSource{10058 com.mediatek.nlpservice}, uid=10009, pid=1533
D/PowerManagerService(  799): updateWakeLockSummaryLocked: mWakefulness=Awake, mWakeLockSummary=0x1
D/PowerManagerService(  799): updateUserActivitySummaryLocked: mWakefulness=Awake, mUserActivitySummary=0x1, nextTimeout=911154 (in 51995 ms)
D/PowerManagerService(  799): mDisplayPowerRequest.policy = 3
D/PowerManagerService(  799): isWfdEnabled() mWfdStatus=WifiDisplayStatus{featureState=0, scanState=0, activeDisplayState=0, activeDisplay=null, displays=[], sessionInfo=WifiDisplaySessionInfo: C/O:Client,GId:,Pp:,SId:0,IP:}, return false
D/DisplayPowerController(  799): requestPowerState: policy=BRIGHT, useProximitySensor=false, screenBrightness=102, screenAutoBrightnessAdjustment=0.0, useAutoBrightness=true, blockScreenOn=false, lowPowerMode=false, boostScreenBrightness=false, dozeScreenBrightness=-1, dozeScreenState=UNKNOWN, waitForNegativeProximity=false
I/PowerManagerService(  799): setBrightness mButtonLight 0.
D/PowerManagerService(  799): updateDisplayPowerStateLocked: mDisplayReady=true, policy=3, mWakefulness=1, mWakeLockSummary=0x1, mUserActivitySummary=0x1, mBootCompleted=true, mScreenBrightnessBoostInProgress=false
D/PowerManagerService(  799): Acquiring suspend blocker "PowerManagerService.WakeLocks".
D/PowerManagerNotifier(  799): onWakeLockAcquired: flags=1, tag="NlpWakeLock", packageName=com.google.android.gms, ownerUid=10009, ownerPid=1533, workSource=WorkSource{10058 com.mediatek.nlpservice}
D/PowerManagerService(  799): releaseWakeLockInternal: lock=105154984 [NlpWakeLock], flags=0x0, total_time=3ms
D/ActivityThread( 1533): SVC-SERVICE_ARGS handled : 0 / ServiceArgsData{token=android.os.BinderProxy@8c979c startId=39 args=Intent { act=com.google.android.location.internal.GMS_NLP pkg=com.google.android.gms (has extras) }}
D/ActivityThread( 1533): SVC-Calling onStartCommand: com.google.android.location.network.NetworkLocationService@1557dfc9, flags=0, startId=8
D/PowerManagerNotifier(  799): onWakeLockReleased: flags=1, tag="NlpWakeLock", packageName=com.google.android.gms, ownerUid=10009, ownerPid=1533, workSource=WorkSource{10058 com.mediatek.nlpservice}
D/PowerManagerService(  799): updateWakeLockSummaryLocked: mWakefulness=Awake, mWakeLockSummary=0x0
D/PowerManagerService(  799): updateUserActivitySummaryLocked: mWakefulness=Awake, mUserActivitySummary=0x1, nextTimeout=911154 (in 51992 ms)
D/PowerManagerService(  799): mDisplayPowerRequest.policy = 3
D/ActivityThread( 1533): SVC-SERVICE_ARGS handled : 0 / ServiceArgsData{token=android.os.BinderProxy@29042147 startId=8 args=Intent { cmp=com.google.android.gms/com.google.android.location.network.NetworkLocationService (has extras) }}
D/PowerManagerService(  799): isWfdEnabled() mWfdStatus=WifiDisplayStatus{featureState=0, scanState=0, activeDisplayState=0, activeDisplay=null, displays=[], sessionInfo=WifiDisplaySessionInfo: C/O:Client,GId:,Pp:,SId:0,IP:}, return false
D/DisplayPowerController(  799): requestPowerState: policy=BRIGHT, useProximitySensor=false, screenBrightness=102, screenAutoBrightnessAdjustment=0.0, useAutoBrightness=true, blockScreenOn=false, lowPowerMode=false, boostScreenBrightness=false, dozeScreenBrightness=-1, dozeScreenState=UNKNOWN, waitForNegativeProximity=false
I/PowerManagerService(  799): setBrightness mButtonLight 0.
D/PowerManagerService(  799): updateDisplayPowerStateLocked: mDisplayReady=true, policy=3, mWakefulness=1, mWakeLockSummary=0x0, mUserActivitySummary=0x1, mBootCompleted=true, mScreenBrightnessBoostInProgress=false
D/PowerManagerService(  799): Releasing suspend blocker "PowerManagerService.WakeLocks".
D/PowerManagerService(  799): acquireWakeLockInternal: lock=743782532, flags=0x1, tag="NlpWakeLock", ws=WorkSource{10058 com.mediatek.nlpservice}, uid=10009, pid=1533
D/PowerManagerService(  799): updateWakeLockSummaryLocked: mWakefulness=Awake, mWakeLockSummary=0x1
D/PowerManagerService(  799): updateUserActivitySummaryLocked: mWakefulness=Awake, mUserActivitySummary=0x1, nextTimeout=911154 (in 51989 ms)
D/PowerManagerService(  799): mDisplayPowerRequest.policy = 3
D/PowerManagerService(  799): isWfdEnabled() mWfdStatus=WifiDisplayStatus{featureState=0, scanState=0, activeDisplayState=0, activeDisplay=null, displays=[], sessionInfo=WifiDisplaySessionInfo: C/O:Client,GId:,Pp:,SId:0,IP:}, return false
I/BufferQueueProducer(  233): [com.chartcross.gpstestplus/com.chartcross.gpstestplus.GPSTestPlus](this:0x7f8a767000,id:32,api:2,p:3009,c:233) new GraphicBuffer needed
D/DisplayPowerController(  799): requestPowerState: policy=BRIGHT, useProximitySensor=false, screenBrightness=102, screenAutoBrightnessAdjustment=0.0, useAutoBrightness=true, blockScreenOn=false, lowPowerMode=false, boostScreenBrightness=false, dozeScreenBrightness=-1, dozeScreenState=UNKNOWN, waitForNegativeProximity=false
I/[MALI][Gralloc](  233): Usage: 0x933, format: 0x2 stride: 1280 vertical_stride: 737 size: 3773440
I/PowerManagerService(  799): setBrightness mButtonLight 0.
D/PowerManagerService(  799): updateDisplayPowerStateLocked: mDisplayReady=true, policy=3, mWakefulness=1, mWakeLockSummary=0x1, mUserActivitySummary=0x1, mBootCompleted=true, mScreenBrightnessBoostInProgress=false
D/PowerManagerService(  799): Acquiring suspend blocker "PowerManagerService.WakeLocks".
D/PowerManagerNotifier(  799): onWakeLockAcquired: flags=1, tag="NlpWakeLock", packageName=com.google.android.gms, ownerUid=10009, ownerPid=1533, workSource=WorkSource{10058 com.mediatek.nlpservice}
D/WifiService(  799): acquireWifiLock, pid:1533, uid:10009
D/WifiService(  799): acquireWifiLockLocked: WifiLock{NlpWifiLock type=2 binder=android.os.BinderProxy@2d3a0d33}
D/WifiController(  799): ApStaDisabledState{ when=0 what=155654 target=com.android.internal.util.StateMachine$SmHandler }
D/WifiController(  799): DefaultState{ when=0 what=155654 target=com.android.internal.util.StateMachine$SmHandler }
D/GraphicBuffer(  233): alloc, handle(0x7f90c12840) (w:1280 h:737 s:1280 f:0x2 u:0x000933) err(0)
V/AlarmManager(  799): isAlarmNeedAlign : charging
D/AlarmManager(  799): remove(operation) changed bounds; rebatching
D/AlarmManager(  799): rebatchAllAlarmsLocked begin oldBatches count = 17
D/AlarmManager(  799): rebatchAllAlarmsLocked  batch.size() = 1
D/AlarmManager(  799): rebatchAllAlarmsLocked  batch.size() = 1
V/AlarmManager(  799): isAlarmNeedAlign : charging
D/AlarmManager(  799): set alarm to RTC 1075346
D/AlarmManager(  799): rebatchAllAlarmsLocked  batch.size() = 1
D/AlarmManager(  799): rebatchAllAlarmsLocked  batch.size() = 3
V/AlarmManager(  799): isAlarmNeedAlign : charging
V/AlarmManager(  799): isAlarmNeedAlign : charging
V/AlarmManager(  799): isAlarmNeedAlign : charging
D/AlarmManager(  799): rebatchAllAlarmsLocked  batch.size() = 3
D/GraphicBuffer( 3009): register, handle(0x7f82437a20) (w:1280 h:737 s:1280 f:0x2 u:0x000933)
V/AlarmManager(  799): isAlarmNeedAlign : charging
V/AlarmManager(  799): isAlarmNeedAlign : charging
D/AlarmManager(  799): rebatchAllAlarmsLocked  batch.size() = 1
V/AlarmManager(  799): isAlarmNeedAlign : charging
D/AlarmManager(  799): rebatchAllAlarmsLocked  batch.size() = 3
V/AlarmManager(  799): isAlarmNeedAlign : charging
V/AlarmManager(  799): isAlarmNeedAlign : charging
V/AlarmManager(  799): isAlarmNeedAlign : charging
D/AlarmManager(  799): rebatchAllAlarmsLocked  batch.size() = 1
D/AlarmManager(  799): rebatchAllAlarmsLocked  batch.size() = 1
D/AlarmManager(  799): rebatchAllAlarmsLocked  batch.size() = 1
D/AlarmManager(  799): rebatchAllAlarmsLocked  batch.size() = 4
V/AlarmManager(  799): isAlarmNeedAlign : charging
V/AlarmManager(  799): isAlarmNeedAlign : charging
V/AlarmManager(  799): isAlarmNeedAlign : charging
D/AlarmManager(  799): rebatchAllAlarmsLocked  batch.size() = 1
D/AlarmManager(  799): rebatchAllAlarmsLocked  batch.size() = 6
V/AlarmManager(  799): isAlarmNeedAlign : charging
V/AlarmManager(  799): isAlarmNeedAlign : charging
V/AlarmManager(  799): isAlarmNeedAlign : charging
V/AlarmManager(  799): isAlarmNeedAlign : charging
V/AlarmManager(  799): isAlarmNeedAlign : charging
D/AlarmManager(  799): rebatchAllAlarmsLocked  batch.size() = 1
V/AlarmManager(  799): isAlarmNeedAlign : charging
D/AlarmManager(  799): rebatchAllAlarmsLocked  batch.size() = 1
D/AlarmManager(  799): rebatchAllAlarmsLocked  batch.size() = 5
V/AlarmManager(  799): isAlarmNeedAlign : charging
V/AlarmManager(  799): isAlarmNeedAlign : charging
V/AlarmManager(  799): isAlarmNeedAlign : charging
V/AlarmManager(  799): isAlarmNeedAlign : charging
V/AlarmManager(  799): isAlarmNeedAlign : charging
D/AlarmManager(  799): rebatchAllAlarmsLocked  batch.size() = 1
V/AlarmManager(  799): isAlarmNeedAlign : charging
D/AlarmManager(  799): rebatchAllAlarmsLocked end
D/AlarmManager(  799): set alarm to RTC 864168
V/SettingsInterface(  799):  from settings cache , name = location_providers_allowed , value = gps,network
D/GsmCellLocation( 1432): fillInNotifierBundle:Bundle[{cid=3863, lac=9771, psc=-1, type=1}]
D/PhoneInterfaceManager( 1432): [PhoneIntfMgr] phone.getGsmCellLocation:Bundle[{cid=3863, lac=9771, psc=-1, type=1}]
E/CellLocation( 1533): create GsmCellLocation
V/SettingsInterface( 1432):  from settings cache , name = multi_sim_data_call , value = null
V/SettingsInterface( 1432):  from settings cache , name = multi_sim_sms , value = null
V/SettingsInterface( 1432):  from settings cache , name = multi_sim_voice_call , value = null
V/SettingsInterface( 1432):  from settings cache , name = multi_sim_voice_call , value = null
V/SettingsInterface( 1432):  from settings cache , name = multi_sim_voice_call , value = null
W/System.err( 1432): java.lang.NullPointerException: Attempt to invoke interface method 'android.telephony.ServiceState com.android.internal.telephony.Phone.getServiceState()' on a null object reference
W/System.err( 1432): 	at com.android.phone.PhoneInterfaceManager.getDataNetworkTypeForSubscriber(PhoneInterfaceManager.java:1899)
W/System.err( 1432): 	at com.android.phone.PhoneInterfaceManager.getDataNetworkType(PhoneInterfaceManager.java:1877)
W/System.err( 1432): 	at com.android.internal.telephony.ITelephony$Stub.onTransact(ITelephony.java:642)
W/System.err( 1432): 	at android.os.Binder.execTransact(Binder.java:451)
V/SettingsInterface( 1432):  from settings cache , name = multi_sim_voice_call , value = null
D/PowerManagerService(  799): acquireWakeLockInternal: lock=299986271, flags=0x1, tag="RILJ", ws=null, uid=1001, pid=1432
D/PowerManagerService(  799): updateWakeLockSummaryLocked: mWakefulness=Awake, mWakeLockSummary=0x1
D/PowerManagerService(  799): updateUserActivitySummaryLocked: mWakefulness=Awake, mUserActivitySummary=0x1, nextTimeout=911154 (in 51956 ms)
D/PowerManagerService(  799): mDisplayPowerRequest.policy = 3
D/PowerManagerService(  799): isWfdEnabled() mWfdStatus=WifiDisplayStatus{featureState=0, scanState=0, activeDisplayState=0, activeDisplay=null, displays=[], sessionInfo=WifiDisplaySessionInfo: C/O:Client,GId:,Pp:,SId:0,IP:}, return false
D/DisplayPowerController(  799): requestPowerState: policy=BRIGHT, useProximitySensor=false, screenBrightness=102, screenAutoBrightnessAdjustment=0.0, useAutoBrightness=true, blockScreenOn=false, lowPowerMode=false, boostScreenBrightness=false, dozeScreenBrightness=-1, dozeScreenState=UNKNOWN, waitForNegativeProximity=false
I/PowerManagerService(  799): setBrightness mButtonLight 0.
D/PowerManagerService(  799): updateDisplayPowerStateLocked: mDisplayReady=true, policy=3, mWakefulness=1, mWakeLockSummary=0x1, mUserActivitySummary=0x1, mBootCompleted=true, mScreenBrightnessBoostInProgress=false
D/PowerManagerNotifier(  799): onWakeLockAcquired: flags=1, tag="RILJ", packageName=com.android.phone, ownerUid=1001, ownerPid=1432, workSource=null
D/PowerManagerService(  799): releaseWakeLockInternal: lock=299986271 [RILJ], flags=0x0, total_time=20ms
D/PowerManagerNotifier(  799): onWakeLockReleased: flags=1, tag="RILJ", packageName=com.android.phone, ownerUid=1001, ownerPid=1432, workSource=null
D/PowerManagerService(  799): updateWakeLockSummaryLocked: mWakefulness=Awake, mWakeLockSummary=0x1
D/PowerManagerService(  799): updateUserActivitySummaryLocked: mWakefulness=Awake, mUserActivitySummary=0x1, nextTimeout=911154 (in 51936 ms)
D/PowerManagerService(  799): mDisplayPowerRequest.policy = 3
D/PowerManagerService(  799): isWfdEnabled() mWfdStatus=WifiDisplayStatus{featureState=0, scanState=0, activeDisplayState=0, activeDisplay=null, displays=[], sessionInfo=WifiDisplaySessionInfo: C/O:Client,GId:,Pp:,SId:0,IP:}, return false
D/DisplayPowerController(  799): requestPowerState: policy=BRIGHT, useProximitySensor=false, screenBrightness=102, screenAutoBrightnessAdjustment=0.0, useAutoBrightness=true, blockScreenOn=false, lowPowerMode=false, boostScreenBrightness=false, dozeScreenBrightness=-1, dozeScreenState=UNKNOWN, waitForNegativeProximity=false
I/PowerManagerService(  799): setBrightness mButtonLight 0.
D/PowerManagerService(  799): updateDisplayPowerStateLocked: mDisplayReady=true, policy=3, mWakefulness=1, mWakeLockSummary=0x1, mUserActivitySummary=0x1, mBootCompleted=true, mScreenBrightnessBoostInProgress=false
D/Surface (  233): Surface::setBuffersDimensions(this=0x7f915f4e00,w=800,h=1280)
D/PowerManagerService(  799): acquireWakeLockInternal: lock=299986271, flags=0x1, tag="RILJ", ws=null, uid=1001, pid=1432
D/PowerManagerService(  799): updateWakeLockSummaryLocked: mWakefulness=Awake, mWakeLockSummary=0x1
D/PowerManagerService(  799): updateUserActivitySummaryLocked: mWakefulness=Awake, mUserActivitySummary=0x1, nextTimeout=911154 (in 51931 ms)
D/PowerManagerService(  799): mDisplayPowerRequest.policy = 3
D/PowerManagerService(  799): isWfdEnabled() mWfdStatus=WifiDisplayStatus{featureState=0, scanState=0, activeDisplayState=0, activeDisplay=null, displays=[], sessionInfo=WifiDisplaySessionInfo: C/O:Client,GId:,Pp:,SId:0,IP:}, return false
D/DisplayPowerController(  799): requestPowerState: policy=BRIGHT, useProximitySensor=false, screenBrightness=102, screenAutoBrightnessAdjustment=0.0, useAutoBrightness=true, blockScreenOn=false, lowPowerMode=false, boostScreenBrightness=false, dozeScreenBrightness=-1, dozeScreenState=UNKNOWN, waitForNegativeProximity=false
I/PowerManagerService(  799): setBrightness mButtonLight 0.
D/PowerManagerService(  799): updateDisplayPowerStateLocked: mDisplayReady=true, policy=3, mWakefulness=1, mWakeLockSummary=0x1, mUserActivitySummary=0x1, mBootCompleted=true, mScreenBrightnessBoostInProgress=false
D/PowerManagerNotifier(  799): onWakeLockAcquired: flags=1, tag="RILJ", packageName=com.android.phone, ownerUid=1001, ownerPid=1432, workSource=null
D/PowerManagerService(  799): releaseWakeLockInternal: lock=299986271 [RILJ], flags=0x0, total_time=13ms
D/PowerManagerNotifier(  799): onWakeLockReleased: flags=1, tag="RILJ", packageName=com.android.phone, ownerUid=1001, ownerPid=1432, workSource=null
D/PowerManagerService(  799): updateWakeLockSummaryLocked: mWakefulness=Awake, mWakeLockSummary=0x1
D/PowerManagerService(  799): updateUserActivitySummaryLocked: mWakefulness=Awake, mUserActivitySummary=0x1, nextTimeout=911154 (in 51917 ms)
D/PowerManagerService(  799): mDisplayPowerRequest.policy = 3
D/PowerManagerService(  799): isWfdEnabled() mWfdStatus=WifiDisplayStatus{featureState=0, scanState=0, activeDisplayState=0, activeDisplay=null, displays=[], sessionInfo=WifiDisplaySessionInfo: C/O:Client,GId:,Pp:,SId:0,IP:}, return false
D/DisplayPowerController(  799): requestPowerState: policy=BRIGHT, useProximitySensor=false, screenBrightness=102, screenAutoBrightnessAdjustment=0.0, useAutoBrightness=true, blockScreenOn=false, lowPowerMode=false, boostScreenBrightness=false, dozeScreenBrightness=-1, dozeScreenState=UNKNOWN, waitForNegativeProximity=false
I/PowerManagerService(  799): setBrightness mButtonLight 0.
D/PowerManagerService(  799): updateDisplayPowerStateLocked: mDisplayReady=true, policy=3, mWakefulness=1, mWakeLockSummary=0x1, mUserActivitySummary=0x1, mBootCompleted=true, mScreenBrightnessBoostInProgress=false
V/SettingsInterface( 1432):  from settings cache , name = location_providers_allowed , value = gps,network
V/SettingsInterface( 1432):  from settings cache , name = location_providers_allowed , value = gps,network
D/PowerManagerService(  799): acquireWakeLockInternal: lock=382666697, flags=0x1, tag="RILJ", ws=null, uid=1001, pid=1432
D/PowerManagerService(  799): updateWakeLockSummaryLocked: mWakefulness=Awake, mWakeLockSummary=0x1
D/PowerManagerService(  799): updateUserActivitySummaryLocked: mWakefulness=Awake, mUserActivitySummary=0x1, nextTimeout=911154 (in 51906 ms)
D/PowerManagerService(  799): mDisplayPowerRequest.policy = 3
D/PowerManagerService(  799): isWfdEnabled() mWfdStatus=WifiDisplayStatus{featureState=0, scanState=0, activeDisplayState=0, activeDisplay=null, displays=[], sessionInfo=WifiDisplaySessionInfo: C/O:Client,GId:,Pp:,SId:0,IP:}, return false
D/DisplayPowerController(  799): requestPowerState: policy=BRIGHT, useProximitySensor=false, screenBrightness=102, screenAutoBrightnessAdjustment=0.0, useAutoBrightness=true, blockScreenOn=false, lowPowerMode=false, boostScreenBrightness=false, dozeScreenBrightness=-1, dozeScreenState=UNKNOWN, waitForNegativeProximity=false
I/PowerManagerService(  799): setBrightness mButtonLight 0.
D/PowerManagerService(  799): updateDisplayPowerStateLocked: mDisplayReady=true, policy=3, mWakefulness=1, mWakeLockSummary=0x1, mUserActivitySummary=0x1, mBootCompleted=true, mScreenBrightnessBoostInProgress=false
D/PowerManagerNotifier(  799): onWakeLockAcquired: flags=1, tag="RILJ", packageName=com.android.phone, ownerUid=1001, ownerPid=1432, workSource=null
V/SettingsInterface( 1432):  from settings cache , name = location_providers_allowed , value = gps,network
V/SettingsInterface( 1432):  from settings cache , name = location_providers_allowed , value = gps,network
D/PowerManagerService(  799): releaseWakeLockInternal: lock=382666697 [RILJ], flags=0x0, total_time=6ms
D/PowerManagerNotifier(  799): onWakeLockReleased: flags=1, tag="RILJ", packageName=com.android.phone, ownerUid=1001, ownerPid=1432, workSource=null
D/PowerManagerService(  799): updateWakeLockSummaryLocked: mWakefulness=Awake, mWakeLockSummary=0x1
W/System.err( 1432): java.lang.NullPointerException: Attempt to invoke interface method 'java.lang.Object[] java.util.Collection.toArray()' on a null object reference
D/PowerManagerService(  799): updateUserActivitySummaryLocked: mWakefulness=Awake, mUserActivitySummary=0x1, nextTimeout=911154 (in 51900 ms)
D/PowerManagerService(  799): mDisplayPowerRequest.policy = 3
W/System.err( 1432): 	at java.util.ArrayList.addAll(ArrayList.java:188)
W/System.err( 1432): 	at com.android.phone.PhoneInterfaceManager.getAllCellInfo(PhoneInterfaceManager.java:1599)
D/PowerManagerService(  799): isWfdEnabled() mWfdStatus=WifiDisplayStatus{featureState=0, scanState=0, activeDisplayState=0, activeDisplay=null, displays=[], sessionInfo=WifiDisplaySessionInfo: C/O:Client,GId:,Pp:,SId:0,IP:}, return false
W/System.err( 1432): 	at com.android.internal.telephony.ITelephony$Stub.onTransact(ITelephony.java:714)
W/System.err( 1432): 	at android.os.Binder.execTransact(Binder.java:451)
D/DisplayPowerController(  799): requestPowerState: policy=BRIGHT, useProximitySensor=false, screenBrightness=102, screenAutoBrightnessAdjustment=0.0, useAutoBrightness=true, blockScreenOn=false, lowPowerMode=false, boostScreenBrightness=false, dozeScreenBrightness=-1, dozeScreenState=UNKNOWN, waitForNegativeProximity=false
I/PowerManagerService(  799): setBrightness mButtonLight 0.
D/PowerManagerService(  799): updateDisplayPowerStateLocked: mDisplayReady=true, policy=3, mWakefulness=1, mWakeLockSummary=0x1, mUserActivitySummary=0x1, mBootCompleted=true, mScreenBrightnessBoostInProgress=false
D/GsmCellLocation( 1432): fillInNotifierBundle:Bundle[{cid=3863, lac=9771, psc=-1, type=1}]
D/PhoneInterfaceManager( 1432): [PhoneIntfMgr] phone.getGsmCellLocation:Bundle[{cid=3863, lac=9771, psc=-1, type=1}]
E/CellLocation( 1533): create GsmCellLocation
V/SettingsInterface( 1432):  from settings cache , name = multi_sim_voice_call , value = null
V/SettingsInterface( 1432):  from settings cache , name = multi_sim_voice_call , value = null
D/AlarmManager(  799): remove(operation) changed bounds; rebatching
D/AlarmManager(  799): rebatchAllAlarmsLocked begin oldBatches count = 17
D/AlarmManager(  799): rebatchAllAlarmsLocked  batch.size() = 1
D/AlarmManager(  799): rebatchAllAlarmsLocked  batch.size() = 1
V/AlarmManager(  799): isAlarmNeedAlign : charging
D/AlarmManager(  799): set alarm to RTC 1075346
D/AlarmManager(  799): rebatchAllAlarmsLocked  batch.size() = 1
D/AlarmManager(  799): rebatchAllAlarmsLocked  batch.size() = 3
V/AlarmManager(  799): isAlarmNeedAlign : charging
V/AlarmManager(  799): isAlarmNeedAlign : charging
V/AlarmManager(  799): isAlarmNeedAlign : charging
D/AlarmManager(  799): rebatchAllAlarmsLocked  batch.size() = 3
V/AlarmManager(  799): isAlarmNeedAlign : charging
V/AlarmManager(  799): isAlarmNeedAlign : charging
D/AlarmManager(  799): rebatchAllAlarmsLocked  batch.size() = 1
V/AlarmManager(  799): isAlarmNeedAlign : charging
D/AlarmManager(  799): rebatchAllAlarmsLocked  batch.size() = 3
V/AlarmManager(  799): isAlarmNeedAlign : charging
V/AlarmManager(  799): isAlarmNeedAlign : charging
V/AlarmManager(  799): isAlarmNeedAlign : charging
D/AlarmManager(  799): rebatchAllAlarmsLocked  batch.size() = 1
D/AlarmManager(  799): rebatchAllAlarmsLocked  batch.size() = 1
D/AlarmManager(  799): rebatchAllAlarmsLocked  batch.size() = 1
D/AlarmManager(  799): rebatchAllAlarmsLocked  batch.size() = 4
V/AlarmManager(  799): isAlarmNeedAlign : charging
V/AlarmManager(  799): isAlarmNeedAlign : charging
V/AlarmManager(  799): isAlarmNeedAlign : charging
D/AlarmManager(  799): rebatchAllAlarmsLocked  batch.size() = 1
D/AlarmManager(  799): rebatchAllAlarmsLocked  batch.size() = 6
V/AlarmManager(  799): isAlarmNeedAlign : charging
V/AlarmManager(  799): isAlarmNeedAlign : charging
V/AlarmManager(  799): isAlarmNeedAlign : charging
V/AlarmManager(  799): isAlarmNeedAlign : charging
V/AlarmManager(  799): isAlarmNeedAlign : charging
D/AlarmManager(  799): rebatchAllAlarmsLocked  batch.size() = 1
V/AlarmManager(  799): isAlarmNeedAlign : charging
D/AlarmManager(  799): rebatchAllAlarmsLocked  batch.size() = 1
D/AlarmManager(  799): rebatchAllAlarmsLocked  batch.size() = 5
V/AlarmManager(  799): isAlarmNeedAlign : charging
V/AlarmManager(  799): isAlarmNeedAlign : charging
V/AlarmManager(  799): isAlarmNeedAlign : charging
V/AlarmManager(  799): isAlarmNeedAlign : charging
V/AlarmManager(  799): isAlarmNeedAlign : charging
D/AlarmManager(  799): rebatchAllAlarmsLocked  batch.size() = 1
V/AlarmManager(  799): isAlarmNeedAlign : charging
D/AlarmManager(  799): rebatchAllAlarmsLocked end
D/AlarmManager(  799): set alarm to RTC 876849
D/WifiService(  799): releaseWifiLock, pid:1533, uid:10009
D/WifiService(  799): releaseWifiLockLocked: WifiLock{NlpWifiLock type=2 binder=android.os.BinderProxy@2d3a0d33}
D/WifiController(  799): ApStaDisabledState{ when=0 what=155654 target=com.android.internal.util.StateMachine$SmHandler }
D/WifiController(  799): DefaultState{ when=0 what=155654 target=com.android.internal.util.StateMachine$SmHandler }
D/PowerManagerService(  799): releaseWakeLockInternal: lock=743782532 [NlpWakeLock], flags=0x0, total_time=104ms
D/PowerManagerNotifier(  799): onWakeLockReleased: flags=1, tag="NlpWakeLock", packageName=com.google.android.gms, ownerUid=10009, ownerPid=1533, workSource=WorkSource{10058 com.mediatek.nlpservice}
D/PowerManagerService(  799): updateWakeLockSummaryLocked: mWakefulness=Awake, mWakeLockSummary=0x0
D/PowerManagerService(  799): updateUserActivitySummaryLocked: mWakefulness=Awake, mUserActivitySummary=0x1, nextTimeout=911154 (in 51885 ms)
D/PowerManagerService(  799): mDisplayPowerRequest.policy = 3
D/PowerManagerService(  799): isWfdEnabled() mWfdStatus=WifiDisplayStatus{featureState=0, scanState=0, activeDisplayState=0, activeDisplay=null, displays=[], sessionInfo=WifiDisplaySessionInfo: C/O:Client,GId:,Pp:,SId:0,IP:}, return false
D/DisplayPowerController(  799): requestPowerState: policy=BRIGHT, useProximitySensor=false, screenBrightness=102, screenAutoBrightnessAdjustment=0.0, useAutoBrightness=true, blockScreenOn=false, lowPowerMode=false, boostScreenBrightness=false, dozeScreenBrightness=-1, dozeScreenState=UNKNOWN, waitForNegativeProximity=false
I/PowerManagerService(  799): setBrightness mButtonLight 0.
D/PowerManagerService(  799): updateDisplayPowerStateLocked: mDisplayReady=true, policy=3, mWakefulness=1, mWakeLockSummary=0x0, mUserActivitySummary=0x1, mBootCompleted=true, mScreenBrightnessBoostInProgress=false
D/PowerManagerService(  799): Releasing suspend blocker "PowerManagerService.WakeLocks".
D/RecentsTaskLoadPlan(  966): preloadPlan
D/SystemServicesProxy(  966): getRecentTasks:TASK = Task.Key: 72, u: 0, lat: 1262304884829, com.chartcross.gpstestplus/isExcluded = false/isTopTaskHome = true/isFirstValidTask = true/t.id = 72
D/SystemServicesProxy(  966): getRecentTasks:TASK = Task.Key: 70, u: 0, lat: 1262304604785, com.google.android.gsf/isExcluded = true/isTopTaskHome = true/isFirstValidTask = false/t.id = -1
D/SystemServicesProxy(  966): getRecentTasks:TASK = Task.Key: 69, u: 0, lat: 1262304602100, com.google.android.gms/isExcluded = true/isTopTaskHome = true/isFirstValidTask = false/t.id = -1
D/SystemServicesProxy(  966): getRecentTasks:TASK = Task.Key: 65, u: 0, lat: 1422464600513, com.android.settings/isExcluded = false/isTopTaskHome = true/isFirstValidTask = false/t.id = -1
D/SystemServicesProxy(  966): getRecentTasks:TASK = Task.Key: 64, u: 0, lat: 1422463905872, com.android.dialer/isExcluded = false/isTopTaskHome = true/isFirstValidTask = false/t.id = -1
D/SystemServicesProxy(  966): getRecentTasks:TASK = Task.Key: 62, u: 0, lat: 1422295675927, com.android.quicksearchbox/isExcluded = false/isTopTaskHome = true/isFirstValidTask = false/t.id = -1
D/SystemServicesProxy(  966): getRecentTasks:TASK = Task.Key: 23, u: 0, lat: 1420131945020, com.android.calculator2/isExcluded = false/isTopTaskHome = true/isFirstValidTask = false/t.id = -1
D/SystemServicesProxy(  966): getRecentTasks:TASK = Task.Key: 58, u: 0, lat: 1420388902928, com.mediatek.filemanager/isExcluded = false/isTopTaskHome = true/isFirstValidTask = false/t.id = -1
D/RecentsTaskLoadPlan(  966): preloadRawTasks, tasks: 6
D/RecentsTaskLoader(  966): mActivityLabelCache: File Manager (LastActiveTime: 1420388902928, 1420388902928) 1262304885843
D/RecentsTaskLoadPlan(  966): 	thumbnail: Task.Key: 58, u: 0, lat: 1420388902928, com.mediatek.filemanager, android.graphics.Bitmap@b506972
D/RecentsTaskLoader(  966): mActivityLabelCache: Calculator (LastActiveTime: 1420131945020, 1420131945020) 1262304885844
D/RecentsTaskLoadPlan(  966): 	thumbnail: Task.Key: 23, u: 0, lat: 1420131945020, com.android.calculator2, android.graphics.Bitmap@1189d1c3
D/RecentsTaskLoader(  966): mActivityLabelCache: Search (LastActiveTime: 1422295675927, 1422295675927) 1262304885844
D/RecentsTaskLoadPlan(  966): 	thumbnail: Task.Key: 62, u: 0, lat: 1422295675927, com.android.quicksearchbox, android.graphics.Bitmap@3569ea40
D/RecentsTaskLoader(  966): mActivityLabelCache: Phone (LastActiveTime: 1422463905872, 1422463905872) 1262304885844
D/RecentsTaskLoadPlan(  966): 	thumbnail: Task.Key: 64, u: 0, lat: 1422463905872, com.android.dialer, android.graphics.Bitmap@30f86d79
D/RecentsTaskLoader(  966): mActivityLabelCache: Settings (LastActiveTime: 1422464600513, 1422464600513) 1262304885844
D/RecentsTaskLoadPlan(  966): 	thumbnail: Task.Key: 65, u: 0, lat: 1422464600513, com.android.settings, android.graphics.Bitmap@2fb7aabe
D/RecentsTaskLoader(  966): getActivityLabel: GPS Test Plus
D/RecentsTaskLoadPlan(  966): 	thumbnail: Task.Key: 72, u: 0, lat: 1262304884829, com.chartcross.gpstestplus, null
D/RecentsTaskLoadPlan(  966): executePlan, # tasks: 2, # thumbnails: 2, running task id: 72
D/MNLD    (  362): process: socket_handler: ret = 0
D/MNLD    (  362): process: epoll_wait() received 2 events
D/MNLD    (  362): sigrcv_handler: args from mnld: 48
D/MNLD    (  362): mnl_set_alarm: (0, 0xF68370B8, 5)
D/MNLD    (  362): process: sigrc_handler: ret = 0
D/MNLD    (  362): process: epoll_wait() received 1 events
D/MNLD    (  362): process: mnl2agps_handler: ret = 0
D/MNLD    (  362): set_id_req: set_id_req
D/MNLD    (  362): mnld_sendto_hal: mnld2hal fd: 10
E/MNLD    (  362): main: process data error: 2 (No such file or directory)
D/gps_mtk (  799): mnld_to_gps_handler: line = 3203WARNING: mnld_to_gps_handler  ret=1024 type=233
V/SettingsInterface( 1432):  from settings cache , name = multi_sim_voice_call , value = null
D/gps_mtk (  799): mtk_daemon_send: line = 672mtk_daemon_send 188
D/MNLD    (  362): process: epoll_wait() received 1 events
D/MNLD    (  362): socket_handler: args from hal: 131
D/agps    (  362): [MNL2AGPS] type=0, setid = 
D/MNLD    (  362): process: socket_handler: ret = 0
D/agps    (  357): [agps][n][AGPS] [MNL] read  set_set_id  type=0 setid=[]
D/agps    (  357): [agps][n][AGPS] [MNL] write  ref_loc_req  flags=0x1
D/MNLD    (  362): process: epoll_wait() received 1 events
D/MNLD    (  362): process: mnl2agps_handler: ret = 0
D/MNLD    (  362): ref_loc_req: ref_loc_req
D/MNLD    (  362): mnld_sendto_hal: mnld2hal fd: 10
E/MNLD    (  362): main: process data error: 2 (No such file or directory)
D/gps_mtk (  799): mnld_to_gps_handler: line = 3203WARNING: mnld_to_gps_handler  ret=1024 type=234
V/SettingsInterface( 1432):  from settings cache , name = multi_sim_voice_call , value = null
W/System.err( 1432): java.lang.NullPointerException: Attempt to invoke interface method 'int com.android.internal.telephony.Phone.getPhoneType()' on a null object reference
W/System.err( 1432): 	at com.android.phone.PhoneInterfaceManager.getActivePhoneTypeForSubscriber(PhoneInterfaceManager.java:1742)
W/System.err( 1432): 	at com.android.internal.telephony.ITelephony$Stub.onTransact(ITelephony.java:522)
W/System.err( 1432): 	at android.os.Binder.execTransact(Binder.java:451)
I/sn      (  377): Retry 84
I/sn      (  377): Fail to access err=No such file or directory
I/sn      (  377): Fail to access err=No such file or directory
I/sn      (  377): Fail to access err=Permission denied
I/sn      (  377): Check all possible paths
D/mnl_linux(  362): mtk_gps_sys_nmea_output_to_app: $GPGGA,001502.009,8960.0000,N,00000.0000,E,0,0,,137.0,M,13.0,M,,*4C
D/mnl_linux(  362): $GPGSA,A,1,,,,,,,,,,,,,99.99,99.99,99.99*30
D/mnl_linux(  362): $GPGSV,1,1,0*49
D/mnl_linux(  362): $GPRMC,001502.009,V,8960.0000,N,00000.0000,E,0.000,0.00,010110,,,N*4F
D/mnl_linux(  362): $GPVTG,0.00,T,,M,0.000,N,0.000,K,N*32
D/mnl_linux(  362): $GPACCURACY,3162.1*3F
D/MNLD    (  362): send_cmd_ex: slf_send_cmd (13, 0x30)
D/gps_mtk (  799): gps_state_thread: line = 3856received 264 bytes:
D/MNLD    (  362): process: epoll_wait() received 1 events
D/MNLD    (  362): sigrcv_handler: args from mnld: 48
D/gps_mtk (  799): nmea_reader_update_time: line = 1585fix_time: 1262304902
D/MNLD    (  362): mnl_set_alarm: (0, 0xF68370B8, 5)
D/gps_mtk (  799): nmea_reader_parse: line = 2294r->sv_status.num_svs = 0, gps_nmea_end_tag = 0
D/MNLD    (  362): process: sigrc_handler: ret = 0
D/gps_mtk (  799): nmea_reader_addc: line = 2328start nmea_cb
D/MNLD    (  362): mtk_gps_sys_gps_mnl_callback: MTK_GPS_MSG_FIX_READY,GET_RTC_FAIL
D/gps_mtk (  799): nmea_reader_parse: line = 2294r->sv_status.num_svs = 0, gps_nmea_end_tag = 0
D/gps_mtk (  799): nmea_reader_addc: line = 2328start nmea_cb
D/gps_mtk (  799): nmea_reader_parse: line = 2207r->sv_count = 0
D/MNLD    (  362): mtk_gps_sys_gps_mnl_callback: gps_measurement_state = 255 ,state = 2
D/gps_mtk (  799): nmea_reader_parse: line = 2294r->sv_status.num_svs = 0, gps_nmea_end_tag = 0
D/gps_mtk (  799): nmea_reader_addc: line = 2328start nmea_cb
D/gps_mtk (  799): nmea_reader_parse: line = 2294r->sv_status.num_svs = 0, gps_nmea_end_tag = 0
D/gps_mtk (  799): nmea_reader_addc: line = 2328start nmea_cb
D/gps_mtk (  799): nmea_reader_parse: line = 2294r->sv_status.num_svs = 0, gps_nmea_end_tag = 0
D/gps_mtk (  799): nmea_reader_addc: line = 2328start nmea_cb
D/gps_mtk (  799): nmea_reader_parse: line = 2231GPS get accuracy failed, fix mode:1
D/gps_mtk (  799): nmea_reader_parse: line = 2294r->sv_status.num_svs = 0, gps_nmea_end_tag = 1
D/gps_mtk (  799): nmea_reader_addc: line = 2328start nmea_cb
D/agps    (  357): [agps] WARNING: [AGPS] agps2_ref_loc_timeout
D/agps    (  357): [agps][n][CP] [MD_1] write  nbr_cell_info_reg_req
D/agps    (  357): [agps][n][CP] [MD_1] read  nbr_cell_info_reg_cnf  rat_mode=1 (GSM=1 UMTS=2 LTE=4) is_nbr_info_valid=1
D/agps    (  357): [agps][n][CP] [MD_1] write  nbr_cell_info_dereg_req
D/agps    (  357): [agps][n][AGPS] agps2_mgr_session_req  type=[UP]
E/agps    (  357): [agps] ERR: [AGPS] update_imsi_to_supl_swip  IMSI is invalid
D/agps    (  357): [agps][SUPL] config supl_version=1 eCID=1 addr=[supl.google.com] port=7275 tls=1
D/agps    (  357): [agps][n][task] supl  rcv src=[MOD_MMI] dest=[MOD_SUPL] msg=[MSG_ID_SUPL_MMI_CONFIG_REQ]
V/MtkAgpsNative(  357): supl_mmi_msg_hdlr msg_id(6)(MSG_ID_SUPL_MMI_CONFIG_REQ)
D/agps    (  357): [agps][SUPL] create type=[SI] trigger_type=[NONE] pos_method=[BASE]
D/agps    (  357): [agps][SUPL] qop horacc=22 veracc=0(used=0) maxLocAge=0(used=0) delay=0(used=0)
D/agps    (  357): [agps][n][task] supl  rcv src=[MOD_MMI] dest=[MOD_SUPL] msg=[MSG_ID_SUPL_MMI_CREATE_REQ]
V/MtkAgpsNative(  357): supl_mmi_msg_hdlr msg_id(7)(MSG_ID_SUPL_MMI_CREATE_REQ)
V/MtkAgpsNative(  357): supl_mmi_create_req_hdlr type(1)
V/MtkAgpsNative(  357): supl_mmi_si_hdlr
D/MtkAgpsNative(  357): [agps][SUPL] Immediate SI session
V/MtkAgpsNative(  357): supl_fsm_terminated event(0)(SUPL_EVENT_MMI_SI_REQ)
V/MtkAgpsNative(  357): Enter supl_loc_request
D/MtkAgpsNative(  357): Enter supl_os_set_timer interval(1)
D/MtkAgpsNative(  357): supl_os_set_timer id(-167616352) pNF(0xf602d030)
D/agps    (  357): [agps][n][CP] [MD_1] write  nbr_cell_info_reg_req
D/agps    (  357): [agps][n][CP] [MD_1] read  nbr_cell_info_dereg_cnf
D/agps    (  357): [agps][n][CP] [MD_1] read  nbr_cell_info_reg_cnf  rat_mode=1 (GSM=1 UMTS=2 LTE=4) is_nbr_info_valid=1
D/agps    (  357): [agps][n][SUPL] supl_l4c_msg_hdlr2  is_nbr_info_valid=1
D/agps    (  357): [agps][n][SUPL] supl_l4c_nbr_cell_info_update: use preferred eCell: i(0) diiff_time(0) n(3)
I/MtkAgpsNative(  357): supl_os_kill_timer id(-167616352)
D/MtkAgpsNative(  357): supl_os_kill_timer(): free pNF(0xf602d030)
D/MtkAgpsNative(  357): supl_os_kill_timer(): free pIT
D/MtkAgpsNative(  357): [ULP] Tx supl_ulp_send_msg (SUPL_ULP_MSG_SUPL_START) (Uplink)
D/agps    (  357): [agps] WARNING: [APP] SUPL_START [SET_BASE][1.0.0] [Snd]
D/agps    (  357): [agps][n][SUPL] version=1 support_network_used=0 wlan=0 is_associated=0
D/agps    (  357): [agps] WARNING: [APP] GSM Cell mcc=460 mnc=0 lac=9771 ci=3863
I/MtkAgpsNative(  357): Enter supl_conn_send_create_req
D/MtkAgpsNative(  357): Enter supl_os_set_timer interval(20)
D/MtkAgpsNative(  357): supl_os_set_timer id(-167616328) pNF(0xf602d050)
D/agps    (  357): [agps][n][task] supl  rcv src=[MOD_SUPL] dest=[MOD_SUPL_CONN] msg=[MSG_ID_SUPL_CONN_CREATE_REQ]
I/MtkAgpsNative(  357): supl_int_msg_hdlr(28)(MSG_ID_SUPL_CONN_CREATE_REQ)
I/MtkAgpsNative(  357): [SUPL]    -> soc_ip_check(): not digit ip addr!!
D/agps    (  357): [agps][n][CP] [MD_1] write  nbr_cell_info_dereg_req
D/agps    (  357): [agps] WARNING: [APP] DNS query [supl.google.com] IPv4/IPv6
D/libc-netbsd(  357): [getaddrinfo]: hostname=supl.google.com; servname=7275; cache_mode=(null), netid=0; mark=0
D/libc-netbsd(  357): [getaddrinfo]: ai_addrlen=0; ai_canonname=(null); ai_flags=1024; ai_family=0
D/FrameworkListener(  344): dispatchCommand data = (getaddrinfo supl.google.com 7275 1024 0 1 0 0)
D/agps    (  357): [agps][n][CP] [MD_1] read  nbr_cell_info_dereg_cnf
D/libc-netbsd(  344): [getaddrinfo]: hostname=supl.google.com; servname=7275; cache_mode=local, netid=0; mark=917504
D/libc-netbsd(  344): [getaddrinfo]: ai_addrlen=0; ai_canonname=(null); ai_flags=1024; ai_family=0
D/libc-netbsd(  344): default dns: query_ipv6=0, query_ipv4=0
D/libc-netbsd(  357): getaddrinfo: supl.google.com NO result from proxy 
E/agps    (  357): [agps] ERR: [Utility] do_getaddrinfo_v4v6  failure reason=[No address associated with hostname] 7
E/agps    (  357): [agps] ERR: [SUPL_CONN_ADP] do_getaddrinfo_v4v6 failed
D/agps    (  357): [agps][n][task] supl  rcv src=[MOD_SOC] dest=[MOD_SUPL_CONN] msg=[MSG_ID_APP_SOC_GET_HOST_BY_NAME_IND]
W/MtkAgpsNative(  357): tls_validate_conn(): s(0) TLS_ACCESS_INVALID_CONN
I/MtkAgpsNative(  357): supl_tls_close(): tls_shutdown: err -17
I/MtkAgpsNative(  357): supl_tls_close(): tls_delete_conn: err -16
I/MtkAgpsNative(  357): supl_tls_close(): tls_delete_ctx: err -4
D/agps    (  357): [agps] WARNING: [APP] Close Connection
E/agps    (  357): [agps] ERR: [SUPL_CONN_ADP] is_socket_valid  socket_fds[s]=-1 is invalid
E/agps    (  357): [agps] ERR: [SUPL_CONN_ADP] soc_close  s=0 is invalid
D/agps    (  357): [agps][n][task] supl  rcv src=[MOD_SUPL_CONN] dest=[MOD_SUPL] msg=[MSG_ID_SUPL_CONN_FAIL_IND]
I/MtkAgpsNative(  357): supl_int_msg_hdlr(33)(MSG_ID_SUPL_CONN_FAIL_IND)
D/MtkAgpsNative(  357): MSG_ID_SUPL_CONN_FAIL_IND:step A: cause(2), retry(0)
D/MtkAgpsNative(  357): MSG_ID_SUPL_CONN_FAIL_IND:step B
I/MtkAgpsNative(  357): supl_os_kill_timer id(-167616328)
D/MtkAgpsNative(  357): supl_os_kill_timer(): free pNF(0xf602d050)
D/MtkAgpsNative(  357): supl_os_kill_timer(): free pIT
D/MtkAgpsNative(  357): MSG_ID_SUPL_CONN_FAIL_IND:step C
D/agps    (  357): [agps][n][task] supl  rcv src=[MOD_SUPL] dest=[MOD_SUPL_CONN] msg=[MSG_ID_SUPL_CONN_CLOSE_REQ]
I/MtkAgpsNative(  357): supl_int_msg_hdlr(34)(MSG_ID_SUPL_CONN_CLOSE_REQ)
D/agps    (  357): [agps][SUPL] MMI msg_id=[MSG_ID_SUPL_MMI_CLOSE_IND]
D/agps    (  357): [agps][SUPL] req_id=1 case=[SUPL_MMI_CAUSE_NETWORK_CREATE_FAIL]
D/agps    (  357): [agps][n][AGPS] agps2_mgr_session_release  type=[UP]
D/agps    (  357): [agps] WARNING: [AGPS] AGPS session finished
D/agps    (  357): [agps][n][Profiling] === profiling_dump  max_element=10 element_num=3
D/agps    (  357): [agps][n][Profiling] i=0 type=0 temstamp=1262304885656 msg=[MNL sends the SI_REQ]
D/agps    (  357): [agps][n][Profiling] i=1 type=0 temstamp=1262304885656 msg=[AGPS accepts this request]
D/agps    (  357): [agps][n][Profiling] i=2 type=2 temstamp=1262304887114 msg=[DNS query failure]
D/agps    (  357): [agps][n][Profiling] ==================================
D/gps_mtk (  799): gps_state_thread: line = 3856received 264 bytes:
D/gps_mtk (  799): nmea_reader_update_time: line = 1585fix_time: 1262304903
D/gps_mtk (  799): nmea_reader_parse: line = 2294r->sv_status.num_svs = 0, gps_nmea_end_tag = 0
D/gps_mtk (  799): nmea_reader_addc: line = 2328start nmea_cb
D/gps_mtk (  799): nmea_reader_parse: line = 2294r->sv_status.num_svs = 0, gps_nmea_end_tag = 0
D/gps_mtk (  799): nmea_reader_addc: line = 2328start nmea_cb
D/gps_mtk (  799): nmea_reader_parse: line = 2207r->sv_count = 0
D/gps_mtk (  799): nmea_reader_parse: line = 2294r->sv_status.num_svs = 0, gps_nmea_end_tag = 0
D/gps_mtk (  799): nmea_reader_addc: line = 2328start nmea_cb
D/gps_mtk (  799): nmea_reader_parse: line = 2294r->sv_status.num_svs = 0, gps_nmea_end_tag = 0
D/gps_mtk (  799): nmea_reader_addc: line = 2328start nmea_cb
D/gps_mtk (  799): nmea_reader_parse: line = 2294r->sv_status.num_svs = 0, gps_nmea_end_tag = 0
D/gps_mtk (  799): nmea_reader_addc: line = 2328start nmea_cb
D/gps_mtk (  799): nmea_reader_parse: line = 2231GPS get accuracy failed, fix mode:1
D/gps_mtk (  799): nmea_reader_parse: line = 2294r->sv_status.num_svs = 0, gps_nmea_end_tag = 1
D/gps_mtk (  799): nmea_reader_addc: line = 2328start nmea_cb
D/mnl_linux(  362): mtk_gps_sys_nmea_output_to_app: $GPGGA,001503.009,8960.0000,N,00000.0000,E,0,0,,137.0,M,13.0,M,,*4D
D/mnl_linux(  362): $GPGSA,A,1,,,,,,,,,,,,,99.99,99.99,99.99*30
D/mnl_linux(  362): $GPGSV,1,1,0*49
D/mnl_linux(  362): $GPRMC,001503.009,V,8960.0000,N,00000.0000,E,0.000,0.00,010110,,,N*4E
D/mnl_linux(  362): $GPVTG,0.00,T,,M,0.000,N,0.000,K,N*32
D/mnl_linux(  362): $GPACCURACY,3162.1*3F
D/MNLD    (  362): send_cmd_ex: slf_send_cmd (13, 0x30)
D/MNLD    (  362): process: epoll_wait() received 1 events
D/MNLD    (  362): sigrcv_handler: args from mnld: 48
D/MNLD    (  362): mnl_set_alarm: (0, 0xF68370B8, 5)
D/MNLD    (  362): process: sigrc_handler: ret = 0
D/MNLD    (  362): mtk_gps_sys_gps_mnl_callback: MTK_GPS_MSG_FIX_READY,GET_RTC_FAIL
D/MNLD    (  362): mtk_gps_sys_gps_mnl_callback: gps_measurement_state = 255 ,state = 2
D/agps    (  357): [agps] WARNING: [Utility] memory list show len=0
D/TaskPersister(  799): removeObsoleteFile: deleting file=71_task.xml
D/TaskPersister(  799): removeObsoleteFile: deleting file=71_task_thumbnail.png
W/Watchdog(  799): SWT Watchdog after wait current time:861904
D/AES     (  799): AEEIOCTL_GET/SET_SF_STATE IOCTL,cmd= 1074294797, lParam=0. 
W/Watchdog(  799): **Get SF Time **1
D/AES     (  799): AEEIOCTL_RT_MON_Kick IOCTL,cmd= -2147192822, lParam=400. 
W/Watchdog(  799): SWT Watchdog before synchronized:861918
W/Watchdog(  799): SWT Watchdog after synchronized:861924
W/Watchdog(  799): SWT Watchdog before wait timeout:30000
W/Watchdog(  799): SWT Watchdog before wait current time:861932
W/Watchdog(  799): SWT Watchdog before wait start:861928
W/Watchdog(  799): SWT Watchdog before wait CHECK_INTERVAL:30000
D/InputReader(  799): InputReader::monitor: lock
D/InputReader(  799): InputReader::monitor: wait 
D/InputReader(  799): InputReader::monitor: unlock
D/InputReader(  799): InputReader::monitor: done
D/gps_mtk (  799): gps_state_thread: line = 3856received 264 bytes:
D/gps_mtk (  799): nmea_reader_update_time: line = 1585fix_time: 1262304904
D/gps_mtk (  799): nmea_reader_parse: line = 2294r->sv_status.num_svs = 0, gps_nmea_end_tag = 0
D/gps_mtk (  799): nmea_reader_addc: line = 2328start nmea_cb
D/gps_mtk (  799): nmea_reader_parse: line = 2294r->sv_status.num_svs = 0, gps_nmea_end_tag = 0
D/gps_mtk (  799): nmea_reader_addc: line = 2328start nmea_cb
D/gps_mtk (  799): nmea_reader_parse: line = 2207r->sv_count = 0
D/gps_mtk (  799): nmea_reader_parse: line = 2294r->sv_status.num_svs = 0, gps_nmea_end_tag = 0
D/gps_mtk (  799): nmea_reader_addc: line = 2328start nmea_cb
D/gps_mtk (  799): nmea_reader_parse: line = 2294r->sv_status.num_svs = 0, gps_nmea_end_tag = 0
D/gps_mtk (  799): nmea_reader_addc: line = 2328start nmea_cb
D/gps_mtk (  799): nmea_reader_parse: line = 2294r->sv_status.num_svs = 0, gps_nmea_end_tag = 0
D/gps_mtk (  799): nmea_reader_addc: line = 2328start nmea_cb
D/gps_mtk (  799): nmea_reader_parse: line = 2231GPS get accuracy failed, fix mode:1
D/gps_mtk (  799): nmea_reader_parse: line = 2294r->sv_status.num_svs = 0, gps_nmea_end_tag = 1
D/gps_mtk (  799): nmea_reader_addc: line = 2328start nmea_cb
D/mnl_linux(  362): mtk_gps_sys_nmea_output_to_app: $GPGGA,001504.009,8960.0000,N,00000.0000,E,0,0,,137.0,M,13.0,M,,*4A
D/mnl_linux(  362): $GPGSA,A,1,,,,,,,,,,,,,99.99,99.99,99.99*30
D/mnl_linux(  362): $GPGSV,1,1,0*49
D/mnl_linux(  362): $GPRMC,001504.009,V,8960.0000,N,00000.0000,E,0.000,0.00,010110,,,N*49
D/mnl_linux(  362): $GPVTG,0.00,T,,M,0.000,N,0.000,K,N*32
D/mnl_linux(  362): $GPACCURACY,3162.1*3F
D/MNLD    (  362): send_cmd_ex: slf_send_cmd (13, 0x30)
D/MNLD    (  362): process: epoll_wait() received 1 events
D/MNLD    (  362): sigrcv_handler: args from mnld: 48
D/MNLD    (  362): mnl_set_alarm: (0, 0xF68370B8, 5)
D/MNLD    (  362): process: sigrc_handler: ret = 0
D/MNLD    (  362): mtk_gps_sys_gps_mnl_callback: MTK_GPS_MSG_FIX_READY,GET_RTC_FAIL
D/MNLD    (  362): mtk_gps_sys_gps_mnl_callback: gps_measurement_state = 255 ,state = 2
D/gps_mtk (  799): gps_state_thread: line = 3856received 264 bytes:
D/gps_mtk (  799): nmea_reader_update_time: line = 1585fix_time: 1262304905
D/gps_mtk (  799): nmea_reader_parse: line = 2294r->sv_status.num_svs = 0, gps_nmea_end_tag = 0
D/gps_mtk (  799): nmea_reader_addc: line = 2328start nmea_cb
D/gps_mtk (  799): nmea_reader_parse: line = 2294r->sv_status.num_svs = 0, gps_nmea_end_tag = 0
D/gps_mtk (  799): nmea_reader_addc: line = 2328start nmea_cb
D/gps_mtk (  799): nmea_reader_parse: line = 2207r->sv_count = 0
D/gps_mtk (  799): nmea_reader_parse: line = 2294r->sv_status.num_svs = 0, gps_nmea_end_tag = 0
D/gps_mtk (  799): nmea_reader_addc: line = 2328start nmea_cb
D/gps_mtk (  799): nmea_reader_parse: line = 2294r->sv_status.num_svs = 0, gps_nmea_end_tag = 0
D/gps_mtk (  799): nmea_reader_addc: line = 2328start nmea_cb
D/gps_mtk (  799): nmea_reader_parse: line = 2294r->sv_status.num_svs = 0, gps_nmea_end_tag = 0
D/gps_mtk (  799): nmea_reader_addc: line = 2328start nmea_cb
D/gps_mtk (  799): nmea_reader_parse: line = 2231GPS get accuracy failed, fix mode:1
D/gps_mtk (  799): nmea_reader_parse: line = 2294r->sv_status.num_svs = 0, gps_nmea_end_tag = 1
D/gps_mtk (  799): nmea_reader_addc: line = 2328start nmea_cb
D/mnl_linux(  362): mtk_gps_sys_nmea_output_to_app: $GPGGA,001505.009,8960.0000,N,00000.0000,E,0,0,,137.0,M,13.0,M,,*4B
D/mnl_linux(  362): $GPGSA,A,1,,,,,,,,,,,,,99.99,99.99,99.99*30
D/mnl_linux(  362): $GPGSV,1,1,0*49
D/mnl_linux(  362): $GPRMC,001505.009,V,8960.0000,N,00000.0000,E,0.000,0.00,010110,,,N*48
D/mnl_linux(  362): $GPVTG,0.00,T,,M,0.000,N,0.000,K,N*32
