D/DisplayPowerState(  799): Screen ready
D/DisplayPowerState(  799): setScreenBrightness: brightness=21
D/DisplayPowerState(  799): Requesting new screen state: state=ON, backlight=21
D/DisplayPowerState(  799): Screen not ready
D/DisplayPowerState(  799): Updating screen state: state=ON, backlight=21, backlightChanged=true
D/lights  (  799): write_int open fd=175
D/DisplayPowerState(  799): Screen ready
D/DisplayPowerState(  799): setScreenBrightness: brightness=18
D/DisplayPowerState(  799): Requesting new screen state: state=ON, backlight=18
D/DisplayPowerState(  799): Screen not ready
D/DisplayPowerState(  799): Updating screen state: state=ON, backlight=18, backlightChanged=true
D/lights  (  799): write_int open fd=175
D/DisplayPowerState(  799): Screen ready
D/DisplayPowerState(  799): setScreenBrightness: brightness=14
D/DisplayPowerState(  799): Requesting new screen state: state=ON, backlight=14
D/DisplayPowerState(  799): Screen not ready
D/DisplayPowerState(  799): Updating screen state: state=ON, backlight=14, backlightChanged=true
D/lights  (  799): write_int open fd=175
D/DisplayPowerState(  799): Screen ready
D/DisplayPowerState(  799): setScreenBrightness: brightness=11
D/DisplayPowerState(  799): Requesting new screen state: state=ON, backlight=11
D/DisplayPowerState(  799): Screen not ready
D/DisplayPowerState(  799): Updating screen state: state=ON, backlight=11, backlightChanged=true
D/lights  (  799): write_int open fd=175
D/DisplayPowerState(  799): Screen ready
D/DisplayPowerState(  799): setScreenBrightness: brightness=10
D/DisplayPowerState(  799): Requesting new screen state: state=ON, backlight=10
D/DisplayPowerState(  799): Screen not ready
D/DisplayPowerController(  799): Animating brightness: target=10, rate=200
D/DisplayPowerState(  799): Updating screen state: state=ON, backlight=10, backlightChanged=true
D/lights  (  799): write_int open fd=175
D/DisplayPowerState(  799): Screen ready
D/DisplayPowerController(  799): Animating brightness: target=10, rate=200
D/DisplayPowerController(  799): Finished business...
D/gps_mtk (  799): gps_state_thread: line = 3856received 264 bytes:
D/gps_mtk (  799): nmea_reader_update_time: line = 1585fix_time: 1262304954
D/gps_mtk (  799): nmea_reader_parse: line = 2294r->sv_status.num_svs = 0, gps_nmea_end_tag = 0
D/gps_mtk (  799): nmea_reader_addc: line = 2328start nmea_cb
D/gps_mtk (  799): nmea_reader_parse: line = 2294r->sv_status.num_svs = 0, gps_nmea_end_tag = 0
D/gps_mtk (  799): nmea_reader_addc: line = 2328start nmea_cb
D/gps_mtk (  799): nmea_reader_parse: line = 2207r->sv_count = 0
D/gps_mtk (  799): nmea_reader_parse: line = 2294r->sv_status.num_svs = 0, gps_nmea_end_tag = 0
D/gps_mtk (  799): nmea_reader_addc: line = 2328start nmea_cb
D/gps_mtk (  799): nmea_reader_parse: line = 2294r->sv_status.num_svs = 0, gps_nmea_end_tag = 0
D/gps_mtk (  799): nmea_reader_addc: line = 2328start nmea_cb
D/gps_mtk (  799): nmea_reader_parse: line = 2294r->sv_status.num_svs = 0, gps_nmea_end_tag = 0
D/gps_mtk (  799): nmea_reader_addc: line = 2328start nmea_cb
D/gps_mtk (  799): nmea_reader_parse: line = 2231GPS get accuracy failed, fix mode:1
D/gps_mtk (  799): nmea_reader_parse: line = 2294r->sv_status.num_svs = 0, gps_nmea_end_tag = 1
D/gps_mtk (  799): nmea_reader_addc: line = 2328start nmea_cb
D/mnl_linux(  362): mtk_gps_sys_nmea_output_to_app: $GPGGA,001554.009,8960.0000,N,00000.0000,E,0,0,,137.0,M,13.0,M,,*4F
D/mnl_linux(  362): $GPGSA,A,1,,,,,,,,,,,,,99.99,99.99,99.99*30
D/mnl_linux(  362): $GPGSV,1,1,0*49
D/mnl_linux(  362): $GPRMC,001554.009,V,8960.0000,N,00000.0000,E,0.000,0.00,010110,,,N*4C
D/mnl_linux(  362): $GPVTG,0.00,T,,M,0.000,N,0.000,K,N*32
D/mnl_linux(  362): $GPACCURACY,3162.1*3F
D/MNLD    (  362): send_cmd_ex: slf_send_cmd (13, 0x30)
D/MNLD    (  362): process: epoll_wait() received 1 events
D/MNLD    (  362): sigrcv_handler: args from mnld: 48
D/MNLD    (  362): mnl_set_alarm: (0, 0xF68370B8, 5)
D/MNLD    (  362): process: sigrc_handler: ret = 0
D/MNLD    (  362): mtk_gps_sys_gps_mnl_callback: MTK_GPS_MSG_FIX_READY,GET_RTC_FAIL
D/MNLD    (  362): mtk_gps_sys_gps_mnl_callback: gps_measurement_state = 255 ,state = 2
D/gps_mtk (  799): gps_state_thread: line = 3856received 264 bytes:
D/gps_mtk (  799): nmea_reader_update_time: line = 1585fix_time: 1262304955
D/gps_mtk (  799): nmea_reader_parse: line = 2294r->sv_status.num_svs = 0, gps_nmea_end_tag = 0
D/gps_mtk (  799): nmea_reader_addc: line = 2328start nmea_cb
D/gps_mtk (  799): nmea_reader_parse: line = 2294r->sv_status.num_svs = 0, gps_nmea_end_tag = 0
D/gps_mtk (  799): nmea_reader_addc: line = 2328start nmea_cb
D/gps_mtk (  799): nmea_reader_parse: line = 2207r->sv_count = 0
D/gps_mtk (  799): nmea_reader_parse: line = 2294r->sv_status.num_svs = 0, gps_nmea_end_tag = 0
D/gps_mtk (  799): nmea_reader_addc: line = 2328start nmea_cb
D/gps_mtk (  799): nmea_reader_parse: line = 2294r->sv_status.num_svs = 0, gps_nmea_end_tag = 0
D/gps_mtk (  799): nmea_reader_addc: line = 2328start nmea_cb
D/gps_mtk (  799): nmea_reader_parse: line = 2294r->sv_status.num_svs = 0, gps_nmea_end_tag = 0
D/gps_mtk (  799): nmea_reader_addc: line = 2328start nmea_cb
D/gps_mtk (  799): nmea_reader_parse: line = 2231GPS get accuracy failed, fix mode:1
D/gps_mtk (  799): nmea_reader_parse: line = 2294r->sv_status.num_svs = 0, gps_nmea_end_tag = 1
D/gps_mtk (  799): nmea_reader_addc: line = 2328start nmea_cb
D/mnl_linux(  362): mtk_gps_sys_nmea_output_to_app: $GPGGA,001555.009,8960.0000,N,00000.0000,E,0,0,,137.0,M,13.0,M,,*4E
D/mnl_linux(  362): $GPGSA,A,1,,,,,,,,,,,,,99.99,99.99,99.99*30
D/mnl_linux(  362): $GPGSV,1,1,0*49
D/mnl_linux(  362): $GPRMC,001555.009,V,8960.0000,N,00000.0000,E,0.000,0.00,010110,,,N*4D
D/mnl_linux(  362): $GPVTG,0.00,T,,M,0.000,N,0.000,K,N*32
D/mnl_linux(  362): $GPACCURACY,3162.1*3F
D/MNLD    (  362): send_cmd_ex: slf_send_cmd (13, 0x30)
D/MNLD    (  362): process: epoll_wait() received 1 events
D/MNLD    (  362): sigrcv_handler: args from mnld: 48
D/MNLD    (  362): mnl_set_alarm: (0, 0xF68370B8, 5)
D/MNLD    (  362): process: sigrc_handler: ret = 0
D/MNLD    (  362): mtk_gps_sys_gps_mnl_callback: MTK_GPS_MSG_FIX_READY,GET_RTC_FAIL
D/MNLD    (  362): mtk_gps_sys_gps_mnl_callback: gps_measurement_state = 255 ,state = 2
I/thermal_repeater(  367): oh, queryMdThermalInfo (0)Bad file number
I/thermal_repeater(  367): [recvMdThermalInfo] ret=26, strLen=127,  1, 32767,,, -1, 32767, 18
D/gps_mtk (  799): gps_state_thread: line = 3856received 264 bytes:
D/gps_mtk (  799): nmea_reader_update_time: line = 1585fix_time: 1262304956
D/gps_mtk (  799): nmea_reader_parse: line = 2294r->sv_status.num_svs = 0, gps_nmea_end_tag = 0
D/gps_mtk (  799): nmea_reader_addc: line = 2328start nmea_cb
D/gps_mtk (  799): nmea_reader_parse: line = 2294r->sv_status.num_svs = 0, gps_nmea_end_tag = 0
D/gps_mtk (  799): nmea_reader_addc: line = 2328start nmea_cb
D/gps_mtk (  799): nmea_reader_parse: line = 2207r->sv_count = 0
D/gps_mtk (  799): nmea_reader_parse: line = 2294r->sv_status.num_svs = 0, gps_nmea_end_tag = 0
D/gps_mtk (  799): nmea_reader_addc: line = 2328start nmea_cb
D/gps_mtk (  799): nmea_reader_parse: line = 2294r->sv_status.num_svs = 0, gps_nmea_end_tag = 0
D/gps_mtk (  799): nmea_reader_addc: line = 2328start nmea_cb
D/gps_mtk (  799): nmea_reader_parse: line = 2294r->sv_status.num_svs = 0, gps_nmea_end_tag = 0
D/gps_mtk (  799): nmea_reader_addc: line = 2328start nmea_cb
D/gps_mtk (  799): nmea_reader_parse: line = 2231GPS get accuracy failed, fix mode:1
D/gps_mtk (  799): nmea_reader_parse: line = 2294r->sv_status.num_svs = 0, gps_nmea_end_tag = 1
D/gps_mtk (  799): nmea_reader_addc: line = 2328start nmea_cb
D/mnl_linux(  362): mtk_gps_sys_nmea_output_to_app: $GPGGA,001556.009,8960.0000,N,00000.0000,E,0,0,,137.0,M,13.0,M,,*4D
D/mnl_linux(  362): $GPGSA,A,1,,,,,,,,,,,,,99.99,99.99,99.99*30
D/mnl_linux(  362): $GPGSV,1,1,0*49
D/mnl_linux(  362): $GPRMC,001556.009,V,8960.0000,N,00000.0000,E,0.000,0.00,010110,,,N*4E
D/mnl_linux(  362): $GPVTG,0.00,T,,M,0.000,N,0.000,K,N*32
D/mnl_linux(  362): $GPACCURACY,3162.1*3F
D/MNLD    (  362): send_cmd_ex: slf_send_cmd (13, 0x30)
D/MNLD    (  362): process: epoll_wait() received 1 events
D/MNLD    (  362): sigrcv_handler: args from mnld: 48
D/MNLD    (  362): mnl_set_alarm: (0, 0xF68370B8, 5)
D/MNLD    (  362): process: sigrc_handler: ret = 0
D/MNLD    (  362): mtk_gps_sys_gps_mnl_callback: MTK_GPS_MSG_FIX_READY,GET_RTC_FAIL
D/MNLD    (  362): mtk_gps_sys_gps_mnl_callback: gps_measurement_state = 255 ,state = 2
D/gps_mtk (  799): gps_state_thread: line = 3856received 264 bytes:
D/gps_mtk (  799): nmea_reader_update_time: line = 1585fix_time: 1262304957
D/gps_mtk (  799): nmea_reader_parse: line = 2294r->sv_status.num_svs = 0, gps_nmea_end_tag = 0
D/gps_mtk (  799): nmea_reader_addc: line = 2328start nmea_cb
D/gps_mtk (  799): nmea_reader_parse: line = 2294r->sv_status.num_svs = 0, gps_nmea_end_tag = 0
D/gps_mtk (  799): nmea_reader_addc: line = 2328start nmea_cb
D/gps_mtk (  799): nmea_reader_parse: line = 2207r->sv_count = 0
D/gps_mtk (  799): nmea_reader_parse: line = 2294r->sv_status.num_svs = 0, gps_nmea_end_tag = 0
D/gps_mtk (  799): nmea_reader_addc: line = 2328start nmea_cb
D/gps_mtk (  799): nmea_reader_parse: line = 2294r->sv_status.num_svs = 0, gps_nmea_end_tag = 0
D/gps_mtk (  799): nmea_reader_addc: line = 2328start nmea_cb
D/gps_mtk (  799): nmea_reader_parse: line = 2294r->sv_status.num_svs = 0, gps_nmea_end_tag = 0
D/gps_mtk (  799): nmea_reader_addc: line = 2328start nmea_cb
D/gps_mtk (  799): nmea_reader_parse: line = 2231GPS get accuracy failed, fix mode:1
D/gps_mtk (  799): nmea_reader_parse: line = 2294r->sv_status.num_svs = 0, gps_nmea_end_tag = 1
D/gps_mtk (  799): nmea_reader_addc: line = 2328start nmea_cb
D/mnl_linux(  362): mtk_gps_sys_nmea_output_to_app: $GPGGA,001557.009,8960.0000,N,00000.0000,E,0,0,,137.0,M,13.0,M,,*4C
D/mnl_linux(  362): $GPGSA,A,1,,,,,,,,,,,,,99.99,99.99,99.99*30
D/mnl_linux(  362): $GPGSV,1,1,0*49
D/mnl_linux(  362): $GPRMC,001557.009,V,8960.0000,N,00000.0000,E,0.000,0.00,010110,,,N*4F
D/mnl_linux(  362): $GPVTG,0.00,T,,M,0.000,N,0.000,K,N*32
D/mnl_linux(  362): $GPACCURACY,3162.1*3F
D/MNLD    (  362): send_cmd_ex: slf_send_cmd (13, 0x30)
D/MNLD    (  362): process: epoll_wait() received 1 events
D/MNLD    (  362): sigrcv_handler: args from mnld: 48
D/MNLD    (  362): mnl_set_alarm: (0, 0xF68370B8, 5)
D/MNLD    (  362): process: sigrc_handler: ret = 0
D/MNLD    (  362): mtk_gps_sys_gps_mnl_callback: MTK_GPS_MSG_FIX_READY,GET_RTC_FAIL
D/MNLD    (  362): mtk_gps_sys_gps_mnl_callback: gps_measurement_state = 255 ,state = 2
D/gps_mtk (  799): gps_state_thread: line = 3856received 264 bytes:
D/gps_mtk (  799): nmea_reader_update_time: line = 1585fix_time: 1262304958
D/gps_mtk (  799): nmea_reader_parse: line = 2294r->sv_status.num_svs = 0, gps_nmea_end_tag = 0
D/gps_mtk (  799): nmea_reader_addc: line = 2328start nmea_cb
D/gps_mtk (  799): nmea_reader_parse: line = 2294r->sv_status.num_svs = 0, gps_nmea_end_tag = 0
D/gps_mtk (  799): nmea_reader_addc: line = 2328start nmea_cb
D/gps_mtk (  799): nmea_reader_parse: line = 2207r->sv_count = 0
D/gps_mtk (  799): nmea_reader_parse: line = 2294r->sv_status.num_svs = 0, gps_nmea_end_tag = 0
D/gps_mtk (  799): nmea_reader_addc: line = 2328start nmea_cb
D/gps_mtk (  799): nmea_reader_parse: line = 2294r->sv_status.num_svs = 0, gps_nmea_end_tag = 0
D/gps_mtk (  799): nmea_reader_addc: line = 2328start nmea_cb
D/gps_mtk (  799): nmea_reader_parse: line = 2294r->sv_status.num_svs = 0, gps_nmea_end_tag = 0
D/gps_mtk (  799): nmea_reader_addc: line = 2328start nmea_cb
D/gps_mtk (  799): nmea_reader_parse: line = 2231GPS get accuracy failed, fix mode:1
D/gps_mtk (  799): nmea_reader_parse: line = 2294r->sv_status.num_svs = 0, gps_nmea_end_tag = 1
D/gps_mtk (  799): nmea_reader_addc: line = 2328start nmea_cb
D/mnl_linux(  362): mtk_gps_sys_nmea_output_to_app: $GPGGA,001558.009,8960.0000,N,00000.0000,E,0,0,,137.0,M,13.0,M,,*43
D/mnl_linux(  362): $GPGSA,A,1,,,,,,,,,,,,,99.99,99.99,99.99*30
D/mnl_linux(  362): $GPGSV,1,1,0*49
D/mnl_linux(  362): $GPRMC,001558.009,V,8960.0000,N,00000.0000,E,0.000,0.00,010110,,,N*40
D/mnl_linux(  362): $GPVTG,0.00,T,,M,0.000,N,0.000,K,N*32
D/mnl_linux(  362): $GPACCURACY,3162.1*3F
D/MNLD    (  362): send_cmd_ex: slf_send_cmd (13, 0x30)
D/MNLD    (  362): process: epoll_wait() received 1 events
D/MNLD    (  362): sigrcv_handler: args from mnld: 48
D/MNLD    (  362): mnl_set_alarm: (0, 0xF68370B8, 5)
D/MNLD    (  362): process: sigrc_handler: ret = 0
D/MNLD    (  362): mtk_gps_sys_gps_mnl_callback: MTK_GPS_MSG_FIX_READY,GET_RTC_FAIL
D/MNLD    (  362): mtk_gps_sys_gps_mnl_callback: gps_measurement_state = 255 ,state = 2
D/gps_mtk (  799): gps_state_thread: line = 3856received 264 bytes:
D/gps_mtk (  799): nmea_reader_update_time: line = 1585fix_time: 1262304959
D/gps_mtk (  799): nmea_reader_parse: line = 2294r->sv_status.num_svs = 0, gps_nmea_end_tag = 0
D/gps_mtk (  799): nmea_reader_addc: line = 2328start nmea_cb
D/gps_mtk (  799): nmea_reader_parse: line = 2294r->sv_status.num_svs = 0, gps_nmea_end_tag = 0
D/gps_mtk (  799): nmea_reader_addc: line = 2328start nmea_cb
D/gps_mtk (  799): nmea_reader_parse: line = 2207r->sv_count = 0
D/gps_mtk (  799): nmea_reader_parse: line = 2294r->sv_status.num_svs = 0, gps_nmea_end_tag = 0
D/gps_mtk (  799): nmea_reader_addc: line = 2328start nmea_cb
D/gps_mtk (  799): nmea_reader_parse: line = 2294r->sv_status.num_svs = 0, gps_nmea_end_tag = 0
D/gps_mtk (  799): nmea_reader_addc: line = 2328start nmea_cb
D/gps_mtk (  799): nmea_reader_parse: line = 2294r->sv_status.num_svs = 0, gps_nmea_end_tag = 0
D/gps_mtk (  799): nmea_reader_addc: line = 2328start nmea_cb
D/gps_mtk (  799): nmea_reader_parse: line = 2231GPS get accuracy failed, fix mode:1
D/gps_mtk (  799): nmea_reader_parse: line = 2294r->sv_status.num_svs = 0, gps_nmea_end_tag = 1
D/gps_mtk (  799): nmea_reader_addc: line = 2328start nmea_cb
D/mnl_linux(  362): mtk_gps_sys_nmea_output_to_app: $GPGGA,001559.009,8960.0000,N,00000.0000,E,0,0,,137.0,M,13.0,M,,*42
D/mnl_linux(  362): $GPGSA,A,1,,,,,,,,,,,,,99.99,99.99,99.99*30
D/mnl_linux(  362): $GPGSV,1,1,0*49
D/mnl_linux(  362): $GPRMC,001559.009,V,8960.0000,N,00000.0000,E,0.000,0.00,010110,,,N*41
D/mnl_linux(  362): $GPVTG,0.00,T,,M,0.000,N,0.000,K,N*32
D/mnl_linux(  362): $GPACCURACY,3162.1*3F
D/MNLD    (  362): send_cmd_ex: slf_send_cmd (13, 0x30)
D/MNLD    (  362): process: epoll_wait() received 1 events
D/MNLD    (  362): sigrcv_handler: args from mnld: 48
D/MNLD    (  362): mnl_set_alarm: (0, 0xF68370B8, 5)
D/MNLD    (  362): process: sigrc_handler: ret = 0
D/MNLD    (  362): mtk_gps_sys_gps_mnl_callback: MTK_GPS_MSG_FIX_READY,GET_RTC_FAIL
D/MNLD    (  362): mtk_gps_sys_gps_mnl_callback: gps_measurement_state = 255 ,state = 2
V/SettingsInterface(  799):  from settings cache , name = sys_free_storage_log_interval , value = null
V/SettingsInterface(  799):  from settings cache , name = disk_free_change_reporting_threshold , value = null
D/gps_mtk (  799): gps_state_thread: line = 3856received 264 bytes:
D/gps_mtk (  799): nmea_reader_update_time: line = 1585fix_time: 1262304960
D/gps_mtk (  799): nmea_reader_parse: line = 2294r->sv_status.num_svs = 0, gps_nmea_end_tag = 0
D/gps_mtk (  799): nmea_reader_addc: line = 2328start nmea_cb
D/gps_mtk (  799): nmea_reader_parse: line = 2294r->sv_status.num_svs = 0, gps_nmea_end_tag = 0
D/gps_mtk (  799): nmea_reader_addc: line = 2328start nmea_cb
D/gps_mtk (  799): nmea_reader_parse: line = 2207r->sv_count = 0
D/gps_mtk (  799): nmea_reader_parse: line = 2294r->sv_status.num_svs = 0, gps_nmea_end_tag = 0
D/gps_mtk (  799): nmea_reader_addc: line = 2328start nmea_cb
D/gps_mtk (  799): nmea_reader_parse: line = 2294r->sv_status.num_svs = 0, gps_nmea_end_tag = 0
D/gps_mtk (  799): nmea_reader_addc: line = 2328start nmea_cb
D/gps_mtk (  799): nmea_reader_parse: line = 2294r->sv_status.num_svs = 0, gps_nmea_end_tag = 0
D/gps_mtk (  799): nmea_reader_addc: line = 2328start nmea_cb
D/gps_mtk (  799): nmea_reader_parse: line = 2231GPS get accuracy failed, fix mode:1
D/gps_mtk (  799): nmea_reader_parse: line = 2294r->sv_status.num_svs = 0, gps_nmea_end_tag = 1
D/gps_mtk (  799): nmea_reader_addc: line = 2328start nmea_cb
D/mnl_linux(  362): mtk_gps_sys_nmea_output_to_app: $GPGGA,001600.009,8960.0000,N,00000.0000,E,0,0,,137.0,M,13.0,M,,*4D
D/mnl_linux(  362): $GPGSA,A,1,,,,,,,,,,,,,99.99,99.99,99.99*30
D/mnl_linux(  362): $GPGSV,1,1,0*49
D/mnl_linux(  362): $GPRMC,001600.009,V,8960.0000,N,00000.0000,E,0.000,0.00,010110,,,N*4E
D/mnl_linux(  362): $GPVTG,0.00,T,,M,0.000,N,0.000,K,N*32
D/mnl_linux(  362): $GPACCURACY,3162.1*3F
D/MNLD    (  362): send_cmd_ex: slf_send_cmd (13, 0x30)
D/MNLD    (  362): process: epoll_wait() received 1 events
D/MNLD    (  362): sigrcv_handler: args from mnld: 48
D/MNLD    (  362): mnl_set_alarm: (0, 0xF68370B8, 5)
D/MNLD    (  362): process: sigrc_handler: ret = 0
D/MNLD    (  362): mtk_gps_sys_gps_mnl_callback: MTK_GPS_MSG_FIX_READY,GET_RTC_FAIL
D/MNLD    (  362): mtk_gps_sys_gps_mnl_callback: gps_measurement_state = 255 ,state = 2
D/PowerManagerService(  799): handleUserActivityTimeout
D/PowerManagerService(  799): updateUserActivitySummaryLocked: mWakefulness=Awake, mUserActivitySummary=0x4, nextTimeout=-1 (918161 ms ago)
D/PowerManagerService(  799): updateWakefulnessLocked: Bed time...
D/PowerManagerService(  799):  	|----com.android.server.power.PowerManagerService.goToSleepNoUpdateLocked(PowerManagerService.java:1483)
D/PowerManagerService(  799):  	|----com.android.server.power.PowerManagerService.updateWakefulnessLocked(PowerManagerService.java:2132)
D/PowerManagerService(  799):  	|----com.android.server.power.PowerManagerService.updatePowerStateLocked(PowerManagerService.java:1691)
D/PowerManagerService(  799):  	|----com.android.server.power.PowerManagerService.handleUserActivityTimeout(PowerManagerService.java:2028)
D/PowerManagerService(  799):  	|----com.android.server.power.PowerManagerService.access$4000(PowerManagerService.java:101)
D/PowerManagerService(  799):  	|----com.android.server.power.PowerManagerService$PowerManagerHandler.handleMessage(PowerManagerService.java:3294)
D/PowerManagerService(  799):  	|----android.os.Handler.dispatchMessage(Handler.java:111)
D/PowerManagerService(  799):  	|----android.os.Looper.loop(Looper.java:194)
D/PowerManagerService(  799):  	|----android.os.HandlerThread.run(HandlerThread.java:61)
D/PowerManagerService(  799):  	|----com.android.server.ServiceThread.run(ServiceThread.java:46)
D/PowerManagerService(  799): goToSleepNoUpdateLocked: eventTime=918160, reason=2, flags=0, uid=1000
I/PowerManagerService(  799): Going to sleep due to screen timeout (uid 1000)...
I/PowerManagerService(  799): Going to sleep due to lid switch (uid 1000)...
D/PowerManagerNotifier(  799): onWakefulnessChangeStarted: wakefulness=3, reason=2
D/PowerManagerService(  799): updateWakeLockSummaryLocked: mWakefulness=Dozing, mWakeLockSummary=0x0
D/PowerManagerService(  799): updateUserActivitySummaryLocked: mWakefulness=Dozing, mUserActivitySummary=0x4, nextTimeout=-1 (918162 ms ago)
D/PowerManagerService(  799): mDisplayPowerRequest.policy = 2
D/PowerManagerService(  799): isWfdEnabled() mWfdStatus=WifiDisplayStatus{featureState=0, scanState=0, activeDisplayState=0, activeDisplay=null, displays=[], sessionInfo=WifiDisplaySessionInfo: C/O:Client,GId:,Pp:,SId:0,IP:}, return false
D/DisplayPowerController(  799): requestPowerState: policy=DIM, useProximitySensor=false, screenBrightness=102, screenAutoBrightnessAdjustment=0.0, useAutoBrightness=true, blockScreenOn=false, lowPowerMode=false, boostScreenBrightness=false, dozeScreenBrightness=-1, dozeScreenState=UNKNOWN, waitForNegativeProximity=false
I/PowerManagerService(  799): setBrightness mButtonLight 0.
D/PowerManagerService(  799): updateDisplayPowerStateLocked: mDisplayReady=true, policy=2, mWakefulness=3, mWakeLockSummary=0x0, mUserActivitySummary=0x4, mBootCompleted=true, mScreenBrightnessBoostInProgress=false
D/PowerManagerNotifier(  799): onWakefulnessChangeFinished: wakefulness=3
D/PowerManagerNotifier(  799): updatePendingBroadcastLocked mBroadcastInProgress = false, mPendingGoToSleepBroadcast = true, mPendingWakeUpBroadcast = false, mActualInteractiveState = 2, mBroadcastedInteractiveState = 1
I/ActivityManager(  799): onWakefulnessChanged: 3
D/PowerManagerNotifier(  799): mPolicy.goingToSleep: 3
D/SensorService(  799): SensorDevice::activate: ident=0x7f85d703a0, handle=0x00000001, enabled=0, count=2
D/SensorService(  799): disable index=1
D/SensorService(  799): 	>>> actuating h/w setDelay 1 66667000
E/Sensors (  799): handleToDriver handle(0)
D/Accel   (  799): setDelay: (handle=0, ns=66667000)
D/Accel   (  799): no ACC setDelay control attr 
E/Sensors (  799): new setDelay handle(0),ns(66667000)m, error(-1), index(2)
E/Sensors (  799): new setDelay handle(0),ns(66667000) err! go to hwmsen
D/Hwmsen_sensors(  799): setDelay: (handle=0, ns=66667000)
D/Hwmsen_sensors(  799): setDelay: (what=0, ms=66)
D/Hwmsen_sensors(  799): really setDelay: (what=0, ms=66)
D/PowerManagerService(  799): Acquiring suspend blocker "PowerManagerService.Broadcasts".
I/PowerManagerService(  799): canDreamLocked mWakefulness = 3, mDreamsSupportedConfig = true, mDreamsEnabledSetting = true, mDisplayPowerRequest.isBrightOrDim() = true, mSmartBookForceBacklightOff = false, mUserActivitySummary = 4, mBootCompleted = true
I/PowerManagerService(  799): handleSandman startDreaming = true
V/SettingsInterface(  799):  from settings cache , name = doze_enabled , value = null
D/PowerManagerService(  799): reallyGoToSleepNoUpdateLocked: eventTime=918164, uid=1000
I/PowerManagerService(  799): Sleeping (uid 1000)...
D/PowerManagerNotifier(  799): onWakefulnessChangeStarted: wakefulness=0, reason=2
D/PowerManagerService(  799): updateWakeLockSummaryLocked: mWakefulness=Asleep, mWakeLockSummary=0x0
D/PowerManagerService(  799): updateUserActivitySummaryLocked: mWakefulness=Asleep, mUserActivitySummary=0x0, nextTimeout=0 (918164 ms ago)
D/PowerManagerService(  799): mDisplayPowerRequest.policy = 0
D/PowerManagerService(  799): isWfdEnabled() mWfdStatus=WifiDisplayStatus{featureState=0, scanState=0, activeDisplayState=0, activeDisplay=null, displays=[], sessionInfo=WifiDisplaySessionInfo: C/O:Client,GId:,Pp:,SId:0,IP:}, return false
D/DisplayPowerController(  799): requestPowerState: policy=OFF, useProximitySensor=false, screenBrightness=102, screenAutoBrightnessAdjustment=0.0, useAutoBrightness=true, blockScreenOn=false, lowPowerMode=false, boostScreenBrightness=false, dozeScreenBrightness=-1, dozeScreenState=UNKNOWN, waitForNegativeProximity=false
I/PowerManagerService(  799): setBrightness mButtonLight 0.
D/PowerManagerService(  799): updateDisplayPowerStateLocked: mDisplayReady=false, policy=0, mWakefulness=0, mWakeLockSummary=0x0, mUserActivitySummary=0x0, mBootCompleted=true, mScreenBrightnessBoostInProgress=false
I/BufferQueue(  233): [unnamed-233-33](this:0x7f8a791000,id:33,api:0,p:-1,c:-1) BufferQueue core=(233:/system/bin/surfaceflinger)
I/BufferQueueConsumer(  233): [unnamed-233-33](this:0x7f8a791000,id:33,api:0,p:-1,c:233) connect(C): consumer=(233:/system/bin/surfaceflinger) controlledByApp=false
I/BufferQueueConsumer(  233): [unnamed-233-33](this:0x7f8a791000,id:33,api:0,p:-1,c:233) setConsumerName: unnamed-233-33
I/BufferQueueConsumer(  233): [ColorFade](this:0x7f8a791000,id:33,api:0,p:-1,c:233) setConsumerName: ColorFade
I/BufferQueueConsumer(  233): [ColorFade](this:0x7f8a791000,id:33,api:0,p:-1,c:233) setDefaultBufferSize: width=1280 height=800
D/SensorService(  799): ~SensorEventConnection(0x7f85d703a0)
D/SensorService(  799): 2 active sensors
D/SensorService(  799): removing connection 0x7f85d703a0 for sensor[0].handle=0x00000005
D/SensorService(  799): removing connection 0x7f85d703a0 for sensor[1].handle=0x5f797072
D/KeyguardViewMediator(  966): >>>onScreenTurnedOff(3) ---ScreenOff Before--synchronized (this)
D/KeyguardViewMediator(  966): onScreenTurnedOff(3) ---ScreenOff mScreenOn = false; Before--boolean lockImmediately
D/KeyguardViewMediator(  966): onScreenTurnedOff(3) ---ScreenOff mScreenOn = false; After--boolean lockImmediately=true, mExitSecureCallback=null, mShowing=false, mIsIPOShutDown = false
D/KeyguardViewMediator(  966): notifyScreenOffLocked
D/KeyguardViewMediator(  966): onScreenTurnedOff() - call doKeyguardLaterLocked().
D/KeyguardViewMediator(  966): doKeyguardLaterLocked() is called.
V/SettingsInterface(  966):  from settings cache , name = screen_off_timeout , value = 60000
V/SettingsInterface(  966):  from settings cache , name = lock_screen_lock_after_timeout , value = null
D/KeyguardViewMediator(  966): doKeyguardLaterLocked enter displayTimeout=60000, lockAfterTimeout=5000, policyTimeout=0, timeout=5000
D/SurfaceFlinger(  233): Skip composition.
V/AlarmManager(  799): isAlarmNeedAlign : charging
D/Surface (  799): Surface::connect(this=0x7f85dbde00,api=1)
I/BufferQueueProducer(  233): [ColorFade](this:0x7f8a791000,id:33,api:1,p:799,c:233) connect(P): api=1 producer=(799:system_server) producerControlledByApp=false
D/KeyguardViewMediator(  966): setting alarm to turn off keyguard, seq = 3
D/KeyguardViewMediator(  966): <<<onScreenTurnedOff(3) ---ScreenOff After--synchronized (this)
D/KeyguardViewMediator(  966): handleNotifyScreenOff
V/KeyguardStatusView(  966): Disable transport text marquee
D/mali_winsys(  799): new_window_surface returns 0x3000
I/BufferQueue(  799): [unnamed-799-9](this:0x7f71ddc000,id:9,api:0,p:-1,c:-1) BufferQueue core=(799:system_server)
I/BufferQueueConsumer(  799): [unnamed-799-9](this:0x7f71ddc000,id:9,api:0,p:-1,c:799) connect(C): consumer=(799:system_server) controlledByApp=true
I/BufferQueueConsumer(  799): [unnamed-799-9](this:0x7f71ddc000,id:9,api:0,p:-1,c:799) setConsumerName: unnamed-799-9
D/Surface (  233): Surface::connect(this=0x7f915f5c00,api=1)
I/BufferQueueProducer(  799): [unnamed-799-9](this:0x7f71ddc000,id:9,api:1,p:233,c:799) connect(P): api=1 producer=(233:/system/bin/surfaceflinger) producerControlledByApp=false
D/Surface (  233): Surface::setBuffersDimensions(this=0x7f915f5c00,w=1280,h=800)
I/BufferQueueProducer(  799): [unnamed-799-9](this:0x7f71ddc000,id:9,api:1,p:233,c:799) new GraphicBuffer needed
I/[MALI][Gralloc](  233): Usage: 0x333, format: 0x1 stride: 1280 vertical_stride: 800 size: 4096000
D/GraphicBuffer(  233): alloc, handle(0x7f90c125c0) (w:1280 h:800 s:1280 f:0x1 u:0x000333) err(0)
D/GraphicBuffer(  799): register, handle(0x7f71e055c0) (w:1280 h:800 s:1280 f:0x1 u:0x000333)
D/GraphicBuffer(  233): free, handle(0x7f90c125c0) (w:1280 h:800 s:1280 f:0x1 u:0x000333)
D/GraphicBuffer(  233): register, handle(0x7f8a68fb00) (w:1280 h:800 s:1280 f:0x1 u:0x000333)
D/PowerManagerNotifier(  799): sendNextBroadcast, mBroadcastedInteractiveState = 1, mActualInteractiveState = 2
D/PowerManagerNotifier(  799): sendGoToSleepBroadcast
D/PowerManagerNotifier(  799): sendGoToSleepBroadcast - sendOrderedBroadcastAsUser
V/ActivityManager(  799): Broadcast: Intent { act=android.intent.action.SCREEN_OFF flg=0x50000010 } ordered=true userid=-1 callerApp=ProcessRecord{3c59dd8a 799:system/1000}
D/ActivityThread(  799): BDC-Calling finishReceiver: IIntentReceiver=3a01b03b
I/libPerfService(  799): perfSetFavorPid - pid:3009, bc1
D/Surface (  233): Surface::disconnect(this=0x7f915f5c00,api=1)
D/GraphicBuffer(  233): unregister, handle(0x7f8a68fb00) (w:1280 h:800 s:1280 f:0x1 u:0x000333)
I/BufferQueueProducer(  799): [unnamed-799-9](this:0x7f71ddc000,id:9,api:1,p:-1,c:799) disconnect(P): api 1
I/BufferQueueConsumer(  799): [unnamed-799-9](this:0x7f71ddc000,id:9,api:1,p:-1,c:799) getReleasedBuffers: returning mask 0xffffffffffffffff
I/BufferQueueConsumer(  799): [unnamed-799-9](this:0x7f71ddc000,id:9,api:1,p:-1,c:-1) disconnect(C)
D/Surface (  799): Surface::setBuffersDimensions(this=0x7f85dbde00,w=800,h=1280)
I/BufferQueueProducer(  233): [ColorFade](this:0x7f8a791000,id:33,api:1,p:799,c:233) new GraphicBuffer needed
I/[MALI][Gralloc](  233): Usage: 0xb00, format: 0x1 stride: 800 vertical_stride: 1280 size: 4096000
D/GraphicBuffer(  233): alloc, handle(0x7f916a6560) (w:800 h:1280 s:800 f:0x1 u:0x000b00) err(0)
D/GraphicBuffer(  799): register, handle(0x7f71e3d920) (w:800 h:1280 s:800 f:0x1 u:0x000b00)
D/ActivityThread(  799): BDC-Calling finishReceiver: IIntentReceiver=2ea0d427
I/libPerfService(  799): perfSetFavorPid - pid:3009, bc1
D/ActivityThread(  799): BDC-Calling finishReceiver: IIntentReceiver=333c8bc3
I/libPerfService(  799): perfSetFavorPid - pid:3009, bc1
D/ActivityThread(  799): BDC-Calling finishReceiver: IIntentReceiver=c11e21e
I/libPerfService(  799): perfSetFavorPid - pid:3009, bc1
V/InputMethodManager( 3009): START INPUT: com.android.internal.policy.impl.PhoneWindow$DecorView{2b34dcf V.E..... R.....I. 0,0-1280,737} ic=null tba=android.view.inputmethod.EditorInfo@34e948bf controlFlags=#100
D/ActivityThread(  799): BDC-Calling finishReceiver: IIntentReceiver=2e80c2e
I/libPerfService(  799): perfSetFavorPid - pid:3009, bc1
D/Surface (  799): Surface::setBuffersDimensions(this=0x7f85dbde00,w=800,h=1280)
I/BufferQueueProducer(  233): [ColorFade](this:0x7f8a791000,id:33,api:1,p:799,c:233) new GraphicBuffer needed
I/[MALI][Gralloc](  233): Usage: 0xb00, format: 0x1 stride: 800 vertical_stride: 1280 size: 4096000
D/GraphicBuffer(  233): alloc, handle(0x7f90c120c0) (w:800 h:1280 s:800 f:0x1 u:0x000b00) err(0)
D/GraphicBuffer(  799): register, handle(0x7f85e55f20) (w:800 h:1280 s:800 f:0x1 u:0x000b00)
D/ActivityThread(  799): BDC-Calling finishReceiver: IIntentReceiver=1fe71b05
I/libPerfService(  799): perfSetFavorPid - pid:3009, bc1
D/WifiStateMachine(  799): onReceive, action:android.intent.action.SCREEN_OFF
E/WifiStateMachine(  799):  InitialState (when=-1ms what=131167!CMD_SCREEN_STATE_CHANGED{ when=-1ms what=131167 target=com.android.internal.util.StateMachine$SmHandler } 0 0
E/WifiStateMachine(  799):  DefaultState (when=-2ms what=131167!CMD_SCREEN_STATE_CHANGED{ when=-2ms what=131167 target=com.android.internal.util.StateMachine$SmHandler } 0 0
D/PowerManagerService(  799): acquireWakeLockInternal: lock=757236948, flags=0x1, tag="WifiSuspend", ws=null, uid=1000, pid=799
D/PowerManagerService(  799): updateWakeLockSummaryLocked: mWakefulness=Asleep, mWakeLockSummary=0x1
D/PowerManagerService(  799): updateUserActivitySummaryLocked: mWakefulness=Asleep, mUserActivitySummary=0x0, nextTimeout=0 (918243 ms ago)
D/PowerManagerService(  799): mDisplayPowerRequest.policy = 0
D/PowerManagerService(  799): isWfdEnabled() mWfdStatus=WifiDisplayStatus{featureState=0, scanState=0, activeDisplayState=0, activeDisplay=null, displays=[], sessionInfo=WifiDisplaySessionInfo: C/O:Client,GId:,Pp:,SId:0,IP:}, return false
D/DisplayPowerController(  799): requestPowerState: policy=OFF, useProximitySensor=false, screenBrightness=102, screenAutoBrightnessAdjustment=0.0, useAutoBrightness=true, blockScreenOn=false, lowPowerMode=false, boostScreenBrightness=false, dozeScreenBrightness=-1, dozeScreenState=UNKNOWN, waitForNegativeProximity=false
I/PowerManagerService(  799): setBrightness mButtonLight 0.
D/PowerManagerService(  799): updateDisplayPowerStateLocked: mDisplayReady=false, policy=0, mWakefulness=0, mWakeLockSummary=0x1, mUserActivitySummary=0x0, mBootCompleted=true, mScreenBrightnessBoostInProgress=false
D/PowerManagerService(  799): Acquiring suspend blocker "PowerManagerService.WakeLocks".
D/PowerManagerNotifier(  799): onWakeLockAcquired: flags=1, tag="WifiSuspend", packageName=android, ownerUid=1000, ownerPid=799, workSource=null
E/WifiStateMachine(  799): cancelDelayedScan -> 6
D/WifiStateMachine(  799): backgroundScan enabled=false startBackgroundScanIfNeeded:false
E/WifiStateMachine(  799): handleScreenStateChanged Exit: false
E/WifiStateMachine(  799):  InitialState (when=-2ms what=131154CMD_ENABLE_RSSI_POLL{ when=-2ms what=131154 target=com.android.internal.util.StateMachine$SmHandler } 0 0
E/WifiStateMachine(  799):  DefaultState (when=-2ms what=131154CMD_ENABLE_RSSI_POLL{ when=-2ms what=131154 target=com.android.internal.util.StateMachine$SmHandler } 0 0
E/WifiStateMachine(  799):  InitialState (when=-2ms what=131158 arg1=1CMD_SET_SUSPEND_OPT_ENABLED{ when=-2ms what=131158 arg1=1 target=com.android.internal.util.StateMachine$SmHandler } 1 0
D/ActivityThread(  799): BDC-Calling finishReceiver: IIntentReceiver=f042bb0
I/libPerfService(  799): perfSetFavorPid - pid:3009, bc1
D/ActivityThread(  799): BDC-Calling finishReceiver: IIntentReceiver=933fb97
I/libPerfService(  799): perfSetFavorPid - pid:3009, bc1
D/AudioSystem(  799): +setParameters(): screen_state=off 
D/Surface (  799): Surface::setBuffersDimensions(this=0x7f85dbde00,w=800,h=1280)
D/AudioFlinger(  348): setParameters(): io 0, keyvalue screen_state=off, calling pid 799
I/BufferQueueProducer(  233): [ColorFade](this:0x7f8a791000,id:33,api:1,p:799,c:233) new GraphicBuffer needed
E/WifiStateMachine(  799):  DefaultState (when=-24ms what=131158 arg1=1CMD_SET_SUSPEND_OPT_ENABLED{ when=-24ms what=131158 arg1=1 target=com.android.internal.util.StateMachine$SmHandler } 1 0
I/[MALI][Gralloc](  233): Usage: 0xb00, format: 0x1 stride: 800 vertical_stride: 1280 size: 4096000
D/PowerManagerService(  799): releaseWakeLockInternal: lock=757236948 [WifiSuspend], flags=0x0, total_time=25ms
D/PowerManagerNotifier(  799): onWakeLockReleased: flags=1, tag="WifiSuspend", packageName=android, ownerUid=1000, ownerPid=799, workSource=null
D/PowerManagerService(  799): updateWakeLockSummaryLocked: mWakefulness=Asleep, mWakeLockSummary=0x0
D/PowerManagerService(  799): updateUserActivitySummaryLocked: mWakefulness=Asleep, mUserActivitySummary=0x0, nextTimeout=0 (918269 ms ago)
D/PowerManagerService(  799): mDisplayPowerRequest.policy = 0
D/PowerManagerService(  799): isWfdEnabled() mWfdStatus=WifiDisplayStatus{featureState=0, scanState=0, activeDisplayState=0, activeDisplay=null, displays=[], sessionInfo=WifiDisplaySessionInfo: C/O:Client,GId:,Pp:,SId:0,IP:}, return false
D/DisplayPowerController(  799): requestPowerState: policy=OFF, useProximitySensor=false, screenBrightness=102, screenAutoBrightnessAdjustment=0.0, useAutoBrightness=true, blockScreenOn=false, lowPowerMode=false, boostScreenBrightness=false, dozeScreenBrightness=-1, dozeScreenState=UNKNOWN, waitForNegativeProximity=false
I/PowerManagerService(  799): setBrightness mButtonLight 0.
D/PowerManagerService(  799): updateDisplayPowerStateLocked: mDisplayReady=false, policy=0, mWakefulness=0, mWakeLockSummary=0x0, mUserActivitySummary=0x0, mBootCompleted=true, mScreenBrightnessBoostInProgress=false
D/PowerManagerService(  799): Releasing suspend blocker "PowerManagerService.WakeLocks".
D/AudioALSAHardware(  348): +setParameters(): screen_state=off
E/WifiStateMachine(  799): setSuspendOptimizations: 4 true
E/WifiStateMachine(  799): mSuspendOptNeedsDisabled 0
D/AudioALSAStreamOut(  348): +setLowLatencyMode(), mode 0
D/AudioALSAHardware(  348): -setParameters(): screen_state=off 
D/usb_audio_hw(  348): audio_hw:usb adev_set_parameters(screen_state=off)
E/WifiStateMachine(  799):  InitialState (when=-26ms what=131248M_CMD_NOTIFY_SCREEN_OFF{ when=-26ms what=131248 target=com.android.internal.util.StateMachine$SmHandler } 0 0
D/AudioSystem(  799): -setParameters(): screen_state=off 
D/ActivityThread(  799): BDC-Calling finishReceiver: IIntentReceiver=d3c3981
I/libPerfService(  799): perfSetFavorPid - pid:3009, bc1
E/WifiStateMachine(  799):  DefaultState (when=-26ms what=131248M_CMD_NOTIFY_SCREEN_OFF{ when=-26ms what=131248 target=com.android.internal.util.StateMachine$SmHandler } 0 0
D/AlarmManager(  799): remove(operation) changed bounds; rebatching
D/AlarmManager(  799): rebatchAllAlarmsLocked begin oldBatches count = 19
D/AlarmManager(  799): rebatchAllAlarmsLocked  batch.size() = 1
D/AlarmManager(  799): rebatchAllAlarmsLocked  batch.size() = 1
D/AlarmManager(  799): rebatchAllAlarmsLocked  batch.size() = 1
D/AlarmManager(  799): rebatchAllAlarmsLocked  batch.size() = 1
V/AlarmManager(  799): isAlarmNeedAlign : charging
D/AlarmManager(  799): rebatchAllAlarmsLocked  batch.size() = 1
D/AlarmManager(  799): rebatchAllAlarmsLocked  batch.size() = 3
V/AlarmManager(  799): isAlarmNeedAlign : charging
V/AlarmManager(  799): isAlarmNeedAlign : charging
V/AlarmManager(  799): isAlarmNeedAlign : charging
D/AlarmManager(  799): rebatchAllAlarmsLocked  batch.size() = 2
V/AlarmManager(  799): isAlarmNeedAlign : charging
V/AlarmManager(  799): isAlarmNeedAlign : charging
D/AlarmManager(  799): rebatchAllAlarmsLocked  batch.size() = 1
V/AlarmManager(  799): isAlarmNeedAlign : charging
D/AlarmManager(  799): rebatchAllAlarmsLocked  batch.size() = 3
V/AlarmManager(  799): isAlarmNeedAlign : charging
D/GraphicBuffer(  233): alloc, handle(0x7f90c125c0) (w:800 h:1280 s:800 f:0x1 u:0x000b00) err(0)
V/AlarmManager(  799): isAlarmNeedAlign : charging
V/AlarmManager(  799): isAlarmNeedAlign : charging
D/AlarmManager(  799): rebatchAllAlarmsLocked  batch.size() = 1
D/AlarmManager(  799): rebatchAllAlarmsLocked  batch.size() = 1
D/AlarmManager(  799): rebatchAllAlarmsLocked  batch.size() = 1
D/AlarmManager(  799): rebatchAllAlarmsLocked  batch.size() = 4
V/AlarmManager(  799): isAlarmNeedAlign : charging
V/AlarmManager(  799): isAlarmNeedAlign : charging
V/AlarmManager(  799): isAlarmNeedAlign : charging
D/AlarmManager(  799): rebatchAllAlarmsLocked  batch.size() = 1
D/AlarmManager(  799): rebatchAllAlarmsLocked  batch.size() = 6
V/AlarmManager(  799): isAlarmNeedAlign : charging
V/AlarmManager(  799): isAlarmNeedAlign : charging
V/AlarmManager(  799): isAlarmNeedAlign : charging
V/AlarmManager(  799): isAlarmNeedAlign : charging
V/AlarmManager(  799): isAlarmNeedAlign : charging
D/AlarmManager(  799): rebatchAllAlarmsLocked  batch.size() = 1
V/AlarmManager(  799): isAlarmNeedAlign : charging
D/AlarmManager(  799): rebatchAllAlarmsLocked  batch.size() = 1
D/AlarmManager(  799): rebatchAllAlarmsLocked  batch.size() = 5
V/AlarmManager(  799): isAlarmNeedAlign : charging
V/AlarmManager(  799): isAlarmNeedAlign : charging
V/AlarmManager(  799): isAlarmNeedAlign : charging
V/AlarmManager(  799): isAlarmNeedAlign : charging
V/AlarmManager(  799): isAlarmNeedAlign : charging
D/AlarmManager(  799): rebatchAllAlarmsLocked  batch.size() = 1
V/AlarmManager(  799): isAlarmNeedAlign : charging
D/AlarmManager(  799): rebatchAllAlarmsLocked end
D/ActivityThread(  799): BDC-Calling finishReceiver: IIntentReceiver=35dfa91a
I/libPerfService(  799): perfSetFavorPid - pid:3009, bc1
D/GraphicBuffer(  799): register, handle(0x7f85e63700) (w:800 h:1280 s:800 f:0x1 u:0x000b00)
D/PerfService(  799): [PerfService] Intent.ACTION_SCREEN_OFF 
D/ActivityThread(  799): BDC-Calling finishReceiver: IIntentReceiver=32c4d40c
D/PerfServiceManager(  799): [PerfService] MESSAGE_USER_DISABLE_ALL 
I/libPerfService(  799): perfSetFavorPid - pid:3009, bc1
D/WifiService(  799): onReceive, action:android.intent.action.SCREEN_OFF
D/ActivityThread(  799): BDC-Calling finishReceiver: IIntentReceiver=19519379
I/libPerfService(  799): perfSetFavorPid - pid:3009, bc1
D/WifiController(  799): ApStaDisabledState{ when=-1ms what=155651 target=com.android.internal.util.StateMachine$SmHandler }
D/WifiController(  799): DefaultState{ when=-1ms what=155651 target=com.android.internal.util.StateMachine$SmHandler }
D/WifiController(  799): wifiSleepPolicy:2
D/ActivityThread(  799): BDC-Calling finishReceiver: IIntentReceiver=1291ac3b
I/libPerfService(  799): perfSetFavorPid - pid:3009, bc1
D/ActivityThread(  799): BDC-Calling finishReceiver: IIntentReceiver=3706e2d3
V/NetworkStats(  799): setKernelCounterSet uid=10018 set=0
I/libPerfService(  799): perfSetFavorPid - pid:3009, bc1
V/NetworkStats(  799): setKernelCounterSet uid=10058 set=0
D/ActivityThread(  966): BDC-Calling finishReceiver: IIntentReceiver=38e1cdd3
V/NetworkStats(  799): setKernelCounterSet uid=10070 set=0
I/libPerfService(  799): perfSetFavorPid - pid:3009, bc1
V/NetworkStats(  799): setKernelCounterSet uid=10075 set=0
D/ActivityThread(  966): BDC-Calling finishReceiver: IIntentReceiver=24d254d4
D/ConnectivityService(  799): onUidRulesChanged(uid=10018, uidRules=0)
D/ConnectivityService(  799): onUidRulesChanged(uid=10058, uidRules=0)
D/ConnectivityService(  799): onUidRulesChanged(uid=10070, uidRules=0)
D/ConnectivityService(  799): onUidRulesChanged(uid=10075, uidRules=0)
I/libPerfService(  799): perfSetFavorPid - pid:3009, bc1
D/GpsLocationProvider(  799): receive broadcast intent, action: android.intent.action.SCREEN_OFF
V/SettingsInterface(  799):  from settings cache , name = batterySaverGpsMode , value = null
D/ActivityThread(  799): BDC-Calling finishReceiver: IIntentReceiver=341c4790
I/PerfService(  233): PerfServiceNative_notifyDisplayType:0
I/SurfaceFlinger(  233): [Built-in Screen (type:0)] fps:0.078151,dur:12795.78,max:12795.78,min:12795.78
I/libPerfService(  799): perfSetFavorPid - pid:3009, bc1
D/PerfServiceManager(  799): [PerfService] notifyDisplayType:0 
D/ActivityThread(  966): BDC-Calling finishReceiver: IIntentReceiver=274ae4e6
D/DisplayPowerController(  799): Unfinished business...
I/libPerfService(  799): perfSetFavorPid - pid:3009, bc1
D/ActivityThread( 1432): BDC-Calling finishReceiver: IIntentReceiver=3b1edd68
I/libPerfService(  799): perfSetFavorPid - pid:3009, bc1
D/ActivityThread( 1432): BDC-Calling finishReceiver: IIntentReceiver=3a0a2581
I/libPerfService(  799): perfSetFavorPid - pid:3009, bc1
D/PowerManagerService(  799): acquireWakeLockInternal: lock=299986271, flags=0x1, tag="RILJ", ws=null, uid=1001, pid=1432
D/PowerManagerService(  799): updateWakeLockSummaryLocked: mWakefulness=Asleep, mWakeLockSummary=0x1
D/PowerManagerService(  799): updateUserActivitySummaryLocked: mWakefulness=Asleep, mUserActivitySummary=0x0, nextTimeout=0 (918287 ms ago)
D/PowerManagerService(  799): mDisplayPowerRequest.policy = 0
D/PowerManagerService(  799): isWfdEnabled() mWfdStatus=WifiDisplayStatus{featureState=0, scanState=0, activeDisplayState=0, activeDisplay=null, displays=[], sessionInfo=WifiDisplaySessionInfo: C/O:Client,GId:,Pp:,SId:0,IP:}, return false
D/DisplayPowerController(  799): requestPowerState: policy=OFF, useProximitySensor=false, screenBrightness=102, screenAutoBrightnessAdjustment=0.0, useAutoBrightness=true, blockScreenOn=false, lowPowerMode=false, boostScreenBrightness=false, dozeScreenBrightness=-1, dozeScreenState=UNKNOWN, waitForNegativeProximity=false
I/PowerManagerService(  799): setBrightness mButtonLight 0.
D/PowerManagerService(  799): updateDisplayPowerStateLocked: mDisplayReady=false, policy=0, mWakefulness=0, mWakeLockSummary=0x1, mUserActivitySummary=0x0, mBootCompleted=true, mScreenBrightnessBoostInProgress=false
D/PowerManagerService(  799): Acquiring suspend blocker "PowerManagerService.WakeLocks".
D/PowerManagerNotifier(  799): onWakeLockAcquired: flags=1, tag="RILJ", packageName=com.android.phone, ownerUid=1001, ownerPid=1432, workSource=null
D/ActivityThread( 1432): BDC-Calling finishReceiver: IIntentReceiver=10857626
I/libPerfService(  799): perfSetFavorPid - pid:3009, bc1
D/Launcher3( 1453): Launcher, ACTION_SCREEN_OFF: mPendingAddInfo = Item(id=-1 type=0 container=-1 screen=-1 cellX=-1 cellY=-1 spanX=1 spanY=1 dropPos=null unreadNum=0 user=UserHandle{0}), mAppsCustomizeTabHost = com.android.launcher3.AppsCustomizeTabHost{1cfa3e34 V.E..... .......D 0,0-1280,800 #7f110022 app:id/apps_customize_pane}, this = com.android.launcher3.Launcher$15@c47d800
D/Launcher3( 1453): Launcher, showWorkspace: animated = false, mState = APPS_CUSTOMIZE
D/Launcher3( 1453): Launcher, hideAppsCustomzieHelper toState = NORMAL, animated = false, springLoaded = false
D/Launcher3( 1453): PagedView, (PagedView)snapToPage whichPage = 0, delta = 0, duration = 100, mNextPage = -1, mUnboundedScrollX = 0, mDeferScrollUpdate = false,mOverScrollX = 0, mScrollX = , this = com.android.launcher3.Workspace{22d9735b V.ED...L ......ID -1368,-1608-2649,2409 #7f11001b app:id/workspace}
D/Launcher( 1453): mHotseat.setAlpha(1.0f);
D/Launcher3( 1453): AppsCustomizePagedView, onLauncherTransitionPrepare l = com.android.launcher3.Launcher@3792974f, animated = false, toWorkspace = true
D/Launcher3( 1453): AppsCustomizePagedView, cancelAllTasks: mRunningTasks size = 0
D/Launcher3( 1453): AppsCustomizeTabHost, onLauncherTransitionStart: l = com.android.launcher3.Launcher@3792974f, animated = false, toWorkspace = true
D/Launcher3( 1453): AppsCustomizeTabHost, onLauncherTransitionEnd: l = com.android.launcher3.Launcher@3792974f, animated = false, toWorkspace = true, current page = 0
D/Launcher3( 1453): AppsCustomizePagedView, onLauncherTransitionEnd l = com.android.launcher3.Launcher@3792974f, animated = false, toWorkspace = true
D/Launcher3( 1453): AppsCustomizeTabHost, onLauncherTransitionEnd: toWorkspace = true
D/ActivityThread( 1453): BDC-Calling finishReceiver: IIntentReceiver=2db4d6
I/libPerfService(  799): perfSetFavorPid - pid:3009, bc1
D/ActivityThread( 1432): BDC-Calling finishReceiver: IIntentReceiver=3a371267
I/libPerfService(  799): perfSetFavorPid - pid:3009, bc1
V/PhoneStatusBar(  966): onReceive: Intent { act=android.intent.action.SCREEN_OFF flg=0x50000010 }
D/ActivityThread(  966): BDC-Calling finishReceiver: IIntentReceiver=3c85ba27
V/PhoneStatusBar(  966): hiding heads up window
D/Surface (  799): Surface::setBuffersDimensions(this=0x7f85dbde00,w=800,h=1280)
I/libPerfService(  799): perfSetFavorPid - pid:3009, bc1
D/PowerManagerService(  799): releaseWakeLockInternal: lock=299986271 [RILJ], flags=0x0, total_time=15ms
D/PowerManagerNotifier(  799): onWakeLockReleased: flags=1, tag="RILJ", packageName=com.android.phone, ownerUid=1001, ownerPid=1432, workSource=null
D/PowerManagerService(  799): updateWakeLockSummaryLocked: mWakefulness=Asleep, mWakeLockSummary=0x0
D/PowerManagerService(  799): updateUserActivitySummaryLocked: mWakefulness=Asleep, mUserActivitySummary=0x0, nextTimeout=0 (918302 ms ago)
D/PowerManagerService(  799): mDisplayPowerRequest.policy = 0
D/PowerManagerService(  799): isWfdEnabled() mWfdStatus=WifiDisplayStatus{featureState=0, scanState=0, activeDisplayState=0, activeDisplay=null, displays=[], sessionInfo=WifiDisplaySessionInfo: C/O:Client,GId:,Pp:,SId:0,IP:}, return false
D/DisplayPowerController(  799): requestPowerState: policy=OFF, useProximitySensor=false, screenBrightness=102, screenAutoBrightnessAdjustment=0.0, useAutoBrightness=true, blockScreenOn=false, lowPowerMode=false, boostScreenBrightness=false, dozeScreenBrightness=-1, dozeScreenState=UNKNOWN, waitForNegativeProximity=false
I/PowerManagerService(  799): setBrightness mButtonLight 0.
D/PowerManagerService(  799): updateDisplayPowerStateLocked: mDisplayReady=false, policy=0, mWakefulness=0, mWakeLockSummary=0x0, mUserActivitySummary=0x0, mBootCompleted=true, mScreenBrightnessBoostInProgress=false
D/PowerManagerService(  799): Releasing suspend blocker "PowerManagerService.WakeLocks".
D/ActivityThread( 1432): BDC-Calling finishReceiver: IIntentReceiver=33b86814
I/libPerfService(  799): perfSetFavorPid - pid:3009, bc1
D/ActivityThread( 1432): BDC-Calling finishReceiver: IIntentReceiver=8b298bd
I/libPerfService(  799): perfSetFavorPid - pid:3009, bc1
D/PowerManagerService(  799): acquireWakeLockInternal: lock=183927545, flags=0x1, tag="Wakeful StateMachine: GeofencerStateMachine", ws=null, uid=10009, pid=1533
D/PowerManagerService(  799): updateWakeLockSummaryLocked: mWakefulness=Asleep, mWakeLockSummary=0x1
D/PowerManagerService(  799): updateUserActivitySummaryLocked: mWakefulness=Asleep, mUserActivitySummary=0x0, nextTimeout=0 (918308 ms ago)
D/PowerManagerService(  799): mDisplayPowerRequest.policy = 0
D/PowerManagerService(  799): isWfdEnabled() mWfdStatus=WifiDisplayStatus{featureState=0, scanState=0, activeDisplayState=0, activeDisplay=null, displays=[], sessionInfo=WifiDisplaySessionInfo: C/O:Client,GId:,Pp:,SId:0,IP:}, return false
D/DisplayPowerController(  799): requestPowerState: policy=OFF, useProximitySensor=false, screenBrightness=102, screenAutoBrightnessAdjustment=0.0, useAutoBrightness=true, blockScreenOn=false, lowPowerMode=false, boostScreenBrightness=false, dozeScreenBrightness=-1, dozeScreenState=UNKNOWN, waitForNegativeProximity=false
I/PowerManagerService(  799): setBrightness mButtonLight 0.
D/PowerManagerService(  799): updateDisplayPowerStateLocked: mDisplayReady=false, policy=0, mWakefulness=0, mWakeLockSummary=0x1, mUserActivitySummary=0x0, mBootCompleted=true, mScreenBrightnessBoostInProgress=false
D/PowerManagerService(  799): Acquiring suspend blocker "PowerManagerService.WakeLocks".
D/PowerManagerNotifier(  799): onWakeLockAcquired: flags=1, tag="Wakeful StateMachine: GeofencerStateMachine", packageName=com.google.android.gms, ownerUid=10009, ownerPid=1533, workSource=null
D/ActivityThread( 1533): BDC-Calling finishReceiver: IIntentReceiver=23f8fe27
D/PowerManagerService(  799): releaseWakeLockInternal: lock=183927545 [Wakeful StateMachine: GeofencerStateMachine], flags=0x0, total_time=1ms
I/libPerfService(  799): perfSetFavorPid - pid:3009, bc1
D/PowerManagerNotifier(  799): onWakeLockReleased: flags=1, tag="Wakeful StateMachine: GeofencerStateMachine", packageName=com.google.android.gms, ownerUid=10009, ownerPid=1533, workSource=null
D/PowerManagerService(  799): updateWakeLockSummaryLocked: mWakefulness=Asleep, mWakeLockSummary=0x0
D/PowerManagerService(  799): updateUserActivitySummaryLocked: mWakefulness=Asleep, mUserActivitySummary=0x0, nextTimeout=0 (918309 ms ago)
D/PowerManagerService(  799): mDisplayPowerRequest.policy = 0
D/PowerManagerService(  799): isWfdEnabled() mWfdStatus=WifiDisplayStatus{featureState=0, scanState=0, activeDisplayState=0, activeDisplay=null, displays=[], sessionInfo=WifiDisplaySessionInfo: C/O:Client,GId:,Pp:,SId:0,IP:}, return false
