D/mnl_linux(  362): $GPRMC,001525.009,V,8960.0000,N,00000.0000,E,0.000,0.00,010110,,,N*4A
D/mnl_linux(  362): $GPVTG,0.00,T,,M,0.000,N,0.000,K,N*32
D/mnl_linux(  362): $GPACCURACY,3162.1*3F
D/MNLD    (  362): send_cmd_ex: slf_send_cmd (13, 0x30)
D/MNLD    (  362): process: epoll_wait() received 1 events
D/MNLD    (  362): sigrcv_handler: args from mnld: 48
D/MNLD    (  362): mnl_set_alarm: (0, 0xF68370B8, 5)
D/MNLD    (  362): process: sigrc_handler: ret = 0
D/MNLD    (  362): mtk_gps_sys_gps_mnl_callback: MTK_GPS_MSG_FIX_READY,GET_RTC_FAIL
D/MNLD    (  362): mtk_gps_sys_gps_mnl_callback: gps_measurement_state = 255 ,state = 2
I/thermal_repeater(  367): oh, queryMdThermalInfo (0)Bad file number
I/thermal_repeater(  367): [recvMdThermalInfo] ret=26, strLen=127,  1, 32767,,, -1, 32767, 18
D/gps_mtk (  799): gps_state_thread: line = 3856received 264 bytes:
D/gps_mtk (  799): nmea_reader_update_time: line = 1585fix_time: 1262304926
D/gps_mtk (  799): nmea_reader_parse: line = 2294r->sv_status.num_svs = 0, gps_nmea_end_tag = 0
D/gps_mtk (  799): nmea_reader_addc: line = 2328start nmea_cb
D/gps_mtk (  799): nmea_reader_parse: line = 2294r->sv_status.num_svs = 0, gps_nmea_end_tag = 0
D/gps_mtk (  799): nmea_reader_addc: line = 2328start nmea_cb
D/gps_mtk (  799): nmea_reader_parse: line = 2207r->sv_count = 0
D/gps_mtk (  799): nmea_reader_parse: line = 2294r->sv_status.num_svs = 0, gps_nmea_end_tag = 0
D/gps_mtk (  799): nmea_reader_addc: line = 2328start nmea_cb
D/gps_mtk (  799): nmea_reader_parse: line = 2294r->sv_status.num_svs = 0, gps_nmea_end_tag = 0
D/gps_mtk (  799): nmea_reader_addc: line = 2328start nmea_cb
D/gps_mtk (  799): nmea_reader_parse: line = 2294r->sv_status.num_svs = 0, gps_nmea_end_tag = 0
D/gps_mtk (  799): nmea_reader_addc: line = 2328start nmea_cb
D/gps_mtk (  799): nmea_reader_parse: line = 2231GPS get accuracy failed, fix mode:1
D/gps_mtk (  799): nmea_reader_parse: line = 2294r->sv_status.num_svs = 0, gps_nmea_end_tag = 1
D/gps_mtk (  799): nmea_reader_addc: line = 2328start nmea_cb
D/mnl_linux(  362): mtk_gps_sys_nmea_output_to_app: $GPGGA,001526.009,8960.0000,N,00000.0000,E,0,0,,137.0,M,13.0,M,,*4A
D/mnl_linux(  362): $GPGSA,A,1,,,,,,,,,,,,,99.99,99.99,99.99*30
D/mnl_linux(  362): $GPGSV,1,1,0*49
D/mnl_linux(  362): $GPRMC,001526.009,V,8960.0000,N,00000.0000,E,0.000,0.00,010110,,,N*49
D/mnl_linux(  362): $GPVTG,0.00,T,,M,0.000,N,0.000,K,N*32
D/mnl_linux(  362): $GPACCURACY,3162.1*3F
D/MNLD    (  362): send_cmd_ex: slf_send_cmd (13, 0x30)
D/MNLD    (  362): process: epoll_wait() received 1 events
D/MNLD    (  362): sigrcv_handler: args from mnld: 48
D/MNLD    (  362): mnl_set_alarm: (0, 0xF68370B8, 5)
D/MNLD    (  362): process: sigrc_handler: ret = 0
D/MNLD    (  362): mtk_gps_sys_gps_mnl_callback: MTK_GPS_MSG_FIX_READY,GET_RTC_FAIL
D/MNLD    (  362): mtk_gps_sys_gps_mnl_callback: gps_measurement_state = 255 ,state = 2
D/gps_mtk (  799): gps_state_thread: line = 3856received 264 bytes:
D/gps_mtk (  799): nmea_reader_update_time: line = 1585fix_time: 1262304927
D/gps_mtk (  799): nmea_reader_parse: line = 2294r->sv_status.num_svs = 0, gps_nmea_end_tag = 0
D/gps_mtk (  799): nmea_reader_addc: line = 2328start nmea_cb
D/gps_mtk (  799): nmea_reader_parse: line = 2294r->sv_status.num_svs = 0, gps_nmea_end_tag = 0
D/gps_mtk (  799): nmea_reader_addc: line = 2328start nmea_cb
D/gps_mtk (  799): nmea_reader_parse: line = 2207r->sv_count = 0
D/gps_mtk (  799): nmea_reader_parse: line = 2294r->sv_status.num_svs = 0, gps_nmea_end_tag = 0
D/gps_mtk (  799): nmea_reader_addc: line = 2328start nmea_cb
D/gps_mtk (  799): nmea_reader_parse: line = 2294r->sv_status.num_svs = 0, gps_nmea_end_tag = 0
D/gps_mtk (  799): nmea_reader_addc: line = 2328start nmea_cb
D/gps_mtk (  799): nmea_reader_parse: line = 2294r->sv_status.num_svs = 0, gps_nmea_end_tag = 0
D/gps_mtk (  799): nmea_reader_addc: line = 2328start nmea_cb
D/gps_mtk (  799): nmea_reader_parse: line = 2231GPS get accuracy failed, fix mode:1
D/gps_mtk (  799): nmea_reader_parse: line = 2294r->sv_status.num_svs = 0, gps_nmea_end_tag = 1
D/gps_mtk (  799): nmea_reader_addc: line = 2328start nmea_cb
D/mnl_linux(  362): mtk_gps_sys_nmea_output_to_app: $GPGGA,001527.009,8960.0000,N,00000.0000,E,0,0,,137.0,M,13.0,M,,*4B
D/mnl_linux(  362): $GPGSA,A,1,,,,,,,,,,,,,99.99,99.99,99.99*30
D/mnl_linux(  362): $GPGSV,1,1,0*49
D/mnl_linux(  362): $GPRMC,001527.009,V,8960.0000,N,00000.0000,E,0.000,0.00,010110,,,N*48
D/mnl_linux(  362): $GPVTG,0.00,T,,M,0.000,N,0.000,K,N*32
D/mnl_linux(  362): $GPACCURACY,3162.1*3F
D/MNLD    (  362): send_cmd_ex: slf_send_cmd (13, 0x30)
D/MNLD    (  362): process: epoll_wait() received 1 events
D/MNLD    (  362): sigrcv_handler: args from mnld: 48
D/MNLD    (  362): mnl_set_alarm: (0, 0xF68370B8, 5)
D/MNLD    (  362): process: sigrc_handler: ret = 0
D/MNLD    (  362): mtk_gps_sys_gps_mnl_callback: MTK_GPS_MSG_FIX_READY,GET_RTC_FAIL
D/MNLD    (  362): mtk_gps_sys_gps_mnl_callback: gps_measurement_state = 255 ,state = 2
V/SettingsInterface( 1432):  from settings cache , name = multi_sim_voice_call , value = null
V/ActivityManager(  799): Broadcast sticky: Intent { act=android.intent.action.SIG_STR flg=0x20000010 (has extras) } ordered=false userid=-1 callerApp=ProcessRecord{3c59dd8a 799:system/1000}
D/gps_mtk (  799): gps_state_thread: line = 3856received 264 bytes:
D/gps_mtk (  799): nmea_reader_update_time: line = 1585fix_time: 1262304928
D/gps_mtk (  799): nmea_reader_parse: line = 2294r->sv_status.num_svs = 0, gps_nmea_end_tag = 0
D/gps_mtk (  799): nmea_reader_addc: line = 2328start nmea_cb
D/gps_mtk (  799): nmea_reader_parse: line = 2294r->sv_status.num_svs = 0, gps_nmea_end_tag = 0
D/gps_mtk (  799): nmea_reader_addc: line = 2328start nmea_cb
D/gps_mtk (  799): nmea_reader_parse: line = 2207r->sv_count = 0
D/gps_mtk (  799): nmea_reader_parse: line = 2294r->sv_status.num_svs = 0, gps_nmea_end_tag = 0
D/gps_mtk (  799): nmea_reader_addc: line = 2328start nmea_cb
D/gps_mtk (  799): nmea_reader_parse: line = 2294r->sv_status.num_svs = 0, gps_nmea_end_tag = 0
D/gps_mtk (  799): nmea_reader_addc: line = 2328start nmea_cb
D/gps_mtk (  799): nmea_reader_parse: line = 2294r->sv_status.num_svs = 0, gps_nmea_end_tag = 0
D/gps_mtk (  799): nmea_reader_addc: line = 2328start nmea_cb
D/gps_mtk (  799): nmea_reader_parse: line = 2231GPS get accuracy failed, fix mode:1
D/gps_mtk (  799): nmea_reader_parse: line = 2294r->sv_status.num_svs = 0, gps_nmea_end_tag = 1
D/gps_mtk (  799): nmea_reader_addc: line = 2328start nmea_cb
D/mnl_linux(  362): mtk_gps_sys_nmea_output_to_app: $GPGGA,001528.009,8960.0000,N,00000.0000,E,0,0,,137.0,M,13.0,M,,*44
D/mnl_linux(  362): $GPGSA,A,1,,,,,,,,,,,,,99.99,99.99,99.99*30
D/mnl_linux(  362): $GPGSV,1,1,0*49
D/mnl_linux(  362): $GPRMC,001528.009,V,8960.0000,N,00000.0000,E,0.000,0.00,010110,,,N*47
D/mnl_linux(  362): $GPVTG,0.00,T,,M,0.000,N,0.000,K,N*32
D/mnl_linux(  362): $GPACCURACY,3162.1*3F
D/MNLD    (  362): send_cmd_ex: slf_send_cmd (13, 0x30)
D/MNLD    (  362): process: epoll_wait() received 1 events
D/MNLD    (  362): sigrcv_handler: args from mnld: 48
D/MNLD    (  362): mnl_set_alarm: (0, 0xF68370B8, 5)
D/MNLD    (  362): process: sigrc_handler: ret = 0
D/MNLD    (  362): mtk_gps_sys_gps_mnl_callback: MTK_GPS_MSG_FIX_READY,GET_RTC_FAIL
D/MNLD    (  362): mtk_gps_sys_gps_mnl_callback: gps_measurement_state = 255 ,state = 2
D/gps_mtk (  799): gps_state_thread: line = 3856received 264 bytes:
D/gps_mtk (  799): nmea_reader_update_time: line = 1585fix_time: 1262304929
D/gps_mtk (  799): nmea_reader_parse: line = 2294r->sv_status.num_svs = 0, gps_nmea_end_tag = 0
D/gps_mtk (  799): nmea_reader_addc: line = 2328start nmea_cb
D/gps_mtk (  799): nmea_reader_parse: line = 2294r->sv_status.num_svs = 0, gps_nmea_end_tag = 0
D/gps_mtk (  799): nmea_reader_addc: line = 2328start nmea_cb
D/gps_mtk (  799): nmea_reader_parse: line = 2207r->sv_count = 0
D/gps_mtk (  799): nmea_reader_parse: line = 2294r->sv_status.num_svs = 0, gps_nmea_end_tag = 0
D/gps_mtk (  799): nmea_reader_addc: line = 2328start nmea_cb
D/gps_mtk (  799): nmea_reader_parse: line = 2294r->sv_status.num_svs = 0, gps_nmea_end_tag = 0
D/gps_mtk (  799): nmea_reader_addc: line = 2328start nmea_cb
D/gps_mtk (  799): nmea_reader_parse: line = 2294r->sv_status.num_svs = 0, gps_nmea_end_tag = 0
D/gps_mtk (  799): nmea_reader_addc: line = 2328start nmea_cb
D/gps_mtk (  799): nmea_reader_parse: line = 2231GPS get accuracy failed, fix mode:1
D/gps_mtk (  799): nmea_reader_parse: line = 2294r->sv_status.num_svs = 0, gps_nmea_end_tag = 1
D/gps_mtk (  799): nmea_reader_addc: line = 2328start nmea_cb
D/mnl_linux(  362): mtk_gps_sys_nmea_output_to_app: $GPGGA,001529.009,8960.0000,N,00000.0000,E,0,0,,137.0,M,13.0,M,,*45
D/mnl_linux(  362): $GPGSA,A,1,,,,,,,,,,,,,99.99,99.99,99.99*30
D/mnl_linux(  362): $GPGSV,1,1,0*49
D/mnl_linux(  362): $GPRMC,001529.009,V,8960.0000,N,00000.0000,E,0.000,0.00,010110,,,N*46
D/mnl_linux(  362): $GPVTG,0.00,T,,M,0.000,N,0.000,K,N*32
D/mnl_linux(  362): $GPACCURACY,3162.1*3F
D/MNLD    (  362): send_cmd_ex: slf_send_cmd (13, 0x30)
D/MNLD    (  362): process: epoll_wait() received 1 events
D/MNLD    (  362): sigrcv_handler: args from mnld: 48
D/MNLD    (  362): mnl_set_alarm: (0, 0xF68370B8, 5)
D/MNLD    (  362): process: sigrc_handler: ret = 0
D/MNLD    (  362): mtk_gps_sys_gps_mnl_callback: MTK_GPS_MSG_FIX_READY,GET_RTC_FAIL
D/MNLD    (  362): mtk_gps_sys_gps_mnl_callback: gps_measurement_state = 255 ,state = 2
V/SettingsInterface(  799):  from settings cache , name = sys_free_storage_log_interval , value = null
V/SettingsInterface(  799):  from settings cache , name = disk_free_change_reporting_threshold , value = null
D/gps_mtk (  799): gps_state_thread: line = 3856received 264 bytes:
D/gps_mtk (  799): nmea_reader_update_time: line = 1585fix_time: 1262304930
D/gps_mtk (  799): nmea_reader_parse: line = 2294r->sv_status.num_svs = 0, gps_nmea_end_tag = 0
D/gps_mtk (  799): nmea_reader_addc: line = 2328start nmea_cb
D/gps_mtk (  799): nmea_reader_parse: line = 2294r->sv_status.num_svs = 0, gps_nmea_end_tag = 0
D/gps_mtk (  799): nmea_reader_addc: line = 2328start nmea_cb
D/gps_mtk (  799): nmea_reader_parse: line = 2207r->sv_count = 0
D/gps_mtk (  799): nmea_reader_parse: line = 2294r->sv_status.num_svs = 0, gps_nmea_end_tag = 0
D/gps_mtk (  799): nmea_reader_addc: line = 2328start nmea_cb
D/gps_mtk (  799): nmea_reader_parse: line = 2294r->sv_status.num_svs = 0, gps_nmea_end_tag = 0
D/gps_mtk (  799): nmea_reader_addc: line = 2328start nmea_cb
D/gps_mtk (  799): nmea_reader_parse: line = 2294r->sv_status.num_svs = 0, gps_nmea_end_tag = 0
D/gps_mtk (  799): nmea_reader_addc: line = 2328start nmea_cb
D/gps_mtk (  799): nmea_reader_parse: line = 2231GPS get accuracy failed, fix mode:1
D/gps_mtk (  799): nmea_reader_parse: line = 2294r->sv_status.num_svs = 0, gps_nmea_end_tag = 1
D/gps_mtk (  799): nmea_reader_addc: line = 2328start nmea_cb
D/mnl_linux(  362): mtk_gps_sys_nmea_output_to_app: $GPGGA,001530.009,8960.0000,N,00000.0000,E,0,0,,137.0,M,13.0,M,,*4D
D/mnl_linux(  362): $GPGSA,A,1,,,,,,,,,,,,,99.99,99.99,99.99*30
D/mnl_linux(  362): $GPGSV,1,1,0*49
D/mnl_linux(  362): $GPRMC,001530.009,V,8960.0000,N,00000.0000,E,0.000,0.00,010110,,,N*4E
D/mnl_linux(  362): $GPVTG,0.00,T,,M,0.000,N,0.000,K,N*32
D/mnl_linux(  362): $GPACCURACY,3162.1*3F
D/MNLD    (  362): send_cmd_ex: slf_send_cmd (13, 0x30)
D/MNLD    (  362): process: epoll_wait() received 1 events
D/MNLD    (  362): sigrcv_handler: args from mnld: 48
D/MNLD    (  362): mnl_set_alarm: (0, 0xF68370B8, 5)
D/MNLD    (  362): process: sigrc_handler: ret = 0
D/MNLD    (  362): mtk_gps_sys_gps_mnl_callback: MTK_GPS_MSG_FIX_READY,GET_RTC_FAIL
D/MNLD    (  362): mtk_gps_sys_gps_mnl_callback: gps_measurement_state = 255 ,state = 2
I/thermal_repeater(  367): oh, queryMdThermalInfo (0)Bad file number
I/thermal_repeater(  367): [recvMdThermalInfo] ret=26, strLen=127,  1, 32767,,, -1, 32767, 18
D/gps_mtk (  799): gps_state_thread: line = 3856received 264 bytes:
D/gps_mtk (  799): nmea_reader_update_time: line = 1585fix_time: 1262304931
D/gps_mtk (  799): nmea_reader_parse: line = 2294r->sv_status.num_svs = 0, gps_nmea_end_tag = 0
D/gps_mtk (  799): nmea_reader_addc: line = 2328start nmea_cb
D/gps_mtk (  799): nmea_reader_parse: line = 2294r->sv_status.num_svs = 0, gps_nmea_end_tag = 0
D/gps_mtk (  799): nmea_reader_addc: line = 2328start nmea_cb
D/gps_mtk (  799): nmea_reader_parse: line = 2207r->sv_count = 0
D/gps_mtk (  799): nmea_reader_parse: line = 2294r->sv_status.num_svs = 0, gps_nmea_end_tag = 0
D/gps_mtk (  799): nmea_reader_addc: line = 2328start nmea_cb
D/gps_mtk (  799): nmea_reader_parse: line = 2294r->sv_status.num_svs = 0, gps_nmea_end_tag = 0
D/gps_mtk (  799): nmea_reader_addc: line = 2328start nmea_cb
D/gps_mtk (  799): nmea_reader_parse: line = 2294r->sv_status.num_svs = 0, gps_nmea_end_tag = 0
D/gps_mtk (  799): nmea_reader_addc: line = 2328start nmea_cb
D/gps_mtk (  799): nmea_reader_parse: line = 2231GPS get accuracy failed, fix mode:1
D/gps_mtk (  799): nmea_reader_parse: line = 2294r->sv_status.num_svs = 0, gps_nmea_end_tag = 1
D/gps_mtk (  799): nmea_reader_addc: line = 2328start nmea_cb
D/mnl_linux(  362): mtk_gps_sys_nmea_output_to_app: $GPGGA,001531.009,8960.0000,N,00000.0000,E,0,0,,137.0,M,13.0,M,,*4C
D/mnl_linux(  362): $GPGSA,A,1,,,,,,,,,,,,,99.99,99.99,99.99*30
D/mnl_linux(  362): $GPGSV,1,1,0*49
D/mnl_linux(  362): $GPRMC,001531.009,V,8960.0000,N,00000.0000,E,0.000,0.00,010110,,,N*4F
D/mnl_linux(  362): $GPVTG,0.00,T,,M,0.000,N,0.000,K,N*32
D/mnl_linux(  362): $GPACCURACY,3162.1*3F
D/MNLD    (  362): send_cmd_ex: slf_send_cmd (13, 0x30)
D/MNLD    (  362): process: epoll_wait() received 1 events
D/MNLD    (  362): sigrcv_handler: args from mnld: 48
D/MNLD    (  362): mnl_set_alarm: (0, 0xF68370B8, 5)
D/MNLD    (  362): process: sigrc_handler: ret = 0
D/MNLD    (  362): mtk_gps_sys_gps_mnl_callback: MTK_GPS_MSG_FIX_READY,GET_RTC_FAIL
D/MNLD    (  362): mtk_gps_sys_gps_mnl_callback: gps_measurement_state = 255 ,state = 2
I/sn      (  377): Retry 87
I/sn      (  377): Fail to access err=No such file or directory
I/sn      (  377): Fail to access err=No such file or directory
I/sn      (  377): Fail to access err=Permission denied
I/sn      (  377): Check all possible paths
D/gps_mtk (  799): gps_state_thread: line = 3856received 264 bytes:
D/gps_mtk (  799): nmea_reader_update_time: line = 1585fix_time: 1262304932
D/gps_mtk (  799): nmea_reader_parse: line = 2294r->sv_status.num_svs = 0, gps_nmea_end_tag = 0
D/gps_mtk (  799): nmea_reader_addc: line = 2328start nmea_cb
D/gps_mtk (  799): nmea_reader_parse: line = 2294r->sv_status.num_svs = 0, gps_nmea_end_tag = 0
D/gps_mtk (  799): nmea_reader_addc: line = 2328start nmea_cb
D/gps_mtk (  799): nmea_reader_parse: line = 2207r->sv_count = 0
D/gps_mtk (  799): nmea_reader_parse: line = 2294r->sv_status.num_svs = 0, gps_nmea_end_tag = 0
D/gps_mtk (  799): nmea_reader_addc: line = 2328start nmea_cb
D/gps_mtk (  799): nmea_reader_parse: line = 2294r->sv_status.num_svs = 0, gps_nmea_end_tag = 0
D/gps_mtk (  799): nmea_reader_addc: line = 2328start nmea_cb
D/gps_mtk (  799): nmea_reader_parse: line = 2294r->sv_status.num_svs = 0, gps_nmea_end_tag = 0
D/gps_mtk (  799): nmea_reader_addc: line = 2328start nmea_cb
D/gps_mtk (  799): nmea_reader_parse: line = 2231GPS get accuracy failed, fix mode:1
D/gps_mtk (  799): nmea_reader_parse: line = 2294r->sv_status.num_svs = 0, gps_nmea_end_tag = 1
D/gps_mtk (  799): nmea_reader_addc: line = 2328start nmea_cb
D/mnl_linux(  362): mtk_gps_sys_nmea_output_to_app: $GPGGA,001532.009,8960.0000,N,00000.0000,E,0,0,,137.0,M,13.0,M,,*4F
D/mnl_linux(  362): $GPGSA,A,1,,,,,,,,,,,,,99.99,99.99,99.99*30
D/mnl_linux(  362): $GPGSV,1,1,0*49
D/mnl_linux(  362): $GPRMC,001532.009,V,8960.0000,N,00000.0000,E,0.000,0.00,010110,,,N*4C
D/mnl_linux(  362): $GPVTG,0.00,T,,M,0.000,N,0.000,K,N*32
D/mnl_linux(  362): $GPACCURACY,3162.1*3F
D/MNLD    (  362): send_cmd_ex: slf_send_cmd (13, 0x30)
D/MNLD    (  362): process: epoll_wait() received 1 events
D/MNLD    (  362): sigrcv_handler: args from mnld: 48
D/MNLD    (  362): mnl_set_alarm: (0, 0xF68370B8, 5)
D/MNLD    (  362): process: sigrc_handler: ret = 0
D/MNLD    (  362): mtk_gps_sys_gps_mnl_callback: MTK_GPS_MSG_FIX_READY,GET_RTC_FAIL
D/MNLD    (  362): mtk_gps_sys_gps_mnl_callback: gps_measurement_state = 255 ,state = 2
D/gps_mtk (  799): gps_state_thread: line = 3856received 264 bytes:
D/gps_mtk (  799): nmea_reader_update_time: line = 1585fix_time: 1262304933
D/gps_mtk (  799): nmea_reader_parse: line = 2294r->sv_status.num_svs = 0, gps_nmea_end_tag = 0
D/gps_mtk (  799): nmea_reader_addc: line = 2328start nmea_cb
D/gps_mtk (  799): nmea_reader_parse: line = 2294r->sv_status.num_svs = 0, gps_nmea_end_tag = 0
D/gps_mtk (  799): nmea_reader_addc: line = 2328start nmea_cb
D/gps_mtk (  799): nmea_reader_parse: line = 2207r->sv_count = 0
D/gps_mtk (  799): nmea_reader_parse: line = 2294r->sv_status.num_svs = 0, gps_nmea_end_tag = 0
D/gps_mtk (  799): nmea_reader_addc: line = 2328start nmea_cb
D/gps_mtk (  799): nmea_reader_parse: line = 2294r->sv_status.num_svs = 0, gps_nmea_end_tag = 0
D/gps_mtk (  799): nmea_reader_addc: line = 2328start nmea_cb
D/gps_mtk (  799): nmea_reader_parse: line = 2294r->sv_status.num_svs = 0, gps_nmea_end_tag = 0
D/gps_mtk (  799): nmea_reader_addc: line = 2328start nmea_cb
D/gps_mtk (  799): nmea_reader_parse: line = 2231GPS get accuracy failed, fix mode:1
D/gps_mtk (  799): nmea_reader_parse: line = 2294r->sv_status.num_svs = 0, gps_nmea_end_tag = 1
D/gps_mtk (  799): nmea_reader_addc: line = 2328start nmea_cb
D/mnl_linux(  362): mtk_gps_sys_nmea_output_to_app: $GPGGA,001533.009,8960.0000,N,00000.0000,E,0,0,,137.0,M,13.0,M,,*4E
D/mnl_linux(  362): $GPGSA,A,1,,,,,,,,,,,,,99.99,99.99,99.99*30
D/mnl_linux(  362): $GPGSV,1,1,0*49
D/mnl_linux(  362): $GPRMC,001533.009,V,8960.0000,N,00000.0000,E,0.000,0.00,010110,,,N*4D
D/mnl_linux(  362): $GPVTG,0.00,T,,M,0.000,N,0.000,K,N*32
D/mnl_linux(  362): $GPACCURACY,3162.1*3F
D/MNLD    (  362): send_cmd_ex: slf_send_cmd (13, 0x30)
D/MNLD    (  362): process: epoll_wait() received 1 events
D/MNLD    (  362): sigrcv_handler: args from mnld: 48
D/MNLD    (  362): mnl_set_alarm: (0, 0xF68370B8, 5)
D/MNLD    (  362): process: sigrc_handler: ret = 0
D/MNLD    (  362): mtk_gps_sys_gps_mnl_callback: MTK_GPS_MSG_FIX_READY,GET_RTC_FAIL
D/MNLD    (  362): mtk_gps_sys_gps_mnl_callback: gps_measurement_state = 255 ,state = 2
W/Watchdog(  799): SWT Watchdog after wait current time:891935
D/AES     (  799): AEEIOCTL_GET/SET_SF_STATE IOCTL,cmd= 1074294797, lParam=0. 
W/Watchdog(  799): **Get SF Time **1
D/AES     (  799): AEEIOCTL_RT_MON_Kick IOCTL,cmd= -2147192822, lParam=400. 
W/Watchdog(  799): SWT Watchdog before synchronized:891943
W/Watchdog(  799): SWT Watchdog after synchronized:891943
W/Watchdog(  799): SWT Watchdog before wait timeout:30000
W/Watchdog(  799): SWT Watchdog before wait current time:891944
W/Watchdog(  799): SWT Watchdog before wait start:891944
W/Watchdog(  799): SWT Watchdog before wait CHECK_INTERVAL:30000
D/InputReader(  799): InputReader::monitor: lock
D/InputReader(  799): InputReader::monitor: wait 
D/InputReader(  799): InputReader::monitor: unlock
D/InputReader(  799): InputReader::monitor: done
D/gps_mtk (  799): gps_state_thread: line = 3856received 264 bytes:
D/gps_mtk (  799): nmea_reader_update_time: line = 1585fix_time: 1262304934
D/gps_mtk (  799): nmea_reader_parse: line = 2294r->sv_status.num_svs = 0, gps_nmea_end_tag = 0
D/gps_mtk (  799): nmea_reader_addc: line = 2328start nmea_cb
D/gps_mtk (  799): nmea_reader_parse: line = 2294r->sv_status.num_svs = 0, gps_nmea_end_tag = 0
D/gps_mtk (  799): nmea_reader_addc: line = 2328start nmea_cb
D/gps_mtk (  799): nmea_reader_parse: line = 2207r->sv_count = 0
D/gps_mtk (  799): nmea_reader_parse: line = 2294r->sv_status.num_svs = 0, gps_nmea_end_tag = 0
D/gps_mtk (  799): nmea_reader_addc: line = 2328start nmea_cb
D/gps_mtk (  799): nmea_reader_parse: line = 2294r->sv_status.num_svs = 0, gps_nmea_end_tag = 0
D/gps_mtk (  799): nmea_reader_addc: line = 2328start nmea_cb
D/gps_mtk (  799): nmea_reader_parse: line = 2294r->sv_status.num_svs = 0, gps_nmea_end_tag = 0
D/gps_mtk (  799): nmea_reader_addc: line = 2328start nmea_cb
D/gps_mtk (  799): nmea_reader_parse: line = 2231GPS get accuracy failed, fix mode:1
D/gps_mtk (  799): nmea_reader_parse: line = 2294r->sv_status.num_svs = 0, gps_nmea_end_tag = 1
D/gps_mtk (  799): nmea_reader_addc: line = 2328start nmea_cb
D/mnl_linux(  362): mtk_gps_sys_nmea_output_to_app: $GPGGA,001534.009,8960.0000,N,00000.0000,E,0,0,,137.0,M,13.0,M,,*49
D/mnl_linux(  362): $GPGSA,A,1,,,,,,,,,,,,,99.99,99.99,99.99*30
D/mnl_linux(  362): $GPGSV,1,1,0*49
D/mnl_linux(  362): $GPRMC,001534.009,V,8960.0000,N,00000.0000,E,0.000,0.00,010110,,,N*4A
D/mnl_linux(  362): $GPVTG,0.00,T,,M,0.000,N,0.000,K,N*32
D/mnl_linux(  362): $GPACCURACY,3162.1*3F
D/MNLD    (  362): send_cmd_ex: slf_send_cmd (13, 0x30)
D/MNLD    (  362): process: epoll_wait() received 1 events
D/MNLD    (  362): sigrcv_handler: args from mnld: 48
D/MNLD    (  362): mnl_set_alarm: (0, 0xF68370B8, 5)
D/MNLD    (  362): process: sigrc_handler: ret = 0
D/MNLD    (  362): mtk_gps_sys_gps_mnl_callback: MTK_GPS_MSG_FIX_READY,GET_RTC_FAIL
D/MNLD    (  362): mtk_gps_sys_gps_mnl_callback: gps_measurement_state = 255 ,state = 2
V/SettingsInterface( 1432):  from settings cache , name = multi_sim_voice_call , value = null
V/ActivityManager(  799): Broadcast sticky: Intent { act=android.intent.action.SIG_STR flg=0x20000010 (has extras) } ordered=false userid=-1 callerApp=ProcessRecord{3c59dd8a 799:system/1000}
D/gps_mtk (  799): gps_state_thread: line = 3856received 264 bytes:
D/gps_mtk (  799): nmea_reader_update_time: line = 1585fix_time: 1262304935
D/gps_mtk (  799): nmea_reader_parse: line = 2294r->sv_status.num_svs = 0, gps_nmea_end_tag = 0
D/gps_mtk (  799): nmea_reader_addc: line = 2328start nmea_cb
D/gps_mtk (  799): nmea_reader_parse: line = 2294r->sv_status.num_svs = 0, gps_nmea_end_tag = 0
D/gps_mtk (  799): nmea_reader_addc: line = 2328start nmea_cb
D/gps_mtk (  799): nmea_reader_parse: line = 2207r->sv_count = 0
D/gps_mtk (  799): nmea_reader_parse: line = 2294r->sv_status.num_svs = 0, gps_nmea_end_tag = 0
D/gps_mtk (  799): nmea_reader_addc: line = 2328start nmea_cb
D/gps_mtk (  799): nmea_reader_parse: line = 2294r->sv_status.num_svs = 0, gps_nmea_end_tag = 0
D/gps_mtk (  799): nmea_reader_addc: line = 2328start nmea_cb
D/gps_mtk (  799): nmea_reader_parse: line = 2294r->sv_status.num_svs = 0, gps_nmea_end_tag = 0
D/gps_mtk (  799): nmea_reader_addc: line = 2328start nmea_cb
D/gps_mtk (  799): nmea_reader_parse: line = 2231GPS get accuracy failed, fix mode:1
D/gps_mtk (  799): nmea_reader_parse: line = 2294r->sv_status.num_svs = 0, gps_nmea_end_tag = 1
D/gps_mtk (  799): nmea_reader_addc: line = 2328start nmea_cb
D/mnl_linux(  362): mtk_gps_sys_nmea_output_to_app: $GPGGA,001535.009,8960.0000,N,00000.0000,E,0,0,,137.0,M,13.0,M,,*48
D/mnl_linux(  362): $GPGSA,A,1,,,,,,,,,,,,,99.99,99.99,99.99*30
D/mnl_linux(  362): $GPGSV,1,1,0*49
D/mnl_linux(  362): $GPRMC,001535.009,V,8960.0000,N,00000.0000,E,0.000,0.00,010110,,,N*4B
D/mnl_linux(  362): $GPVTG,0.00,T,,M,0.000,N,0.000,K,N*32
D/mnl_linux(  362): $GPACCURACY,3162.1*3F
D/MNLD    (  362): send_cmd_ex: slf_send_cmd (13, 0x30)
D/MNLD    (  362): process: epoll_wait() received 1 events
D/MNLD    (  362): sigrcv_handler: args from mnld: 48
D/MNLD    (  362): mnl_set_alarm: (0, 0xF68370B8, 5)
D/MNLD    (  362): process: sigrc_handler: ret = 0
D/MNLD    (  362): mtk_gps_sys_gps_mnl_callback: MTK_GPS_MSG_FIX_READY,GET_RTC_FAIL
D/MNLD    (  362): mtk_gps_sys_gps_mnl_callback: gps_measurement_state = 255 ,state = 2
I/thermal_repeater(  367): oh, queryMdThermalInfo (0)Bad file number
I/thermal_repeater(  367): [recvMdThermalInfo] ret=26, strLen=127,  1, 32767,,, -1, 32767, 18
D/gps_mtk (  799): gps_state_thread: line = 3856received 264 bytes:
D/gps_mtk (  799): nmea_reader_update_time: line = 1585fix_time: 1262304936
D/gps_mtk (  799): nmea_reader_parse: line = 2294r->sv_status.num_svs = 0, gps_nmea_end_tag = 0
D/gps_mtk (  799): nmea_reader_addc: line = 2328start nmea_cb
D/gps_mtk (  799): nmea_reader_parse: line = 2294r->sv_status.num_svs = 0, gps_nmea_end_tag = 0
D/gps_mtk (  799): nmea_reader_addc: line = 2328start nmea_cb
D/gps_mtk (  799): nmea_reader_parse: line = 2207r->sv_count = 0
D/gps_mtk (  799): nmea_reader_parse: line = 2294r->sv_status.num_svs = 0, gps_nmea_end_tag = 0
D/gps_mtk (  799): nmea_reader_addc: line = 2328start nmea_cb
D/gps_mtk (  799): nmea_reader_parse: line = 2294r->sv_status.num_svs = 0, gps_nmea_end_tag = 0
D/gps_mtk (  799): nmea_reader_addc: line = 2328start nmea_cb
D/gps_mtk (  799): nmea_reader_parse: line = 2294r->sv_status.num_svs = 0, gps_nmea_end_tag = 0
D/gps_mtk (  799): nmea_reader_addc: line = 2328start nmea_cb
D/gps_mtk (  799): nmea_reader_parse: line = 2231GPS get accuracy failed, fix mode:1
D/gps_mtk (  799): nmea_reader_parse: line = 2294r->sv_status.num_svs = 0, gps_nmea_end_tag = 1
D/gps_mtk (  799): nmea_reader_addc: line = 2328start nmea_cb
D/mnl_linux(  362): mtk_gps_sys_nmea_output_to_app: $GPGGA,001536.009,8960.0000,N,00000.0000,E,0,0,,137.0,M,13.0,M,,*4B
D/mnl_linux(  362): $GPGSA,A,1,,,,,,,,,,,,,99.99,99.99,99.99*30
D/mnl_linux(  362): $GPGSV,1,1,0*49
D/mnl_linux(  362): $GPRMC,001536.009,V,8960.0000,N,00000.0000,E,0.000,0.00,010110,,,N*48
D/mnl_linux(  362): $GPVTG,0.00,T,,M,0.000,N,0.000,K,N*32
D/mnl_linux(  362): $GPACCURACY,3162.1*3F
D/MNLD    (  362): send_cmd_ex: slf_send_cmd (13, 0x30)
D/MNLD    (  362): process: epoll_wait() received 1 events
D/MNLD    (  362): sigrcv_handler: args from mnld: 48
D/MNLD    (  362): mnl_set_alarm: (0, 0xF68370B8, 5)
D/MNLD    (  362): process: sigrc_handler: ret = 0
D/MNLD    (  362): mtk_gps_sys_gps_mnl_callback: MTK_GPS_MSG_FIX_READY,GET_RTC_FAIL
D/MNLD    (  362): mtk_gps_sys_gps_mnl_callback: gps_measurement_state = 255 ,state = 2
D/gps_mtk (  799): gps_state_thread: line = 3856received 264 bytes:
D/gps_mtk (  799): nmea_reader_update_time: line = 1585fix_time: 1262304937
D/gps_mtk (  799): nmea_reader_parse: line = 2294r->sv_status.num_svs = 0, gps_nmea_end_tag = 0
D/gps_mtk (  799): nmea_reader_addc: line = 2328start nmea_cb
D/gps_mtk (  799): nmea_reader_parse: line = 2294r->sv_status.num_svs = 0, gps_nmea_end_tag = 0
D/gps_mtk (  799): nmea_reader_addc: line = 2328start nmea_cb
D/gps_mtk (  799): nmea_reader_parse: line = 2207r->sv_count = 0
D/gps_mtk (  799): nmea_reader_parse: line = 2294r->sv_status.num_svs = 0, gps_nmea_end_tag = 0
D/gps_mtk (  799): nmea_reader_addc: line = 2328start nmea_cb
D/gps_mtk (  799): nmea_reader_parse: line = 2294r->sv_status.num_svs = 0, gps_nmea_end_tag = 0
D/gps_mtk (  799): nmea_reader_addc: line = 2328start nmea_cb
D/gps_mtk (  799): nmea_reader_parse: line = 2294r->sv_status.num_svs = 0, gps_nmea_end_tag = 0
D/gps_mtk (  799): nmea_reader_addc: line = 2328start nmea_cb
D/gps_mtk (  799): nmea_reader_parse: line = 2231GPS get accuracy failed, fix mode:1
D/gps_mtk (  799): nmea_reader_parse: line = 2294r->sv_status.num_svs = 0, gps_nmea_end_tag = 1
D/gps_mtk (  799): nmea_reader_addc: line = 2328start nmea_cb
D/mnl_linux(  362): mtk_gps_sys_nmea_output_to_app: $GPGGA,001537.009,8960.0000,N,00000.0000,E,0,0,,137.0,M,13.0,M,,*4A
D/mnl_linux(  362): $GPGSA,A,1,,,,,,,,,,,,,99.99,99.99,99.99*30
D/mnl_linux(  362): $GPGSV,1,1,0*49
D/mnl_linux(  362): $GPRMC,001537.009,V,8960.0000,N,00000.0000,E,0.000,0.00,010110,,,N*49
D/mnl_linux(  362): $GPVTG,0.00,T,,M,0.000,N,0.000,K,N*32
D/mnl_linux(  362): $GPACCURACY,3162.1*3F
D/MNLD    (  362): send_cmd_ex: slf_send_cmd (13, 0x30)
D/MNLD    (  362): process: epoll_wait() received 1 events
D/MNLD    (  362): sigrcv_handler: args from mnld: 48
D/MNLD    (  362): mnl_set_alarm: (0, 0xF68370B8, 5)
D/MNLD    (  362): process: sigrc_handler: ret = 0
D/MNLD    (  362): mtk_gps_sys_gps_mnl_callback: MTK_GPS_MSG_FIX_READY,GET_RTC_FAIL
D/MNLD    (  362): mtk_gps_sys_gps_mnl_callback: gps_measurement_state = 255 ,state = 2
D/gps_mtk (  799): gps_state_thread: line = 3856received 264 bytes:
D/gps_mtk (  799): nmea_reader_update_time: line = 1585fix_time: 1262304938
D/gps_mtk (  799): nmea_reader_parse: line = 2294r->sv_status.num_svs = 0, gps_nmea_end_tag = 0
D/gps_mtk (  799): nmea_reader_addc: line = 2328start nmea_cb
D/gps_mtk (  799): nmea_reader_parse: line = 2294r->sv_status.num_svs = 0, gps_nmea_end_tag = 0
D/gps_mtk (  799): nmea_reader_addc: line = 2328start nmea_cb
D/gps_mtk (  799): nmea_reader_parse: line = 2207r->sv_count = 0
D/gps_mtk (  799): nmea_reader_parse: line = 2294r->sv_status.num_svs = 0, gps_nmea_end_tag = 0
D/gps_mtk (  799): nmea_reader_addc: line = 2328start nmea_cb
D/gps_mtk (  799): nmea_reader_parse: line = 2294r->sv_status.num_svs = 0, gps_nmea_end_tag = 0
D/gps_mtk (  799): nmea_reader_addc: line = 2328start nmea_cb
D/gps_mtk (  799): nmea_reader_parse: line = 2294r->sv_status.num_svs = 0, gps_nmea_end_tag = 0
D/gps_mtk (  799): nmea_reader_addc: line = 2328start nmea_cb
D/gps_mtk (  799): nmea_reader_parse: line = 2231GPS get accuracy failed, fix mode:1
D/gps_mtk (  799): nmea_reader_parse: line = 2294r->sv_status.num_svs = 0, gps_nmea_end_tag = 1
D/gps_mtk (  799): nmea_reader_addc: line = 2328start nmea_cb
D/mnl_linux(  362): mtk_gps_sys_nmea_output_to_app: $GPGGA,001538.009,8960.0000,N,00000.0000,E,0,0,,137.0,M,13.0,M,,*45
D/mnl_linux(  362): $GPGSA,A,1,,,,,,,,,,,,,99.99,99.99,99.99*30
D/mnl_linux(  362): $GPGSV,1,1,0*49
D/mnl_linux(  362): $GPRMC,001538.009,V,8960.0000,N,00000.0000,E,0.000,0.00,010110,,,N*46
D/mnl_linux(  362): $GPVTG,0.00,T,,M,0.000,N,0.000,K,N*32
D/mnl_linux(  362): $GPACCURACY,3162.1*3F
D/MNLD    (  362): send_cmd_ex: slf_send_cmd (13, 0x30)
D/MNLD    (  362): process: epoll_wait() received 1 events
D/MNLD    (  362): sigrcv_handler: args from mnld: 48
D/MNLD    (  362): mnl_set_alarm: (0, 0xF68370B8, 5)
D/MNLD    (  362): process: sigrc_handler: ret = 0
D/MNLD    (  362): mtk_gps_sys_gps_mnl_callback: MTK_GPS_MSG_FIX_READY,GET_RTC_FAIL
D/MNLD    (  362): mtk_gps_sys_gps_mnl_callback: gps_measurement_state = 255 ,state = 2
D/gps_mtk (  799): gps_state_thread: line = 3856received 264 bytes:
D/gps_mtk (  799): nmea_reader_update_time: line = 1585fix_time: 1262304939
D/gps_mtk (  799): nmea_reader_parse: line = 2294r->sv_status.num_svs = 0, gps_nmea_end_tag = 0
D/gps_mtk (  799): nmea_reader_addc: line = 2328start nmea_cb
D/gps_mtk (  799): nmea_reader_parse: line = 2294r->sv_status.num_svs = 0, gps_nmea_end_tag = 0
D/gps_mtk (  799): nmea_reader_addc: line = 2328start nmea_cb
D/gps_mtk (  799): nmea_reader_parse: line = 2207r->sv_count = 0
D/gps_mtk (  799): nmea_reader_parse: line = 2294r->sv_status.num_svs = 0, gps_nmea_end_tag = 0
D/gps_mtk (  799): nmea_reader_addc: line = 2328start nmea_cb
D/gps_mtk (  799): nmea_reader_parse: line = 2294r->sv_status.num_svs = 0, gps_nmea_end_tag = 0
D/gps_mtk (  799): nmea_reader_addc: line = 2328start nmea_cb
D/gps_mtk (  799): nmea_reader_parse: line = 2294r->sv_status.num_svs = 0, gps_nmea_end_tag = 0
D/gps_mtk (  799): nmea_reader_addc: line = 2328start nmea_cb
D/gps_mtk (  799): nmea_reader_parse: line = 2231GPS get accuracy failed, fix mode:1
D/gps_mtk (  799): nmea_reader_parse: line = 2294r->sv_status.num_svs = 0, gps_nmea_end_tag = 1
D/gps_mtk (  799): nmea_reader_addc: line = 2328start nmea_cb
D/mnl_linux(  362): mtk_gps_sys_nmea_output_to_app: $GPGGA,001539.009,8960.0000,N,00000.0000,E,0,0,,137.0,M,13.0,M,,*44
D/mnl_linux(  362): $GPGSA,A,1,,,,,,,,,,,,,99.99,99.99,99.99*30
D/mnl_linux(  362): $GPGSV,1,1,0*49
D/mnl_linux(  362): $GPRMC,001539.009,V,8960.0000,N,00000.0000,E,0.000,0.00,010110,,,N*47
D/mnl_linux(  362): $GPVTG,0.00,T,,M,0.000,N,0.000,K,N*32
D/mnl_linux(  362): $GPACCURACY,3162.1*3F
D/MNLD    (  362): send_cmd_ex: slf_send_cmd (13, 0x30)
D/MNLD    (  362): process: epoll_wait() received 1 events
D/MNLD    (  362): sigrcv_handler: args from mnld: 48
D/MNLD    (  362): mnl_set_alarm: (0, 0xF68370B8, 5)
D/MNLD    (  362): process: sigrc_handler: ret = 0
D/MNLD    (  362): mtk_gps_sys_gps_mnl_callback: MTK_GPS_MSG_FIX_READY,GET_RTC_FAIL
D/MNLD    (  362): mtk_gps_sys_gps_mnl_callback: gps_measurement_state = 255 ,state = 2
D/gps_mtk (  799): gps_state_thread: line = 3856received 264 bytes:
D/gps_mtk (  799): nmea_reader_update_time: line = 1585fix_time: 1262304940
D/gps_mtk (  799): nmea_reader_parse: line = 2294r->sv_status.num_svs = 0, gps_nmea_end_tag = 0
D/gps_mtk (  799): nmea_reader_addc: line = 2328start nmea_cb
D/gps_mtk (  799): nmea_reader_parse: line = 2294r->sv_status.num_svs = 0, gps_nmea_end_tag = 0
D/gps_mtk (  799): nmea_reader_addc: line = 2328start nmea_cb
D/gps_mtk (  799): nmea_reader_parse: line = 2207r->sv_count = 0
D/gps_mtk (  799): nmea_reader_parse: line = 2294r->sv_status.num_svs = 0, gps_nmea_end_tag = 0
D/gps_mtk (  799): nmea_reader_addc: line = 2328start nmea_cb
D/gps_mtk (  799): nmea_reader_parse: line = 2294r->sv_status.num_svs = 0, gps_nmea_end_tag = 0
D/gps_mtk (  799): nmea_reader_addc: line = 2328start nmea_cb
D/gps_mtk (  799): nmea_reader_parse: line = 2294r->sv_status.num_svs = 0, gps_nmea_end_tag = 0
D/gps_mtk (  799): nmea_reader_addc: line = 2328start nmea_cb
D/gps_mtk (  799): nmea_reader_parse: line = 2231GPS get accuracy failed, fix mode:1
D/gps_mtk (  799): nmea_reader_parse: line = 2294r->sv_status.num_svs = 0, gps_nmea_end_tag = 1
D/gps_mtk (  799): nmea_reader_addc: line = 2328start nmea_cb
D/mnl_linux(  362): mtk_gps_sys_nmea_output_to_app: $GPGGA,001540.009,8960.0000,N,00000.0000,E,0,0,,137.0,M,13.0,M,,*4A
D/mnl_linux(  362): $GPGSA,A,1,,,,,,,,,,,,,99.99,99.99,99.99*30
D/mnl_linux(  362): $GPGSV,1,1,0*49
D/mnl_linux(  362): $GPRMC,001540.009,V,8960.0000,N,00000.0000,E,0.000,0.00,010110,,,N*49
D/mnl_linux(  362): $GPVTG,0.00,T,,M,0.000,N,0.000,K,N*32
D/mnl_linux(  362): $GPACCURACY,3162.1*3F
D/MNLD    (  362): send_cmd_ex: slf_send_cmd (13, 0x30)
D/MNLD    (  362): process: epoll_wait() received 1 events
D/MNLD    (  362): sigrcv_handler: args from mnld: 48
D/MNLD    (  362): mnl_set_alarm: (0, 0xF68370B8, 5)
D/MNLD    (  362): process: sigrc_handler: ret = 0
D/MNLD    (  362): mtk_gps_sys_gps_mnl_callback: MTK_GPS_MSG_FIX_READY,GET_RTC_FAIL
D/MNLD    (  362): mtk_gps_sys_gps_mnl_callback: gps_measurement_state = 255 ,state = 2
I/thermal_repeater(  367): oh, queryMdThermalInfo (0)Bad file number
I/thermal_repeater(  367): [recvMdThermalInfo] ret=26, strLen=127,  1, 32767,,, -1, 32767, 18
D/gps_mtk (  799): gps_state_thread: line = 3856received 264 bytes:
D/gps_mtk (  799): nmea_reader_update_time: line = 1585fix_time: 1262304941
D/gps_mtk (  799): nmea_reader_parse: line = 2294r->sv_status.num_svs = 0, gps_nmea_end_tag = 0
D/gps_mtk (  799): nmea_reader_addc: line = 2328start nmea_cb
D/gps_mtk (  799): nmea_reader_parse: line = 2294r->sv_status.num_svs = 0, gps_nmea_end_tag = 0
D/gps_mtk (  799): nmea_reader_addc: line = 2328start nmea_cb
D/gps_mtk (  799): nmea_reader_parse: line = 2207r->sv_count = 0
D/gps_mtk (  799): nmea_reader_parse: line = 2294r->sv_status.num_svs = 0, gps_nmea_end_tag = 0
D/gps_mtk (  799): nmea_reader_addc: line = 2328start nmea_cb
D/gps_mtk (  799): nmea_reader_parse: line = 2294r->sv_status.num_svs = 0, gps_nmea_end_tag = 0
D/gps_mtk (  799): nmea_reader_addc: line = 2328start nmea_cb
D/gps_mtk (  799): nmea_reader_parse: line = 2294r->sv_status.num_svs = 0, gps_nmea_end_tag = 0
D/gps_mtk (  799): nmea_reader_addc: line = 2328start nmea_cb
D/gps_mtk (  799): nmea_reader_parse: line = 2231GPS get accuracy failed, fix mode:1
D/gps_mtk (  799): nmea_reader_parse: line = 2294r->sv_status.num_svs = 0, gps_nmea_end_tag = 1
D/gps_mtk (  799): nmea_reader_addc: line = 2328start nmea_cb
D/mnl_linux(  362): mtk_gps_sys_nmea_output_to_app: $GPGGA,001541.009,8960.0000,N,00000.0000,E,0,0,,137.0,M,13.0,M,,*4B
D/mnl_linux(  362): $GPGSA,A,1,,,,,,,,,,,,,99.99,99.99,99.99*30
D/mnl_linux(  362): $GPGSV,1,1,0*49
D/mnl_linux(  362): $GPRMC,001541.009,V,8960.0000,N,00000.0000,E,0.000,0.00,010110,,,N*48
D/mnl_linux(  362): $GPVTG,0.00,T,,M,0.000,N,0.000,K,N*32
D/mnl_linux(  362): $GPACCURACY,3162.1*3F
D/MNLD    (  362): send_cmd_ex: slf_send_cmd (13, 0x30)
D/MNLD    (  362): process: epoll_wait() received 1 events
D/MNLD    (  362): sigrcv_handler: args from mnld: 48
D/MNLD    (  362): mnl_set_alarm: (0, 0xF68370B8, 5)
D/MNLD    (  362): process: sigrc_handler: ret = 0
D/MNLD    (  362): mtk_gps_sys_gps_mnl_callback: MTK_GPS_MSG_FIX_READY,GET_RTC_FAIL
D/MNLD    (  362): mtk_gps_sys_gps_mnl_callback: gps_measurement_state = 255 ,state = 2
D/AlarmManager(  799): set alarm to RTC 1075346
D/AlarmManager(  799): wakeup alarm = Alarm{2198dba7 type 2 when 899184 com.google.android.gms}; package = com.google.android.gms
V/ActivityManager(  799): Broadcast: Intent { act=ALARM_WAKEUP_LOCATOR flg=0x114 (has extras) } ordered=true userid=0 callerApp=null
D/PowerManagerService(  799): acquireWakeLockInternal: lock=724342868, flags=0x1, tag="NlpWakeLock", ws=null, uid=10009, pid=1533
D/PowerManagerService(  799): updateWakeLockSummaryLocked: mWakefulness=Awake, mWakeLockSummary=0x1
D/PowerManagerService(  799): updateUserActivitySummaryLocked: mWakefulness=Awake, mUserActivitySummary=0x1, nextTimeout=911154 (in 11966 ms)
D/PowerManagerService(  799): mDisplayPowerRequest.policy = 3
D/PowerManagerService(  799): isWfdEnabled() mWfdStatus=WifiDisplayStatus{featureState=0, scanState=0, activeDisplayState=0, activeDisplay=null, displays=[], sessionInfo=WifiDisplaySessionInfo: C/O:Client,GId:,Pp:,SId:0,IP:}, return false
D/DisplayPowerController(  799): requestPowerState: policy=BRIGHT, useProximitySensor=false, screenBrightness=102, screenAutoBrightnessAdjustment=0.0, useAutoBrightness=true, blockScreenOn=false, lowPowerMode=false, boostScreenBrightness=false, dozeScreenBrightness=-1, dozeScreenState=UNKNOWN, waitForNegativeProximity=false
I/PowerManagerService(  799): setBrightness mButtonLight 0.
D/PowerManagerService(  799): updateDisplayPowerStateLocked: mDisplayReady=true, policy=3, mWakefulness=1, mWakeLockSummary=0x1, mUserActivitySummary=0x1, mBootCompleted=true, mScreenBrightnessBoostInProgress=false
D/PowerManagerService(  799): Acquiring suspend blocker "PowerManagerService.WakeLocks".
D/PowerManagerNotifier(  799): onWakeLockAcquired: flags=1, tag="NlpWakeLock", packageName=com.google.android.gms, ownerUid=10009, ownerPid=1533, workSource=null
D/ActivityThread( 1533): BDC-Calling finishReceiver: IIntentReceiver=36ed55c3
I/libPerfService(  799): perfSetFavorPid - pid:3009, bc1
D/AlarmManager(  799): onSendFinished begin
I/libPerfService(  799): perfSetFavorPid - pid:3009, bc1
D/PowerManagerService(  799): acquireWakeLockInternal: lock=975889870, flags=0x1, tag="*alarm*", ws=WorkSource{10058}, uid=1000, pid=799
D/PowerManagerService(  799): updateWakeLockSummaryLocked: mWakefulness=Awake, mWakeLockSummary=0x1
D/PowerManagerService(  799): updateUserActivitySummaryLocked: mWakefulness=Awake, mUserActivitySummary=0x1, nextTimeout=911154 (in 11962 ms)
D/PowerManagerService(  799): mDisplayPowerRequest.policy = 3
D/PowerManagerService(  799): isWfdEnabled() mWfdStatus=WifiDisplayStatus{featureState=0, scanState=0, activeDisplayState=0, activeDisplay=null, displays=[], sessionInfo=WifiDisplaySessionInfo: C/O:Client,GId:,Pp:,SId:0,IP:}, return false
D/DisplayPowerController(  799): requestPowerState: policy=BRIGHT, useProximitySensor=false, screenBrightness=102, screenAutoBrightnessAdjustment=0.0, useAutoBrightness=true, blockScreenOn=false, lowPowerMode=false, boostScreenBrightness=false, dozeScreenBrightness=-1, dozeScreenState=UNKNOWN, waitForNegativeProximity=false
I/PowerManagerService(  799): setBrightness mButtonLight 0.
D/PowerManagerService(  799): updateDisplayPowerStateLocked: mDisplayReady=true, policy=3, mWakefulness=1, mWakeLockSummary=0x1, mUserActivitySummary=0x1, mBootCompleted=true, mScreenBrightnessBoostInProgress=false
D/PowerManagerNotifier(  799): onWakeLockAcquired: flags=1, tag="*alarm*", packageName=android, ownerUid=1000, ownerPid=799, workSource=WorkSource{10058}
D/PowerManagerService(  799): releaseWakeLockInternal: lock=975889870 [*alarm*], flags=0x0, total_time=1ms
D/PowerManagerNotifier(  799): onWakeLockReleased: flags=1, tag="*alarm*", packageName=android, ownerUid=1000, ownerPid=799, workSource=WorkSource{10058}
D/PowerManagerService(  799): updateWakeLockSummaryLocked: mWakefulness=Awake, mWakeLockSummary=0x1
D/PowerManagerService(  799): updateUserActivitySummaryLocked: mWakefulness=Awake, mUserActivitySummary=0x1, nextTimeout=911154 (in 11960 ms)
D/PowerManagerService(  799): mDisplayPowerRequest.policy = 3
D/PowerManagerService(  799): isWfdEnabled() mWfdStatus=WifiDisplayStatus{featureState=0, scanState=0, activeDisplayState=0, activeDisplay=null, displays=[], sessionInfo=WifiDisplaySessionInfo: C/O:Client,GId:,Pp:,SId:0,IP:}, return false
D/DisplayPowerController(  799): requestPowerState: policy=BRIGHT, useProximitySensor=false, screenBrightness=102, screenAutoBrightnessAdjustment=0.0, useAutoBrightness=true, blockScreenOn=false, lowPowerMode=false, boostScreenBrightness=false, dozeScreenBrightness=-1, dozeScreenState=UNKNOWN, waitForNegativeProximity=false
I/PowerManagerService(  799): setBrightness mButtonLight 0.
D/PowerManagerService(  799): updateDisplayPowerStateLocked: mDisplayReady=true, policy=3, mWakefulness=1, mWakeLockSummary=0x1, mUserActivitySummary=0x1, mBootCompleted=true, mScreenBrightnessBoostInProgress=false
D/PowerManagerService(  799): acquireWakeLockInternal: lock=743782532, flags=0x1, tag="NlpWakeLock", ws=WorkSource{10058 com.mediatek.nlpservice}, uid=10009, pid=1533
D/PowerManagerService(  799): updateWakeLockSummaryLocked: mWakefulness=Awake, mWakeLockSummary=0x1
D/PowerManagerService(  799): updateUserActivitySummaryLocked: mWakefulness=Awake, mUserActivitySummary=0x1, nextTimeout=911154 (in 11953 ms)
D/PowerManagerService(  799): mDisplayPowerRequest.policy = 3
D/PowerManagerService(  799): isWfdEnabled() mWfdStatus=WifiDisplayStatus{featureState=0, scanState=0, activeDisplayState=0, activeDisplay=null, displays=[], sessionInfo=WifiDisplaySessionInfo: C/O:Client,GId:,Pp:,SId:0,IP:}, return false
D/DisplayPowerController(  799): requestPowerState: policy=BRIGHT, useProximitySensor=false, screenBrightness=102, screenAutoBrightnessAdjustment=0.0, useAutoBrightness=true, blockScreenOn=false, lowPowerMode=false, boostScreenBrightness=false, dozeScreenBrightness=-1, dozeScreenState=UNKNOWN, waitForNegativeProximity=false
I/PowerManagerService(  799): setBrightness mButtonLight 0.
D/PowerManagerService(  799): updateDisplayPowerStateLocked: mDisplayReady=true, policy=3, mWakefulness=1, mWakeLockSummary=0x1, mUserActivitySummary=0x1, mBootCompleted=true, mScreenBrightnessBoostInProgress=false
D/PowerManagerNotifier(  799): onWakeLockAcquired: flags=1, tag="NlpWakeLock", packageName=com.google.android.gms, ownerUid=10009, ownerPid=1533, workSource=WorkSource{10058 com.mediatek.nlpservice}
D/WifiService(  799): acquireWifiLock, pid:1533, uid:10009
D/WifiService(  799): acquireWifiLockLocked: WifiLock{NlpWifiLock type=2 binder=android.os.BinderProxy@2d3a0d33}
D/WifiController(  799): ApStaDisabledState{ when=0 what=155654 target=com.android.internal.util.StateMachine$SmHandler }
D/WifiController(  799): DefaultState{ when=-1ms what=155654 target=com.android.internal.util.StateMachine$SmHandler }
V/AlarmManager(  799): isAlarmNeedAlign : charging
D/AlarmManager(  799): set alarm to RTC 904204
D/PowerManagerService(  799): releaseWakeLockInternal: lock=724342868 [NlpWakeLock], flags=0x0, total_time=18ms
D/PowerManagerNotifier(  799): onWakeLockReleased: flags=1, tag="NlpWakeLock", packageName=com.google.android.gms, ownerUid=10009, ownerPid=1533, workSource=null
D/PowerManagerService(  799): updateWakeLockSummaryLocked: mWakefulness=Awake, mWakeLockSummary=0x1
D/PowerManagerService(  799): updateUserActivitySummaryLocked: mWakefulness=Awake, mUserActivitySummary=0x1, nextTimeout=911154 (in 11947 ms)
D/PowerManagerService(  799): mDisplayPowerRequest.policy = 3
D/PowerManagerService(  799): isWfdEnabled() mWfdStatus=WifiDisplayStatus{featureState=0, scanState=0, activeDisplayState=0, activeDisplay=null, displays=[], sessionInfo=WifiDisplaySessionInfo: C/O:Client,GId:,Pp:,SId:0,IP:}, return false
D/DisplayPowerController(  799): requestPowerState: policy=BRIGHT, useProximitySensor=false, screenBrightness=102, screenAutoBrightnessAdjustment=0.0, useAutoBrightness=true, blockScreenOn=false, lowPowerMode=false, boostScreenBrightness=false, dozeScreenBrightness=-1, dozeScreenState=UNKNOWN, waitForNegativeProximity=false
I/PowerManagerService(  799): setBrightness mButtonLight 0.
D/PowerManagerService(  799): updateDisplayPowerStateLocked: mDisplayReady=true, policy=3, mWakefulness=1, mWakeLockSummary=0x1, mUserActivitySummary=0x1, mBootCompleted=true, mScreenBrightnessBoostInProgress=false
D/GsmCellLocation( 1432): fillInNotifierBundle:Bundle[{cid=3863, lac=9771, psc=-1, type=1}]
D/PhoneInterfaceManager( 1432): [PhoneIntfMgr] phone.getGsmCellLocation:Bundle[{cid=3863, lac=9771, psc=-1, type=1}]
E/CellLocation( 1533): create GsmCellLocation
V/SettingsInterface( 1432):  from settings cache , name = multi_sim_data_call , value = null
V/SettingsInterface( 1432):  from settings cache , name = multi_sim_sms , value = null
V/SettingsInterface( 1432):  from settings cache , name = multi_sim_voice_call , value = null
V/SettingsInterface( 1432):  from settings cache , name = multi_sim_voice_call , value = null
V/SettingsInterface( 1432):  from settings cache , name = multi_sim_voice_call , value = null
W/System.err( 1432): java.lang.NullPointerException: Attempt to invoke interface method 'android.telephony.ServiceState com.android.internal.telephony.Phone.getServiceState()' on a null object reference
W/System.err( 1432): 	at com.android.phone.PhoneInterfaceManager.getDataNetworkTypeForSubscriber(PhoneInterfaceManager.java:1899)
W/System.err( 1432): 	at com.android.phone.PhoneInterfaceManager.getDataNetworkType(PhoneInterfaceManager.java:1877)
W/System.err( 1432): 	at com.android.internal.telephony.ITelephony$Stub.onTransact(ITelephony.java:642)
W/System.err( 1432): 	at android.os.Binder.execTransact(Binder.java:451)
V/SettingsInterface( 1432):  from settings cache , name = multi_sim_voice_call , value = null
D/PowerManagerService(  799): acquireWakeLockInternal: lock=299986271, flags=0x1, tag="RILJ", ws=null, uid=1001, pid=1432
D/PowerManagerService(  799): updateWakeLockSummaryLocked: mWakefulness=Awake, mWakeLockSummary=0x1
D/PowerManagerService(  799): updateUserActivitySummaryLocked: mWakefulness=Awake, mUserActivitySummary=0x1, nextTimeout=911154 (in 11929 ms)
D/PowerManagerService(  799): mDisplayPowerRequest.policy = 3
D/PowerManagerService(  799): isWfdEnabled() mWfdStatus=WifiDisplayStatus{featureState=0, scanState=0, activeDisplayState=0, activeDisplay=null, displays=[], sessionInfo=WifiDisplaySessionInfo: C/O:Client,GId:,Pp:,SId:0,IP:}, return false
D/DisplayPowerController(  799): requestPowerState: policy=BRIGHT, useProximitySensor=false, screenBrightness=102, screenAutoBrightnessAdjustment=0.0, useAutoBrightness=true, blockScreenOn=false, lowPowerMode=false, boostScreenBrightness=false, dozeScreenBrightness=-1, dozeScreenState=UNKNOWN, waitForNegativeProximity=false
I/PowerManagerService(  799): setBrightness mButtonLight 0.
D/PowerManagerService(  799): updateDisplayPowerStateLocked: mDisplayReady=true, policy=3, mWakefulness=1, mWakeLockSummary=0x1, mUserActivitySummary=0x1, mBootCompleted=true, mScreenBrightnessBoostInProgress=false
D/PowerManagerNotifier(  799): onWakeLockAcquired: flags=1, tag="RILJ", packageName=com.android.phone, ownerUid=1001, ownerPid=1432, workSource=null
D/PowerManagerService(  799): releaseWakeLockInternal: lock=299986271 [RILJ], flags=0x0, total_time=22ms
D/PowerManagerNotifier(  799): onWakeLockReleased: flags=1, tag="RILJ", packageName=com.android.phone, ownerUid=1001, ownerPid=1432, workSource=null
D/PowerManagerService(  799): updateWakeLockSummaryLocked: mWakefulness=Awake, mWakeLockSummary=0x1
D/PowerManagerService(  799): updateUserActivitySummaryLocked: mWakefulness=Awake, mUserActivitySummary=0x1, nextTimeout=911154 (in 11906 ms)
D/PowerManagerService(  799): mDisplayPowerRequest.policy = 3
D/PowerManagerService(  799): isWfdEnabled() mWfdStatus=WifiDisplayStatus{featureState=0, scanState=0, activeDisplayState=0, activeDisplay=null, displays=[], sessionInfo=WifiDisplaySessionInfo: C/O:Client,GId:,Pp:,SId:0,IP:}, return false
D/DisplayPowerController(  799): requestPowerState: policy=BRIGHT, useProximitySensor=false, screenBrightness=102, screenAutoBrightnessAdjustment=0.0, useAutoBrightness=true, blockScreenOn=false, lowPowerMode=false, boostScreenBrightness=false, dozeScreenBrightness=-1, dozeScreenState=UNKNOWN, waitForNegativeProximity=false
I/PowerManagerService(  799): setBrightness mButtonLight 0.
D/PowerManagerService(  799): updateDisplayPowerStateLocked: mDisplayReady=true, policy=3, mWakefulness=1, mWakeLockSummary=0x1, mUserActivitySummary=0x1, mBootCompleted=true, mScreenBrightnessBoostInProgress=false
D/PowerManagerService(  799): acquireWakeLockInternal: lock=299986271, flags=0x1, tag="RILJ", ws=null, uid=1001, pid=1432
D/PowerManagerService(  799): updateWakeLockSummaryLocked: mWakefulness=Awake, mWakeLockSummary=0x1
D/PowerManagerService(  799): updateUserActivitySummaryLocked: mWakefulness=Awake, mUserActivitySummary=0x1, nextTimeout=911154 (in 11893 ms)
D/PowerManagerService(  799): mDisplayPowerRequest.policy = 3
